Archive member included to satisfy reference by file (symbol)

../../../libtock/build/cortex-m4/libtock.a(alarm_timer.o)
                              build/cortex-m4/main.o (timer_every)
../../../libtock/build/cortex-m4/libtock.a(crt0.o)
                              (_start)
../../../libtock/build/cortex-m4/libtock.a(gpio.o)
                              build/cortex-m4/main.o (gpio_enable_input)
../../../libtock/build/cortex-m4/libtock.a(tock.o)
                              ../../../libtock/build/cortex-m4/libtock.a(alarm_timer.o) (tock_enqueue)
../../../libtock/build/cortex-m4/libtock.a(alarm_internal.o)
                              ../../../libtock/build/cortex-m4/libtock.a(alarm_timer.o) (alarm_internal_subscribe)
../../../newlib/cortex-m/libc.a(lib_a-exit.o)
                              ../../../libtock/build/cortex-m4/libtock.a(tock.o) (exit)
../../../newlib/cortex-m/libc.a(lib_a-impure.o)
                              ../../../newlib/cortex-m/libc.a(lib_a-exit.o) (_global_impure_ptr)
../../../newlib/cortex-m/libc.a(lib_a-memcpy-stub.o)
                              ../../../libtock/build/cortex-m4/libtock.a(crt0.o) (memcpy)
../../../newlib/cortex-m/libc.a(lib_a-memset.o)
                              ../../../libtock/build/cortex-m4/libtock.a(crt0.o) (memset)
../../../newlib/cortex-m/libc.a(lib_a-printf.o)
                              build/cortex-m4/main.o (printf)
../../../newlib/cortex-m/libc.a(lib_a-puts.o)
                              build/cortex-m4/main.o (puts)
../../../newlib/cortex-m/libc.a(lib_a-wbuf.o)
                              ../../../newlib/cortex-m/libc.a(lib_a-puts.o) (__swbuf_r)
../../../newlib/cortex-m/libc.a(lib_a-wsetup.o)
                              ../../../newlib/cortex-m/libc.a(lib_a-puts.o) (__swsetup_r)
../../../newlib/cortex-m/libc.a(lib_a-fflush.o)
                              ../../../newlib/cortex-m/libc.a(lib_a-wbuf.o) (_fflush_r)
../../../newlib/cortex-m/libc.a(lib_a-findfp.o)
                              ../../../newlib/cortex-m/libc.a(lib_a-printf.o) (__sinit)
../../../newlib/cortex-m/libc.a(lib_a-fwalk.o)
                              ../../../newlib/cortex-m/libc.a(lib_a-findfp.o) (_fwalk)
../../../newlib/cortex-m/libc.a(lib_a-makebuf.o)
                              ../../../newlib/cortex-m/libc.a(lib_a-wsetup.o) (__smakebuf_r)
../../../newlib/cortex-m/libc.a(lib_a-nano-freer.o)
                              ../../../newlib/cortex-m/libc.a(lib_a-wsetup.o) (_free_r)
../../../newlib/cortex-m/libc.a(lib_a-nano-mallocr.o)
                              ../../../newlib/cortex-m/libc.a(lib_a-findfp.o) (_malloc_r)
../../../newlib/cortex-m/libc.a(lib_a-nano-vfprintf.o)
                              ../../../newlib/cortex-m/libc.a(lib_a-printf.o) (_vfprintf_r)
../../../newlib/cortex-m/libc.a(lib_a-sbrkr.o)
                              ../../../newlib/cortex-m/libc.a(lib_a-nano-mallocr.o) (_sbrk_r)
../../../newlib/cortex-m/libc.a(lib_a-stdio.o)
                              ../../../newlib/cortex-m/libc.a(lib_a-findfp.o) (__sread)
../../../newlib/cortex-m/libc.a(lib_a-writer.o)
                              ../../../newlib/cortex-m/libc.a(lib_a-stdio.o) (_write_r)
../../../newlib/cortex-m/libc.a(lib_a-closer.o)
                              ../../../newlib/cortex-m/libc.a(lib_a-stdio.o) (_close_r)
../../../newlib/cortex-m/libc.a(lib_a-fstatr.o)
                              ../../../newlib/cortex-m/libc.a(lib_a-makebuf.o) (_fstat_r)
../../../newlib/cortex-m/libc.a(lib_a-fvwrite.o)
                              ../../../newlib/cortex-m/libc.a(lib_a-nano-vfprintf.o) (__sfvwrite_r)
../../../newlib/cortex-m/libc.a(lib_a-isattyr.o)
                              ../../../newlib/cortex-m/libc.a(lib_a-makebuf.o) (_isatty_r)
../../../newlib/cortex-m/libc.a(lib_a-lseekr.o)
                              ../../../newlib/cortex-m/libc.a(lib_a-stdio.o) (_lseek_r)
../../../newlib/cortex-m/libc.a(lib_a-memchr-stub.o)
                              ../../../newlib/cortex-m/libc.a(lib_a-nano-vfprintf.o) (memchr)
../../../newlib/cortex-m/libc.a(lib_a-memmove.o)
                              ../../../newlib/cortex-m/libc.a(lib_a-fvwrite.o) (memmove)
../../../newlib/cortex-m/libc.a(lib_a-mlock.o)
                              ../../../newlib/cortex-m/libc.a(lib_a-nano-freer.o) (__malloc_lock)
../../../newlib/cortex-m/libc.a(lib_a-nano-reallocr.o)
                              ../../../newlib/cortex-m/libc.a(lib_a-fvwrite.o) (_realloc_r)
../../../newlib/cortex-m/libc.a(lib_a-nano-vfprintf_i.o)
                              ../../../newlib/cortex-m/libc.a(lib_a-nano-vfprintf.o) (_printf_i)
../../../newlib/cortex-m/libc.a(lib_a-readr.o)
                              ../../../newlib/cortex-m/libc.a(lib_a-stdio.o) (_read_r)
../../../newlib/cortex-m/libc.a(lib_a-reent.o)
                              ../../../newlib/cortex-m/libc.a(lib_a-sbrkr.o) (errno)
../../../newlib/cortex-m/libc.a(lib_a-nano-msizer.o)
                              ../../../newlib/cortex-m/libc.a(lib_a-nano-reallocr.o) (_malloc_usable_size_r)
../../../libc++/cortex-m/libgcc.a(_udivsi3.o)
                              ../../../newlib/cortex-m/libc.a(lib_a-nano-vfprintf_i.o) (__aeabi_uidiv)
../../../libc++/cortex-m/libgcc.a(_divsi3.o)
                              ../../../newlib/cortex-m/libc.a(lib_a-fvwrite.o) (__aeabi_idiv)
../../../libc++/cortex-m/libgcc.a(_dvmd_tls.o)
                              ../../../libc++/cortex-m/libgcc.a(_udivsi3.o) (__aeabi_idiv0)
../../../libtock/build/cortex-m4/libtock.a(sys.o)
                              ../../../newlib/cortex-m/libc.a(lib_a-isattyr.o) (_isatty)
../../../libtock/build/cortex-m4/libtock.a(console.o)
                              ../../../libtock/build/cortex-m4/libtock.a(sys.o) (putnstr)
../../../newlib/cortex-m/libc.a(lib_a-errno.o)
                              ../../../libtock/build/cortex-m4/libtock.a(sys.o) (__errno)
../../../newlib/cortex-m/libc.a(lib_a-malloc.o)
                              ../../../libtock/build/cortex-m4/libtock.a(console.o) (malloc)
../../../newlib/cortex-m/libc.a(lib_a-strncpy.o)
                              ../../../libtock/build/cortex-m4/libtock.a(console.o) (strncpy)

Allocating common symbols
Common symbol       size              file

errno               0x4               ../../../newlib/cortex-m/libc.a(lib_a-reent.o)

Discarded input sections

 .text          0x0000000000000000        0x0 build/cortex-m4/main.o
 .text          0x0000000000000000        0x0 ../../../libtock/build/cortex-m4/libtock.a(alarm_timer.o)
 .text.delay_cb.6398
                0x0000000000000000        0x6 ../../../libtock/build/cortex-m4/libtock.a(alarm_timer.o)
 .text.yield_for_timeout_cb.6410
                0x0000000000000000        0x6 ../../../libtock/build/cortex-m4/libtock.a(alarm_timer.o)
 .text.alarm_cancel
                0x0000000000000000       0x34 ../../../libtock/build/cortex-m4/libtock.a(alarm_timer.o)
 .text.timer_in
                0x0000000000000000       0x3e ../../../libtock/build/cortex-m4/libtock.a(alarm_timer.o)
 .text.timer_cancel
                0x0000000000000000        0x6 ../../../libtock/build/cortex-m4/libtock.a(alarm_timer.o)
 .text.delay_ms
                0x0000000000000000       0x2c ../../../libtock/build/cortex-m4/libtock.a(alarm_timer.o)
 .text.yield_for_with_timeout
                0x0000000000000000       0x48 ../../../libtock/build/cortex-m4/libtock.a(alarm_timer.o)
 .text          0x0000000000000000        0x0 ../../../libtock/build/cortex-m4/libtock.a(crt0.o)
 .text          0x0000000000000000        0x0 ../../../libtock/build/cortex-m4/libtock.a(gpio.o)
 .text.gpio_enable_output
                0x0000000000000000        0xc ../../../libtock/build/cortex-m4/libtock.a(gpio.o)
 .text.gpio_set
                0x0000000000000000        0xc ../../../libtock/build/cortex-m4/libtock.a(gpio.o)
 .text.gpio_clear
                0x0000000000000000        0xc ../../../libtock/build/cortex-m4/libtock.a(gpio.o)
 .text.gpio_toggle
                0x0000000000000000        0xc ../../../libtock/build/cortex-m4/libtock.a(gpio.o)
 .text.gpio_enable_interrupt
                0x0000000000000000        0xc ../../../libtock/build/cortex-m4/libtock.a(gpio.o)
 .text.gpio_disable_interrupt
                0x0000000000000000        0xc ../../../libtock/build/cortex-m4/libtock.a(gpio.o)
 .text.gpio_disable
                0x0000000000000000        0xc ../../../libtock/build/cortex-m4/libtock.a(gpio.o)
 .text.gpio_interrupt_callback
                0x0000000000000000        0xc ../../../libtock/build/cortex-m4/libtock.a(gpio.o)
 .text          0x0000000000000000        0x0 ../../../libtock/build/cortex-m4/libtock.a(tock.o)
 .text.tock_app_memory_begins_at
                0x0000000000000000        0x8 ../../../libtock/build/cortex-m4/libtock.a(tock.o)
 .text.tock_app_memory_ends_at
                0x0000000000000000        0x8 ../../../libtock/build/cortex-m4/libtock.a(tock.o)
 .text.tock_app_flash_begins_at
                0x0000000000000000        0x8 ../../../libtock/build/cortex-m4/libtock.a(tock.o)
 .text.tock_app_flash_ends_at
                0x0000000000000000        0x8 ../../../libtock/build/cortex-m4/libtock.a(tock.o)
 .text.tock_app_grant_begins_at
                0x0000000000000000        0x8 ../../../libtock/build/cortex-m4/libtock.a(tock.o)
 .text.tock_app_number_writeable_flash_regions
                0x0000000000000000        0x8 ../../../libtock/build/cortex-m4/libtock.a(tock.o)
 .text.tock_app_writeable_flash_region_begins_at
                0x0000000000000000        0x8 ../../../libtock/build/cortex-m4/libtock.a(tock.o)
 .text.tock_app_writeable_flash_region_ends_at
                0x0000000000000000        0x8 ../../../libtock/build/cortex-m4/libtock.a(tock.o)
 .text.driver_exists
                0x0000000000000000       0x12 ../../../libtock/build/cortex-m4/libtock.a(tock.o)
 .text.tock_strerror
                0x0000000000000000       0x94 ../../../libtock/build/cortex-m4/libtock.a(tock.o)
 .text.tock_expect
                0x0000000000000000       0x50 ../../../libtock/build/cortex-m4/libtock.a(tock.o)
 .rodata.tock_expect.str1.1
                0x0000000000000000       0x65 ../../../libtock/build/cortex-m4/libtock.a(tock.o)
 .rodata.tock_strerror.str1.1
                0x0000000000000000      0x1aa ../../../libtock/build/cortex-m4/libtock.a(tock.o)
 .text          0x0000000000000000        0x0 ../../../libtock/build/cortex-m4/libtock.a(alarm_internal.o)
 .text.alarm_internal_stop
                0x0000000000000000        0xc ../../../libtock/build/cortex-m4/libtock.a(alarm_internal.o)
 .text          0x0000000000000000        0x0 ../../../newlib/cortex-m/libc.a(lib_a-exit.o)
 .text.exit     0x0000000000000000       0x38 ../../../newlib/cortex-m/libc.a(lib_a-exit.o)
 .text          0x0000000000000000        0x0 ../../../newlib/cortex-m/libc.a(lib_a-impure.o)
 .text          0x0000000000000000        0x0 ../../../newlib/cortex-m/libc.a(lib_a-memcpy-stub.o)
 .text          0x0000000000000000        0x0 ../../../newlib/cortex-m/libc.a(lib_a-memset.o)
 .text          0x0000000000000000        0x0 ../../../newlib/cortex-m/libc.a(lib_a-printf.o)
 .text._printf_r
                0x0000000000000000       0x2c ../../../newlib/cortex-m/libc.a(lib_a-printf.o)
 .text          0x0000000000000000        0x0 ../../../newlib/cortex-m/libc.a(lib_a-puts.o)
 .text          0x0000000000000000        0x0 ../../../newlib/cortex-m/libc.a(lib_a-wbuf.o)
 .text.__swbuf  0x0000000000000000       0x20 ../../../newlib/cortex-m/libc.a(lib_a-wbuf.o)
 .text          0x0000000000000000        0x0 ../../../newlib/cortex-m/libc.a(lib_a-wsetup.o)
 .text          0x0000000000000000        0x0 ../../../newlib/cortex-m/libc.a(lib_a-fflush.o)
 .text.fflush   0x0000000000000000       0x40 ../../../newlib/cortex-m/libc.a(lib_a-fflush.o)
 .text          0x0000000000000000        0x0 ../../../newlib/cortex-m/libc.a(lib_a-findfp.o)
 .text.__fp_unlock
                0x0000000000000000        0x4 ../../../newlib/cortex-m/libc.a(lib_a-findfp.o)
 .text.__fp_lock
                0x0000000000000000        0x4 ../../../newlib/cortex-m/libc.a(lib_a-findfp.o)
 .text._cleanup
                0x0000000000000000       0x18 ../../../newlib/cortex-m/libc.a(lib_a-findfp.o)
 .text.__fp_lock_all
                0x0000000000000000       0x30 ../../../newlib/cortex-m/libc.a(lib_a-findfp.o)
 .text.__fp_unlock_all
                0x0000000000000000       0x30 ../../../newlib/cortex-m/libc.a(lib_a-findfp.o)
 .text          0x0000000000000000        0x0 ../../../newlib/cortex-m/libc.a(lib_a-fwalk.o)
 .text._fwalk   0x0000000000000000       0x3a ../../../newlib/cortex-m/libc.a(lib_a-fwalk.o)
 .text          0x0000000000000000        0x0 ../../../newlib/cortex-m/libc.a(lib_a-makebuf.o)
 .text          0x0000000000000000        0x0 ../../../newlib/cortex-m/libc.a(lib_a-nano-freer.o)
 .text          0x0000000000000000        0x0 ../../../newlib/cortex-m/libc.a(lib_a-nano-mallocr.o)
 .text          0x0000000000000000        0x0 ../../../newlib/cortex-m/libc.a(lib_a-nano-vfprintf.o)
 .text.__sprint_r
                0x0000000000000000       0x1c ../../../newlib/cortex-m/libc.a(lib_a-nano-vfprintf.o)
 .text.vfprintf
                0x0000000000000000       0x24 ../../../newlib/cortex-m/libc.a(lib_a-nano-vfprintf.o)
 .text          0x0000000000000000        0x0 ../../../newlib/cortex-m/libc.a(lib_a-sbrkr.o)
 .text          0x0000000000000000        0x0 ../../../newlib/cortex-m/libc.a(lib_a-stdio.o)
 .text.__seofread
                0x0000000000000000        0x4 ../../../newlib/cortex-m/libc.a(lib_a-stdio.o)
 .text          0x0000000000000000        0x0 ../../../newlib/cortex-m/libc.a(lib_a-writer.o)
 .text          0x0000000000000000        0x0 ../../../newlib/cortex-m/libc.a(lib_a-closer.o)
 .text          0x0000000000000000        0x0 ../../../newlib/cortex-m/libc.a(lib_a-fstatr.o)
 .text          0x0000000000000000        0x0 ../../../newlib/cortex-m/libc.a(lib_a-fvwrite.o)
 .text.__sfvwrite_r
                0x0000000000000000      0x2c4 ../../../newlib/cortex-m/libc.a(lib_a-fvwrite.o)
 .text          0x0000000000000000        0x0 ../../../newlib/cortex-m/libc.a(lib_a-isattyr.o)
 .text          0x0000000000000000        0x0 ../../../newlib/cortex-m/libc.a(lib_a-lseekr.o)
 .text          0x0000000000000000        0x0 ../../../newlib/cortex-m/libc.a(lib_a-memchr-stub.o)
 .text          0x0000000000000000        0x0 ../../../newlib/cortex-m/libc.a(lib_a-memmove.o)
 .text.memmove  0x0000000000000000       0x24 ../../../newlib/cortex-m/libc.a(lib_a-memmove.o)
 .text          0x0000000000000000        0x0 ../../../newlib/cortex-m/libc.a(lib_a-mlock.o)
 .text          0x0000000000000000        0x0 ../../../newlib/cortex-m/libc.a(lib_a-nano-reallocr.o)
 .text._realloc_r
                0x0000000000000000       0x4c ../../../newlib/cortex-m/libc.a(lib_a-nano-reallocr.o)
 .text          0x0000000000000000        0x0 ../../../newlib/cortex-m/libc.a(lib_a-nano-vfprintf_i.o)
 .text          0x0000000000000000        0x0 ../../../newlib/cortex-m/libc.a(lib_a-readr.o)
 .text          0x0000000000000000        0x0 ../../../newlib/cortex-m/libc.a(lib_a-reent.o)
 .text.cleanup_glue
                0x0000000000000000       0x1a ../../../newlib/cortex-m/libc.a(lib_a-reent.o)
 .text._reclaim_reent
                0x0000000000000000       0xd8 ../../../newlib/cortex-m/libc.a(lib_a-reent.o)
 .text          0x0000000000000000        0x0 ../../../newlib/cortex-m/libc.a(lib_a-nano-msizer.o)
 .text._malloc_usable_size_r
                0x0000000000000000       0x10 ../../../newlib/cortex-m/libc.a(lib_a-nano-msizer.o)
 .text          0x0000000000000000       0xc0 ../../../libc++/cortex-m/libgcc.a(_divsi3.o)
 .text          0x0000000000000000        0x0 ../../../libtock/build/cortex-m4/libtock.a(sys.o)
 .text._unlink  0x0000000000000000        0x6 ../../../libtock/build/cortex-m4/libtock.a(sys.o)
 .text._open    0x0000000000000000        0xa ../../../libtock/build/cortex-m4/libtock.a(sys.o)
 .text._exit    0x0000000000000000        0x2 ../../../libtock/build/cortex-m4/libtock.a(sys.o)
 .text._getpid  0x0000000000000000        0x4 ../../../libtock/build/cortex-m4/libtock.a(sys.o)
 .text._kill    0x0000000000000000        0x6 ../../../libtock/build/cortex-m4/libtock.a(sys.o)
 .text          0x0000000000000000        0x0 ../../../libtock/build/cortex-m4/libtock.a(console.o)
 .text.getnstr_cb
                0x0000000000000000       0x14 ../../../libtock/build/cortex-m4/libtock.a(console.o)
 .text.getnstr_async
                0x0000000000000000       0x3a ../../../libtock/build/cortex-m4/libtock.a(console.o)
 .text.getnstr  0x0000000000000000       0x38 ../../../libtock/build/cortex-m4/libtock.a(console.o)
 .text.getch    0x0000000000000000       0x1c ../../../libtock/build/cortex-m4/libtock.a(console.o)
 .text.getnstr_abort
                0x0000000000000000        0xc ../../../libtock/build/cortex-m4/libtock.a(console.o)
 .text          0x0000000000000000        0x0 ../../../newlib/cortex-m/libc.a(lib_a-errno.o)
 .text          0x0000000000000000        0x0 ../../../newlib/cortex-m/libc.a(lib_a-malloc.o)
 .text          0x0000000000000000        0x0 ../../../newlib/cortex-m/libc.a(lib_a-strncpy.o)

Memory Configuration

Name             Origin             Length             Attributes
FLASH            0x0000000080000000 0x0000000000040000 xr
SRAM             0x0000000000000000 0x0000000000010000 xrw
*default*        0x0000000000000000 0xffffffffffffffff

Linker script and memory map

                0x0000000000000800                STACK_SIZE = 0x800
                0x0000000000000400                APP_HEAP_SIZE = 0x400
                0x0000000000000400                KERNEL_HEAP_SIZE = 0x400
START GROUP
LOAD build/cortex-m4/main.o
LOAD ../../../libtock/build/cortex-m4/libtock.a
LOAD ../../../newlib/cortex-m/libc.a
LOAD ../../../newlib/cortex-m/libm.a
LOAD ../../../libc++/cortex-m/libstdc++.a
LOAD ../../../libc++/cortex-m/libsupc++.a
LOAD ../../../libc++/cortex-m/libgcc.a
END GROUP
                0x0000000000040000                PROG_LENGTH = 0x40000
                0x0000000000010000                RAM_LENGTH = 0x10000

.crt0_header    0x0000000080000000       0x28
                0x0000000080000000                _beginning = .
                0x0000000080000000        0x4 LONG 0x18c0 (LOADADDR (.got) - _beginning)
                0x0000000080000004        0x4 LONG 0x0 _got
                0x0000000080000008        0x4 LONG 0xa4 SIZEOF (.got)
                0x000000008000000c        0x4 LONG 0x1964 (LOADADDR (.data) - _beginning)
                0x0000000080000010        0x4 LONG 0xa4 _data
                0x0000000080000014        0x4 LONG 0x70 SIZEOF (.data)
                0x0000000080000018        0x4 LONG 0x114 _bss
                0x000000008000001c        0x4 LONG 0x16c SIZEOF (.bss)
                0x0000000080000020        0x4 LONG 0x19d4 (LOADADDR (.endflash) - _beginning)
                0x0000000080000024        0x4 LONG 0x800 STACK_SIZE

.wfr.app_state  0x0000000080000028        0x0
 *(.app_state)
                0x0000000080000028                . = ALIGN (0x4)

.text           0x0000000080000028     0x1898
                0x0000000080000028                . = ALIGN (0x4)
                0x0000000080000028                _text = .
 *(.start)
 .start         0x0000000080000028       0x48 ../../../libtock/build/cortex-m4/libtock.a(crt0.o)
                0x0000000080000028                _start
 *(.text*)
 .text.timer_cb
                0x0000000080000070       0x18 build/cortex-m4/main.o
 .text.startup.main
                0x0000000080000088       0x88 build/cortex-m4/main.o
                0x0000000080000088                main
 .text.alarm_read
                0x0000000080000110        0xc ../../../libtock/build/cortex-m4/libtock.a(alarm_timer.o)
                0x0000000080000110                alarm_read
 .text.alarm_at
                0x000000008000011c       0x78 ../../../libtock/build/cortex-m4/libtock.a(alarm_timer.o)
                0x000000008000011c                alarm_at
 .text.repeating_cb
                0x0000000080000194       0x34 ../../../libtock/build/cortex-m4/libtock.a(alarm_timer.o)
 .text.callback
                0x00000000800001c8       0x54 ../../../libtock/build/cortex-m4/libtock.a(alarm_timer.o)
 .text.timer_every
                0x000000008000021c       0x4c ../../../libtock/build/cortex-m4/libtock.a(alarm_timer.o)
                0x000000008000021c                timer_every
 .text._c_start
                0x0000000080000268       0x80 ../../../libtock/build/cortex-m4/libtock.a(crt0.o)
                0x0000000080000268                _c_start
 .text.gpio_enable_input
                0x00000000800002e8        0xc ../../../libtock/build/cortex-m4/libtock.a(gpio.o)
                0x00000000800002e8                gpio_enable_input
 .text.gpio_read
                0x00000000800002f4        0xc ../../../libtock/build/cortex-m4/libtock.a(gpio.o)
                0x00000000800002f4                gpio_read
 .text.tock_enqueue
                0x0000000080000300       0x60 ../../../libtock/build/cortex-m4/libtock.a(tock.o)
                0x0000000080000300                tock_enqueue
 .text.yield    0x0000000080000360       0x58 ../../../libtock/build/cortex-m4/libtock.a(tock.o)
                0x0000000080000360                yield
 .text.yield_for
                0x00000000800003b8       0x10 ../../../libtock/build/cortex-m4/libtock.a(tock.o)
                0x00000000800003b8                yield_for
 .text.subscribe
                0x00000000800003c8        0x4 ../../../libtock/build/cortex-m4/libtock.a(tock.o)
                0x00000000800003c8                subscribe
 .text.command  0x00000000800003cc        0x4 ../../../libtock/build/cortex-m4/libtock.a(tock.o)
                0x00000000800003cc                command
 .text.allow    0x00000000800003d0        0x4 ../../../libtock/build/cortex-m4/libtock.a(tock.o)
                0x00000000800003d0                allow
 .text.memop    0x00000000800003d4        0x4 ../../../libtock/build/cortex-m4/libtock.a(tock.o)
                0x00000000800003d4                memop
 .text.alarm_internal_subscribe
                0x00000000800003d8        0xc ../../../libtock/build/cortex-m4/libtock.a(alarm_internal.o)
                0x00000000800003d8                alarm_internal_subscribe
 .text.alarm_internal_set
                0x00000000800003e4        0xc ../../../libtock/build/cortex-m4/libtock.a(alarm_internal.o)
                0x00000000800003e4                alarm_internal_set
 .text.alarm_internal_frequency
                0x00000000800003f0        0xc ../../../libtock/build/cortex-m4/libtock.a(alarm_internal.o)
                0x00000000800003f0                alarm_internal_frequency
 .text.memcpy   0x00000000800003fc       0x12 ../../../newlib/cortex-m/libc.a(lib_a-memcpy-stub.o)
                0x00000000800003fc                memcpy
 .text.memset   0x000000008000040e       0x10 ../../../newlib/cortex-m/libc.a(lib_a-memset.o)
                0x000000008000040e                memset
 *fill*         0x000000008000041e        0x2 ff
 .text.printf   0x0000000080000420       0x44 ../../../newlib/cortex-m/libc.a(lib_a-printf.o)
                0x0000000080000420                printf
                0x0000000080000420                iprintf
 .text._puts_r  0x0000000080000464       0xdc ../../../newlib/cortex-m/libc.a(lib_a-puts.o)
                0x0000000080000464                _puts_r
 .text.puts     0x0000000080000540       0x1c ../../../newlib/cortex-m/libc.a(lib_a-puts.o)
                0x0000000080000540                puts
 .text.__swbuf_r
                0x000000008000055c       0xc8 ../../../newlib/cortex-m/libc.a(lib_a-wbuf.o)
                0x000000008000055c                __swbuf_r
 .text.__swsetup_r
                0x0000000080000624      0x108 ../../../newlib/cortex-m/libc.a(lib_a-wsetup.o)
                0x0000000080000624                __swsetup_r
 .text.__sflush_r
                0x000000008000072c      0x11c ../../../newlib/cortex-m/libc.a(lib_a-fflush.o)
                0x000000008000072c                __sflush_r
 .text._fflush_r
                0x0000000080000848       0x74 ../../../newlib/cortex-m/libc.a(lib_a-fflush.o)
                0x0000000080000848                _fflush_r
 .text._cleanup_r
                0x00000000800008bc       0x20 ../../../newlib/cortex-m/libc.a(lib_a-findfp.o)
                0x00000000800008bc                _cleanup_r
 .text.std.isra.0
                0x00000000800008dc       0x64 ../../../newlib/cortex-m/libc.a(lib_a-findfp.o)
 .text.__sfmoreglue
                0x0000000080000940       0x2c ../../../newlib/cortex-m/libc.a(lib_a-findfp.o)
                0x0000000080000940                __sfmoreglue
 .text.__sfp_lock_acquire
                0x000000008000096c        0x2 ../../../newlib/cortex-m/libc.a(lib_a-findfp.o)
                0x000000008000096c                __sfp_lock_acquire
 .text.__sfp_lock_release
                0x000000008000096e        0x2 ../../../newlib/cortex-m/libc.a(lib_a-findfp.o)
                0x000000008000096e                __sfp_lock_release
 .text.__sinit_lock_acquire
                0x0000000080000970        0x2 ../../../newlib/cortex-m/libc.a(lib_a-findfp.o)
                0x0000000080000970                __sinit_lock_acquire
 .text.__sinit_lock_release
                0x0000000080000972        0x2 ../../../newlib/cortex-m/libc.a(lib_a-findfp.o)
                0x0000000080000972                __sinit_lock_release
 .text.__sinit  0x0000000080000974       0x84 ../../../newlib/cortex-m/libc.a(lib_a-findfp.o)
                0x0000000080000974                __sinit
 .text.__sfp    0x00000000800009f8       0x94 ../../../newlib/cortex-m/libc.a(lib_a-findfp.o)
                0x00000000800009f8                __sfp
 .text._fwalk_reent
                0x0000000080000a8c       0x44 ../../../newlib/cortex-m/libc.a(lib_a-fwalk.o)
                0x0000000080000a8c                _fwalk_reent
 .text.__swhatbuf_r
                0x0000000080000ad0       0x50 ../../../newlib/cortex-m/libc.a(lib_a-makebuf.o)
                0x0000000080000ad0                __swhatbuf_r
 .text.__smakebuf_r
                0x0000000080000b20       0x98 ../../../newlib/cortex-m/libc.a(lib_a-makebuf.o)
                0x0000000080000b20                __smakebuf_r
 .text._free_r  0x0000000080000bb8       0xa0 ../../../newlib/cortex-m/libc.a(lib_a-nano-freer.o)
                0x0000000080000bb8                _free_r
 .text._malloc_r
                0x0000000080000c58       0xcc ../../../newlib/cortex-m/libc.a(lib_a-nano-mallocr.o)
                0x0000000080000c58                _malloc_r
 .text.__sfputc_r
                0x0000000080000d24       0x2a ../../../newlib/cortex-m/libc.a(lib_a-nano-vfprintf.o)
 .text.__sfputs_r
                0x0000000080000d4e       0x24 ../../../newlib/cortex-m/libc.a(lib_a-nano-vfprintf.o)
                0x0000000080000d4e                __sfputs_r
 *fill*         0x0000000080000d72        0x2 ff
 .text._vfprintf_r
                0x0000000080000d74      0x288 ../../../newlib/cortex-m/libc.a(lib_a-nano-vfprintf.o)
                0x0000000080000d74                _vfiprintf_r
                0x0000000080000d74                _vfprintf_r
 .text._sbrk_r  0x0000000080000ffc       0x30 ../../../newlib/cortex-m/libc.a(lib_a-sbrkr.o)
                0x0000000080000ffc                _sbrk_r
 .text.__sread  0x000000008000102c       0x28 ../../../newlib/cortex-m/libc.a(lib_a-stdio.o)
                0x000000008000102c                __sread
 .text.__swrite
                0x0000000080001054       0x38 ../../../newlib/cortex-m/libc.a(lib_a-stdio.o)
                0x0000000080001054                __swrite
 .text.__sseek  0x000000008000108c       0x2c ../../../newlib/cortex-m/libc.a(lib_a-stdio.o)
                0x000000008000108c                __sseek
 .text.__sclose
                0x00000000800010b8        0xc ../../../newlib/cortex-m/libc.a(lib_a-stdio.o)
                0x00000000800010b8                __sclose
 .text._write_r
                0x00000000800010c4       0x34 ../../../newlib/cortex-m/libc.a(lib_a-writer.o)
                0x00000000800010c4                _write_r
 .text._close_r
                0x00000000800010f8       0x30 ../../../newlib/cortex-m/libc.a(lib_a-closer.o)
                0x00000000800010f8                _close_r
 .text._fstat_r
                0x0000000080001128       0x30 ../../../newlib/cortex-m/libc.a(lib_a-fstatr.o)
                0x0000000080001128                _fstat_r
 .text._isatty_r
                0x0000000080001158       0x30 ../../../newlib/cortex-m/libc.a(lib_a-isattyr.o)
                0x0000000080001158                _isatty_r
 .text._lseek_r
                0x0000000080001188       0x34 ../../../newlib/cortex-m/libc.a(lib_a-lseekr.o)
                0x0000000080001188                _lseek_r
 .text.memchr   0x00000000800011bc       0x16 ../../../newlib/cortex-m/libc.a(lib_a-memchr-stub.o)
                0x00000000800011bc                memchr
 .text.__malloc_lock
                0x00000000800011d2        0x2 ../../../newlib/cortex-m/libc.a(lib_a-mlock.o)
                0x00000000800011d2                __malloc_lock
 .text.__malloc_unlock
                0x00000000800011d4        0x2 ../../../newlib/cortex-m/libc.a(lib_a-mlock.o)
                0x00000000800011d4                __malloc_unlock
 .text._printf_common
                0x00000000800011d6       0xdc ../../../newlib/cortex-m/libc.a(lib_a-nano-vfprintf_i.o)
                0x00000000800011d6                _printf_common
 *fill*         0x00000000800012b2        0x2 ff
 .text._printf_i
                0x00000000800012b4      0x248 ../../../newlib/cortex-m/libc.a(lib_a-nano-vfprintf_i.o)
                0x00000000800012b4                _printf_i
 .text._read_r  0x00000000800014fc       0x34 ../../../newlib/cortex-m/libc.a(lib_a-readr.o)
                0x00000000800014fc                _read_r
 .text          0x0000000080001530       0x9c ../../../libc++/cortex-m/libgcc.a(_udivsi3.o)
                0x0000000080001530                __udivsi3
                0x0000000080001530                __aeabi_uidiv
                0x00000000800015b8                __aeabi_uidivmod
 .text          0x00000000800015cc        0x4 ../../../libc++/cortex-m/libgcc.a(_dvmd_tls.o)
                0x00000000800015cc                __aeabi_ldiv0
                0x00000000800015cc                __aeabi_idiv0
 .text._isatty  0x00000000800015d0        0x8 ../../../libtock/build/cortex-m4/libtock.a(sys.o)
                0x00000000800015d0                _isatty
 .text._write   0x00000000800015d8       0x10 ../../../libtock/build/cortex-m4/libtock.a(sys.o)
                0x00000000800015d8                _write
 .text._close   0x00000000800015e8        0x6 ../../../libtock/build/cortex-m4/libtock.a(sys.o)
                0x00000000800015e8                _close
 .text._fstat   0x00000000800015ee        0xa ../../../libtock/build/cortex-m4/libtock.a(sys.o)
                0x00000000800015ee                _fstat
 .text._lseek   0x00000000800015f8        0x4 ../../../libtock/build/cortex-m4/libtock.a(sys.o)
                0x00000000800015f8                _lseek
 .text._read    0x00000000800015fc        0x4 ../../../libtock/build/cortex-m4/libtock.a(sys.o)
                0x00000000800015fc                _read
 .text._sbrk    0x0000000080001600       0x1e ../../../libtock/build/cortex-m4/libtock.a(sys.o)
                0x0000000080001600                _sbrk
 .text.putnstr_async
                0x000000008000161e       0x3a ../../../libtock/build/cortex-m4/libtock.a(console.o)
                0x000000008000161e                putnstr_async
 .text.putnstr  0x0000000080001658       0x8c ../../../libtock/build/cortex-m4/libtock.a(console.o)
                0x0000000080001658                putnstr
 .text.putstr_cb
                0x00000000800016e4       0x40 ../../../libtock/build/cortex-m4/libtock.a(console.o)
 .text.__errno  0x0000000080001724       0x18 ../../../newlib/cortex-m/libc.a(lib_a-errno.o)
                0x0000000080001724                __errno
 .text.malloc   0x000000008000173c       0x1c ../../../newlib/cortex-m/libc.a(lib_a-malloc.o)
                0x000000008000173c                malloc
 .text.free     0x0000000080001758       0x1c ../../../newlib/cortex-m/libc.a(lib_a-malloc.o)
                0x0000000080001758                free
 .text.strncpy  0x0000000080001774       0x2a ../../../newlib/cortex-m/libc.a(lib_a-strncpy.o)
                0x0000000080001774                strncpy
 *(.rodata*)
 .rodata.main.str1.1
                0x000000008000179e       0x8d build/cortex-m4/main.o
 *fill*         0x000000008000182b        0x1 ff
 .rodata.__sf_fake_stderr
                0x000000008000182c       0x20 ../../../newlib/cortex-m/libc.a(lib_a-findfp.o)
                0x000000008000182c                __sf_fake_stderr
 .rodata.__sf_fake_stdin
                0x000000008000184c       0x20 ../../../newlib/cortex-m/libc.a(lib_a-findfp.o)
                0x000000008000184c                __sf_fake_stdin
 .rodata.__sf_fake_stdout
                0x000000008000186c       0x20 ../../../newlib/cortex-m/libc.a(lib_a-findfp.o)
                0x000000008000186c                __sf_fake_stdout
 .rodata._vfprintf_r.str1.1
                0x000000008000188c       0x11 ../../../newlib/cortex-m/libc.a(lib_a-nano-vfprintf.o)
 .rodata._printf_i.str1.1
                0x000000008000189d       0x22 ../../../newlib/cortex-m/libc.a(lib_a-nano-vfprintf_i.o)
 *(.syscalls)
                0x00000000800018bf                _etext = .
 *(.ARM.extab*)
                0x00000000800018c0                . = ALIGN (0x4)
 *fill*         0x00000000800018bf        0x1 ff

.glue_7         0x00000000800018c0        0x0
 .glue_7        0x00000000800018c0        0x0 linker stubs

.glue_7t        0x00000000800018c0        0x0
 .glue_7t       0x00000000800018c0        0x0 linker stubs

.vfp11_veneer   0x00000000800018c0        0x0
 .vfp11_veneer  0x00000000800018c0        0x0 linker stubs

.v4_bx          0x00000000800018c0        0x0
 .v4_bx         0x00000000800018c0        0x0 linker stubs

.iplt           0x00000000800018c0        0x0
 .iplt          0x00000000800018c0        0x0 build/cortex-m4/main.o

.rel.dyn        0x00000000800018c0        0x0
 .rel.iplt      0x00000000800018c0        0x0 build/cortex-m4/main.o
 .rel.got       0x00000000800018c0        0x0 build/cortex-m4/main.o

.got            0x0000000000000000       0xa4 load address 0x00000000800018c0
                0x0000000000000000                . = ALIGN (0x4)
                0x0000000000000000                _got = .
 *(.got*)
 .got           0x0000000000000000       0x98 build/cortex-m4/main.o
 .got.plt       0x0000000000000098        0xc build/cortex-m4/main.o
                0x0000000000000098                _GLOBAL_OFFSET_TABLE_
 *(.got.plt*)
                0x00000000000000a4                . = ALIGN (0x4)

.data           0x00000000000000a4       0x70 load address 0x0000000080001964
                0x00000000000000a4                . = ALIGN (0x4)
                0x00000000000000a4                _data = .
 *(.data*)
 .data          0x00000000000000a4        0x0 build/cortex-m4/main.o
 .data          0x00000000000000a4        0x0 ../../../libtock/build/cortex-m4/libtock.a(alarm_timer.o)
 .data          0x00000000000000a4        0x0 ../../../libtock/build/cortex-m4/libtock.a(crt0.o)
 .data          0x00000000000000a4        0x0 ../../../libtock/build/cortex-m4/libtock.a(gpio.o)
 .data          0x00000000000000a4        0x0 ../../../libtock/build/cortex-m4/libtock.a(tock.o)
 .data          0x00000000000000a4        0x0 ../../../libtock/build/cortex-m4/libtock.a(alarm_internal.o)
 .data          0x00000000000000a4        0x0 ../../../newlib/cortex-m/libc.a(lib_a-exit.o)
 .data          0x00000000000000a4        0x0 ../../../newlib/cortex-m/libc.a(lib_a-impure.o)
 .data.rel.impure_data
                0x00000000000000a4       0x60 ../../../newlib/cortex-m/libc.a(lib_a-impure.o)
 .data.rel.local._impure_ptr
                0x0000000000000104        0x4 ../../../newlib/cortex-m/libc.a(lib_a-impure.o)
                0x0000000000000104                _impure_ptr
 .data.rel.ro.local._global_impure_ptr
                0x0000000000000108        0x4 ../../../newlib/cortex-m/libc.a(lib_a-impure.o)
                0x0000000000000108                _global_impure_ptr
 .data          0x000000000000010c        0x0 ../../../newlib/cortex-m/libc.a(lib_a-memcpy-stub.o)
 .data          0x000000000000010c        0x0 ../../../newlib/cortex-m/libc.a(lib_a-memset.o)
 .data          0x000000000000010c        0x0 ../../../newlib/cortex-m/libc.a(lib_a-printf.o)
 .data          0x000000000000010c        0x0 ../../../newlib/cortex-m/libc.a(lib_a-puts.o)
 .data          0x000000000000010c        0x0 ../../../newlib/cortex-m/libc.a(lib_a-wbuf.o)
 .data          0x000000000000010c        0x0 ../../../newlib/cortex-m/libc.a(lib_a-wsetup.o)
 .data          0x000000000000010c        0x0 ../../../newlib/cortex-m/libc.a(lib_a-fflush.o)
 .data          0x000000000000010c        0x0 ../../../newlib/cortex-m/libc.a(lib_a-findfp.o)
 .data          0x000000000000010c        0x0 ../../../newlib/cortex-m/libc.a(lib_a-fwalk.o)
 .data          0x000000000000010c        0x0 ../../../newlib/cortex-m/libc.a(lib_a-makebuf.o)
 .data          0x000000000000010c        0x0 ../../../newlib/cortex-m/libc.a(lib_a-nano-freer.o)
 .data          0x000000000000010c        0x0 ../../../newlib/cortex-m/libc.a(lib_a-nano-mallocr.o)
 .data          0x000000000000010c        0x0 ../../../newlib/cortex-m/libc.a(lib_a-nano-vfprintf.o)
 .data          0x000000000000010c        0x0 ../../../newlib/cortex-m/libc.a(lib_a-sbrkr.o)
 .data          0x000000000000010c        0x0 ../../../newlib/cortex-m/libc.a(lib_a-stdio.o)
 .data          0x000000000000010c        0x0 ../../../newlib/cortex-m/libc.a(lib_a-writer.o)
 .data          0x000000000000010c        0x0 ../../../newlib/cortex-m/libc.a(lib_a-closer.o)
 .data          0x000000000000010c        0x0 ../../../newlib/cortex-m/libc.a(lib_a-fstatr.o)
 .data          0x000000000000010c        0x0 ../../../newlib/cortex-m/libc.a(lib_a-fvwrite.o)
 .data          0x000000000000010c        0x0 ../../../newlib/cortex-m/libc.a(lib_a-isattyr.o)
 .data          0x000000000000010c        0x0 ../../../newlib/cortex-m/libc.a(lib_a-lseekr.o)
 .data          0x000000000000010c        0x0 ../../../newlib/cortex-m/libc.a(lib_a-memchr-stub.o)
 .data          0x000000000000010c        0x0 ../../../newlib/cortex-m/libc.a(lib_a-memmove.o)
 .data          0x000000000000010c        0x0 ../../../newlib/cortex-m/libc.a(lib_a-mlock.o)
 .data          0x000000000000010c        0x0 ../../../newlib/cortex-m/libc.a(lib_a-nano-reallocr.o)
 .data          0x000000000000010c        0x0 ../../../newlib/cortex-m/libc.a(lib_a-nano-vfprintf_i.o)
 .data          0x000000000000010c        0x0 ../../../newlib/cortex-m/libc.a(lib_a-readr.o)
 .data          0x000000000000010c        0x0 ../../../newlib/cortex-m/libc.a(lib_a-reent.o)
 .data          0x000000000000010c        0x0 ../../../newlib/cortex-m/libc.a(lib_a-nano-msizer.o)
 .data          0x000000000000010c        0x0 ../../../libc++/cortex-m/libgcc.a(_udivsi3.o)
 .data          0x000000000000010c        0x0 ../../../libc++/cortex-m/libgcc.a(_divsi3.o)
 .data          0x000000000000010c        0x0 ../../../libc++/cortex-m/libgcc.a(_dvmd_tls.o)
 .data          0x000000000000010c        0x0 ../../../libtock/build/cortex-m4/libtock.a(sys.o)
 .data          0x000000000000010c        0x0 ../../../libtock/build/cortex-m4/libtock.a(console.o)
 .data.getnstr_data
                0x000000000000010c        0x8 ../../../libtock/build/cortex-m4/libtock.a(console.o)
 .data          0x0000000000000114        0x0 ../../../newlib/cortex-m/libc.a(lib_a-errno.o)
 .data          0x0000000000000114        0x0 ../../../newlib/cortex-m/libc.a(lib_a-malloc.o)
 .data          0x0000000000000114        0x0 ../../../newlib/cortex-m/libc.a(lib_a-strncpy.o)
                0x0000000000000114                . = ALIGN (0x4)

.igot.plt       0x0000000000000114        0x0 load address 0x00000000800019d4
 .igot.plt      0x0000000000000114        0x0 build/cortex-m4/main.o

.bss            0x0000000000000114      0x16c load address 0x00000000800019d4
                0x0000000000000114                . = ALIGN (0x4)
                0x0000000000000114                _bss = .
 *(.bss*)
 .bss           0x0000000000000114        0x0 build/cortex-m4/main.o
 .bss.callback_count
                0x0000000000000114        0x4 build/cortex-m4/main.o
                0x0000000000000114                callback_count
 .bss.resume.6380
                0x0000000000000118        0x1 build/cortex-m4/main.o
 .bss           0x0000000000000119        0x0 ../../../libtock/build/cortex-m4/libtock.a(alarm_timer.o)
 *fill*         0x0000000000000119        0x3 
 .bss.root      0x000000000000011c        0x4 ../../../libtock/build/cortex-m4/libtock.a(alarm_timer.o)
 .bss           0x0000000000000120        0x0 ../../../libtock/build/cortex-m4/libtock.a(crt0.o)
 .bss           0x0000000000000120        0x0 ../../../libtock/build/cortex-m4/libtock.a(gpio.o)
 .bss           0x0000000000000120        0x0 ../../../libtock/build/cortex-m4/libtock.a(tock.o)
 .bss.task_cur  0x0000000000000120        0x4 ../../../libtock/build/cortex-m4/libtock.a(tock.o)
 .bss.task_last
                0x0000000000000124        0x4 ../../../libtock/build/cortex-m4/libtock.a(tock.o)
 .bss.task_queue
                0x0000000000000128      0x140 ../../../libtock/build/cortex-m4/libtock.a(tock.o)
 .bss           0x0000000000000268        0x0 ../../../libtock/build/cortex-m4/libtock.a(alarm_internal.o)
 .bss           0x0000000000000268        0x0 ../../../newlib/cortex-m/libc.a(lib_a-exit.o)
 .bss           0x0000000000000268        0x0 ../../../newlib/cortex-m/libc.a(lib_a-impure.o)
 .bss           0x0000000000000268        0x0 ../../../newlib/cortex-m/libc.a(lib_a-memcpy-stub.o)
 .bss           0x0000000000000268        0x0 ../../../newlib/cortex-m/libc.a(lib_a-memset.o)
 .bss           0x0000000000000268        0x0 ../../../newlib/cortex-m/libc.a(lib_a-printf.o)
 .bss           0x0000000000000268        0x0 ../../../newlib/cortex-m/libc.a(lib_a-puts.o)
 .bss           0x0000000000000268        0x0 ../../../newlib/cortex-m/libc.a(lib_a-wbuf.o)
 .bss           0x0000000000000268        0x0 ../../../newlib/cortex-m/libc.a(lib_a-wsetup.o)
 .bss           0x0000000000000268        0x0 ../../../newlib/cortex-m/libc.a(lib_a-fflush.o)
 .bss           0x0000000000000268        0x0 ../../../newlib/cortex-m/libc.a(lib_a-findfp.o)
 .bss           0x0000000000000268        0x0 ../../../newlib/cortex-m/libc.a(lib_a-fwalk.o)
 .bss           0x0000000000000268        0x0 ../../../newlib/cortex-m/libc.a(lib_a-makebuf.o)
 .bss           0x0000000000000268        0x0 ../../../newlib/cortex-m/libc.a(lib_a-nano-freer.o)
 .bss           0x0000000000000268        0x0 ../../../newlib/cortex-m/libc.a(lib_a-nano-mallocr.o)
 .bss.__malloc_free_list
                0x0000000000000268        0x4 ../../../newlib/cortex-m/libc.a(lib_a-nano-mallocr.o)
                0x0000000000000268                __malloc_free_list
 .bss.__malloc_sbrk_start
                0x000000000000026c        0x4 ../../../newlib/cortex-m/libc.a(lib_a-nano-mallocr.o)
                0x000000000000026c                __malloc_sbrk_start
 .bss           0x0000000000000270        0x0 ../../../newlib/cortex-m/libc.a(lib_a-nano-vfprintf.o)
 .bss           0x0000000000000270        0x0 ../../../newlib/cortex-m/libc.a(lib_a-sbrkr.o)
 .bss           0x0000000000000270        0x0 ../../../newlib/cortex-m/libc.a(lib_a-stdio.o)
 .bss           0x0000000000000270        0x0 ../../../newlib/cortex-m/libc.a(lib_a-writer.o)
 .bss           0x0000000000000270        0x0 ../../../newlib/cortex-m/libc.a(lib_a-closer.o)
 .bss           0x0000000000000270        0x0 ../../../newlib/cortex-m/libc.a(lib_a-fstatr.o)
 .bss           0x0000000000000270        0x0 ../../../newlib/cortex-m/libc.a(lib_a-fvwrite.o)
 .bss           0x0000000000000270        0x0 ../../../newlib/cortex-m/libc.a(lib_a-isattyr.o)
 .bss           0x0000000000000270        0x0 ../../../newlib/cortex-m/libc.a(lib_a-lseekr.o)
 .bss           0x0000000000000270        0x0 ../../../newlib/cortex-m/libc.a(lib_a-memchr-stub.o)
 .bss           0x0000000000000270        0x0 ../../../newlib/cortex-m/libc.a(lib_a-memmove.o)
 .bss           0x0000000000000270        0x0 ../../../newlib/cortex-m/libc.a(lib_a-mlock.o)
 .bss           0x0000000000000270        0x0 ../../../newlib/cortex-m/libc.a(lib_a-nano-reallocr.o)
 .bss           0x0000000000000270        0x0 ../../../newlib/cortex-m/libc.a(lib_a-nano-vfprintf_i.o)
 .bss           0x0000000000000270        0x0 ../../../newlib/cortex-m/libc.a(lib_a-readr.o)
 .bss           0x0000000000000270        0x0 ../../../newlib/cortex-m/libc.a(lib_a-reent.o)
 .bss           0x0000000000000270        0x0 ../../../newlib/cortex-m/libc.a(lib_a-nano-msizer.o)
 .bss           0x0000000000000270        0x0 ../../../libc++/cortex-m/libgcc.a(_udivsi3.o)
 .bss           0x0000000000000270        0x0 ../../../libc++/cortex-m/libgcc.a(_divsi3.o)
 .bss           0x0000000000000270        0x0 ../../../libc++/cortex-m/libgcc.a(_dvmd_tls.o)
 .bss           0x0000000000000270        0x0 ../../../libtock/build/cortex-m4/libtock.a(sys.o)
 .bss.__dso_handle
                0x0000000000000270        0x4 ../../../libtock/build/cortex-m4/libtock.a(sys.o)
                0x0000000000000270                __dso_handle
 .bss           0x0000000000000274        0x0 ../../../libtock/build/cortex-m4/libtock.a(console.o)
 .bss.putstr_head
                0x0000000000000274        0x4 ../../../libtock/build/cortex-m4/libtock.a(console.o)
 .bss.putstr_tail
                0x0000000000000278        0x4 ../../../libtock/build/cortex-m4/libtock.a(console.o)
 .bss           0x000000000000027c        0x0 ../../../newlib/cortex-m/libc.a(lib_a-errno.o)
 .bss           0x000000000000027c        0x0 ../../../newlib/cortex-m/libc.a(lib_a-malloc.o)
 .bss           0x000000000000027c        0x0 ../../../newlib/cortex-m/libc.a(lib_a-strncpy.o)
 *(COMMON)
 COMMON         0x000000000000027c        0x4 ../../../newlib/cortex-m/libc.a(lib_a-reent.o)
                0x000000000000027c                errno
                0x0000000000000280                . = ALIGN (0x4)

.endflash       0x00000000800019d4        0x0
                [!provide]                        PROVIDE (__exidx_start = .)

.ARM.exidx
 *(.ARM.exidx* .gnu.linkonce.armexidx.*)
                [!provide]                        PROVIDE (__exidx_end = .)
                0x0000000000000001                ASSERT ((_got <= _bss), 
The GOT section must be before the BSS section for crt0 setup to be correct.)
                0x0000000000000001                ASSERT ((_data <= _bss), 
The data section must be before the BSS section for crt0 setup to be correct.)
OUTPUT(build/cortex-m4/cortex-m4.elf elf32-littlearm)

.GCC.command.line
                0x0000000000000000      0x7b8
 .GCC.command.line
                0x0000000000000000      0x4b5 build/cortex-m4/main.o
 .GCC.command.line
                0x00000000000004b5      0x12c ../../../libtock/build/cortex-m4/libtock.a(alarm_timer.o)
                                        0x4ca (size before relaxing)
 .GCC.command.line
                0x00000000000005e1       0x49 ../../../libtock/build/cortex-m4/libtock.a(crt0.o)
                                        0x4bc (size before relaxing)
 .GCC.command.line
                0x000000000000062a       0x49 ../../../libtock/build/cortex-m4/libtock.a(gpio.o)
                                        0x4bc (size before relaxing)
 .GCC.command.line
                0x0000000000000673       0x49 ../../../libtock/build/cortex-m4/libtock.a(tock.o)
                                        0x4bc (size before relaxing)
 .GCC.command.line
                0x00000000000006bc       0x66 ../../../libtock/build/cortex-m4/libtock.a(alarm_internal.o)
                                        0x4d9 (size before relaxing)
 .GCC.command.line
                0x0000000000000722       0x47 ../../../libtock/build/cortex-m4/libtock.a(sys.o)
                                        0x4ba (size before relaxing)
 .GCC.command.line
                0x0000000000000769       0x4f ../../../libtock/build/cortex-m4/libtock.a(console.o)
                                        0x4c2 (size before relaxing)

.comment        0x0000000000000000       0x9b
 .comment       0x0000000000000000       0x75 build/cortex-m4/main.o
                                         0x76 (size before relaxing)
 .comment       0x0000000000000075       0x76 ../../../libtock/build/cortex-m4/libtock.a(alarm_timer.o)
 .comment       0x0000000000000075       0x76 ../../../libtock/build/cortex-m4/libtock.a(crt0.o)
 .comment       0x0000000000000075       0x76 ../../../libtock/build/cortex-m4/libtock.a(gpio.o)
 .comment       0x0000000000000075       0x76 ../../../libtock/build/cortex-m4/libtock.a(tock.o)
 .comment       0x0000000000000075       0x76 ../../../libtock/build/cortex-m4/libtock.a(alarm_internal.o)
 .comment       0x0000000000000075       0x26 ../../../newlib/cortex-m/libc.a(lib_a-exit.o)
                                         0x27 (size before relaxing)
 .comment       0x000000000000009b       0x27 ../../../newlib/cortex-m/libc.a(lib_a-impure.o)
 .comment       0x000000000000009b       0x27 ../../../newlib/cortex-m/libc.a(lib_a-memcpy-stub.o)
 .comment       0x000000000000009b       0x27 ../../../newlib/cortex-m/libc.a(lib_a-memset.o)
 .comment       0x000000000000009b       0x27 ../../../newlib/cortex-m/libc.a(lib_a-printf.o)
 .comment       0x000000000000009b       0x27 ../../../newlib/cortex-m/libc.a(lib_a-puts.o)
 .comment       0x000000000000009b       0x27 ../../../newlib/cortex-m/libc.a(lib_a-wbuf.o)
 .comment       0x000000000000009b       0x27 ../../../newlib/cortex-m/libc.a(lib_a-wsetup.o)
 .comment       0x000000000000009b       0x27 ../../../newlib/cortex-m/libc.a(lib_a-fflush.o)
 .comment       0x000000000000009b       0x27 ../../../newlib/cortex-m/libc.a(lib_a-findfp.o)
 .comment       0x000000000000009b       0x27 ../../../newlib/cortex-m/libc.a(lib_a-fwalk.o)
 .comment       0x000000000000009b       0x27 ../../../newlib/cortex-m/libc.a(lib_a-makebuf.o)
 .comment       0x000000000000009b       0x27 ../../../newlib/cortex-m/libc.a(lib_a-nano-freer.o)
 .comment       0x000000000000009b       0x27 ../../../newlib/cortex-m/libc.a(lib_a-nano-mallocr.o)
 .comment       0x000000000000009b       0x27 ../../../newlib/cortex-m/libc.a(lib_a-nano-vfprintf.o)
 .comment       0x000000000000009b       0x27 ../../../newlib/cortex-m/libc.a(lib_a-sbrkr.o)
 .comment       0x000000000000009b       0x27 ../../../newlib/cortex-m/libc.a(lib_a-stdio.o)
 .comment       0x000000000000009b       0x27 ../../../newlib/cortex-m/libc.a(lib_a-writer.o)
 .comment       0x000000000000009b       0x27 ../../../newlib/cortex-m/libc.a(lib_a-closer.o)
 .comment       0x000000000000009b       0x27 ../../../newlib/cortex-m/libc.a(lib_a-fstatr.o)
 .comment       0x000000000000009b       0x27 ../../../newlib/cortex-m/libc.a(lib_a-fvwrite.o)
 .comment       0x000000000000009b       0x27 ../../../newlib/cortex-m/libc.a(lib_a-isattyr.o)
 .comment       0x000000000000009b       0x27 ../../../newlib/cortex-m/libc.a(lib_a-lseekr.o)
 .comment       0x000000000000009b       0x27 ../../../newlib/cortex-m/libc.a(lib_a-memchr-stub.o)
 .comment       0x000000000000009b       0x27 ../../../newlib/cortex-m/libc.a(lib_a-memmove.o)
 .comment       0x000000000000009b       0x27 ../../../newlib/cortex-m/libc.a(lib_a-mlock.o)
 .comment       0x000000000000009b       0x27 ../../../newlib/cortex-m/libc.a(lib_a-nano-reallocr.o)
 .comment       0x000000000000009b       0x27 ../../../newlib/cortex-m/libc.a(lib_a-nano-vfprintf_i.o)
 .comment       0x000000000000009b       0x27 ../../../newlib/cortex-m/libc.a(lib_a-readr.o)
 .comment       0x000000000000009b       0x27 ../../../newlib/cortex-m/libc.a(lib_a-reent.o)
 .comment       0x000000000000009b       0x27 ../../../newlib/cortex-m/libc.a(lib_a-nano-msizer.o)
 .comment       0x000000000000009b       0x76 ../../../libtock/build/cortex-m4/libtock.a(sys.o)
 .comment       0x000000000000009b       0x76 ../../../libtock/build/cortex-m4/libtock.a(console.o)
 .comment       0x000000000000009b       0x27 ../../../newlib/cortex-m/libc.a(lib_a-errno.o)
 .comment       0x000000000000009b       0x27 ../../../newlib/cortex-m/libc.a(lib_a-malloc.o)
 .comment       0x000000000000009b       0x27 ../../../newlib/cortex-m/libc.a(lib_a-strncpy.o)

.ARM.attributes
                0x0000000000000000       0x2e
 .ARM.attributes
                0x0000000000000000       0x2e build/cortex-m4/main.o
 .ARM.attributes
                0x000000000000002e       0x2e ../../../libtock/build/cortex-m4/libtock.a(alarm_timer.o)
 .ARM.attributes
                0x000000000000005c       0x2e ../../../libtock/build/cortex-m4/libtock.a(crt0.o)
 .ARM.attributes
                0x000000000000008a       0x2e ../../../libtock/build/cortex-m4/libtock.a(gpio.o)
 .ARM.attributes
                0x00000000000000b8       0x2e ../../../libtock/build/cortex-m4/libtock.a(tock.o)
 .ARM.attributes
                0x00000000000000e6       0x2e ../../../libtock/build/cortex-m4/libtock.a(alarm_internal.o)
 .ARM.attributes
                0x0000000000000114       0x2c ../../../newlib/cortex-m/libc.a(lib_a-exit.o)
 .ARM.attributes
                0x0000000000000140       0x2c ../../../newlib/cortex-m/libc.a(lib_a-impure.o)
 .ARM.attributes
                0x000000000000016c       0x2c ../../../newlib/cortex-m/libc.a(lib_a-memcpy-stub.o)
 .ARM.attributes
                0x0000000000000198       0x2c ../../../newlib/cortex-m/libc.a(lib_a-memset.o)
 .ARM.attributes
                0x00000000000001c4       0x2c ../../../newlib/cortex-m/libc.a(lib_a-printf.o)
 .ARM.attributes
                0x00000000000001f0       0x2c ../../../newlib/cortex-m/libc.a(lib_a-puts.o)
 .ARM.attributes
                0x000000000000021c       0x2c ../../../newlib/cortex-m/libc.a(lib_a-wbuf.o)
 .ARM.attributes
                0x0000000000000248       0x2c ../../../newlib/cortex-m/libc.a(lib_a-wsetup.o)
 .ARM.attributes
                0x0000000000000274       0x2c ../../../newlib/cortex-m/libc.a(lib_a-fflush.o)
 .ARM.attributes
                0x00000000000002a0       0x2c ../../../newlib/cortex-m/libc.a(lib_a-findfp.o)
 .ARM.attributes
                0x00000000000002cc       0x2c ../../../newlib/cortex-m/libc.a(lib_a-fwalk.o)
 .ARM.attributes
                0x00000000000002f8       0x2c ../../../newlib/cortex-m/libc.a(lib_a-makebuf.o)
 .ARM.attributes
                0x0000000000000324       0x2c ../../../newlib/cortex-m/libc.a(lib_a-nano-freer.o)
 .ARM.attributes
                0x0000000000000350       0x2c ../../../newlib/cortex-m/libc.a(lib_a-nano-mallocr.o)
 .ARM.attributes
                0x000000000000037c       0x2c ../../../newlib/cortex-m/libc.a(lib_a-nano-vfprintf.o)
 .ARM.attributes
                0x00000000000003a8       0x2c ../../../newlib/cortex-m/libc.a(lib_a-sbrkr.o)
 .ARM.attributes
                0x00000000000003d4       0x2c ../../../newlib/cortex-m/libc.a(lib_a-stdio.o)
 .ARM.attributes
                0x0000000000000400       0x2c ../../../newlib/cortex-m/libc.a(lib_a-writer.o)
 .ARM.attributes
                0x000000000000042c       0x2c ../../../newlib/cortex-m/libc.a(lib_a-closer.o)
 .ARM.attributes
                0x0000000000000458       0x2c ../../../newlib/cortex-m/libc.a(lib_a-fstatr.o)
 .ARM.attributes
                0x0000000000000484       0x2c ../../../newlib/cortex-m/libc.a(lib_a-fvwrite.o)
 .ARM.attributes
                0x00000000000004b0       0x2c ../../../newlib/cortex-m/libc.a(lib_a-isattyr.o)
 .ARM.attributes
                0x00000000000004dc       0x2c ../../../newlib/cortex-m/libc.a(lib_a-lseekr.o)
 .ARM.attributes
                0x0000000000000508       0x2c ../../../newlib/cortex-m/libc.a(lib_a-memchr-stub.o)
 .ARM.attributes
                0x0000000000000534       0x2c ../../../newlib/cortex-m/libc.a(lib_a-memmove.o)
 .ARM.attributes
                0x0000000000000560       0x2c ../../../newlib/cortex-m/libc.a(lib_a-mlock.o)
 .ARM.attributes
                0x000000000000058c       0x2c ../../../newlib/cortex-m/libc.a(lib_a-nano-reallocr.o)
 .ARM.attributes
                0x00000000000005b8       0x2c ../../../newlib/cortex-m/libc.a(lib_a-nano-vfprintf_i.o)
 .ARM.attributes
                0x00000000000005e4       0x2c ../../../newlib/cortex-m/libc.a(lib_a-readr.o)
 .ARM.attributes
                0x0000000000000610       0x2c ../../../newlib/cortex-m/libc.a(lib_a-reent.o)
 .ARM.attributes
                0x000000000000063c       0x2c ../../../newlib/cortex-m/libc.a(lib_a-nano-msizer.o)
 .ARM.attributes
                0x0000000000000668       0x23 ../../../libc++/cortex-m/libgcc.a(_udivsi3.o)
 .ARM.attributes
                0x000000000000068b       0x23 ../../../libc++/cortex-m/libgcc.a(_divsi3.o)
 .ARM.attributes
                0x00000000000006ae       0x23 ../../../libc++/cortex-m/libgcc.a(_dvmd_tls.o)
 .ARM.attributes
                0x00000000000006d1       0x2e ../../../libtock/build/cortex-m4/libtock.a(sys.o)
 .ARM.attributes
                0x00000000000006ff       0x2e ../../../libtock/build/cortex-m4/libtock.a(console.o)
 .ARM.attributes
                0x000000000000072d       0x2c ../../../newlib/cortex-m/libc.a(lib_a-errno.o)
 .ARM.attributes
                0x0000000000000759       0x2c ../../../newlib/cortex-m/libc.a(lib_a-malloc.o)
 .ARM.attributes
                0x0000000000000785       0x2c ../../../newlib/cortex-m/libc.a(lib_a-strncpy.o)

.debug_info     0x0000000000000000    0x20aa8
 .debug_info    0x0000000000000000      0xe4a build/cortex-m4/main.o
 .debug_info    0x0000000000000e4a     0x14f4 ../../../libtock/build/cortex-m4/libtock.a(alarm_timer.o)
 .debug_info    0x000000000000233e      0xd43 ../../../libtock/build/cortex-m4/libtock.a(crt0.o)
 .debug_info    0x0000000000003081      0xe96 ../../../libtock/build/cortex-m4/libtock.a(gpio.o)
 .debug_info    0x0000000000003f17     0x1206 ../../../libtock/build/cortex-m4/libtock.a(tock.o)
 .debug_info    0x000000000000511d      0xbed ../../../libtock/build/cortex-m4/libtock.a(alarm_internal.o)
 .debug_info    0x0000000000005d0a      0x959 ../../../newlib/cortex-m/libc.a(lib_a-exit.o)
 .debug_info    0x0000000000006663      0x8ab ../../../newlib/cortex-m/libc.a(lib_a-impure.o)
 .debug_info    0x0000000000006f0e      0x916 ../../../newlib/cortex-m/libc.a(lib_a-memcpy-stub.o)
 .debug_info    0x0000000000007824      0xde0 ../../../newlib/cortex-m/libc.a(lib_a-memset.o)
 .debug_info    0x0000000000008604      0xbbb ../../../newlib/cortex-m/libc.a(lib_a-printf.o)
 .debug_info    0x00000000000091bf      0xc53 ../../../newlib/cortex-m/libc.a(lib_a-puts.o)
 .debug_info    0x0000000000009e12      0xbdb ../../../newlib/cortex-m/libc.a(lib_a-wbuf.o)
 .debug_info    0x000000000000a9ed      0xb53 ../../../newlib/cortex-m/libc.a(lib_a-wsetup.o)
 .debug_info    0x000000000000b540      0xc9b ../../../newlib/cortex-m/libc.a(lib_a-fflush.o)
 .debug_info    0x000000000000c1db      0xf6d ../../../newlib/cortex-m/libc.a(lib_a-findfp.o)
 .debug_info    0x000000000000d148      0xbd6 ../../../newlib/cortex-m/libc.a(lib_a-fwalk.o)
 .debug_info    0x000000000000dd1e      0xe3f ../../../newlib/cortex-m/libc.a(lib_a-makebuf.o)
 .debug_info    0x000000000000eb5d      0xb0c ../../../newlib/cortex-m/libc.a(lib_a-nano-freer.o)
 .debug_info    0x000000000000f669      0xbb2 ../../../newlib/cortex-m/libc.a(lib_a-nano-mallocr.o)
 .debug_info    0x000000000001021b     0x15cc ../../../newlib/cortex-m/libc.a(lib_a-nano-vfprintf.o)
 .debug_info    0x00000000000117e7      0x960 ../../../newlib/cortex-m/libc.a(lib_a-sbrkr.o)
 .debug_info    0x0000000000012147      0xd5b ../../../newlib/cortex-m/libc.a(lib_a-stdio.o)
 .debug_info    0x0000000000012ea2      0x9a3 ../../../newlib/cortex-m/libc.a(lib_a-writer.o)
 .debug_info    0x0000000000013845      0x956 ../../../newlib/cortex-m/libc.a(lib_a-closer.o)
 .debug_info    0x000000000001419b      0xb68 ../../../newlib/cortex-m/libc.a(lib_a-fstatr.o)
 .debug_info    0x0000000000014d03      0xe14 ../../../newlib/cortex-m/libc.a(lib_a-fvwrite.o)
 .debug_info    0x0000000000015b17      0x956 ../../../newlib/cortex-m/libc.a(lib_a-isattyr.o)
 .debug_info    0x000000000001646d      0x986 ../../../newlib/cortex-m/libc.a(lib_a-lseekr.o)
 .debug_info    0x0000000000016df3      0x908 ../../../newlib/cortex-m/libc.a(lib_a-memchr-stub.o)
 .debug_info    0x00000000000176fb      0xdfe ../../../newlib/cortex-m/libc.a(lib_a-memmove.o)
 .debug_info    0x00000000000184f9      0x8de ../../../newlib/cortex-m/libc.a(lib_a-mlock.o)
 .debug_info    0x0000000000018dd7      0xabe ../../../newlib/cortex-m/libc.a(lib_a-nano-reallocr.o)
 .debug_info    0x0000000000019895     0x1447 ../../../newlib/cortex-m/libc.a(lib_a-nano-vfprintf_i.o)
 .debug_info    0x000000000001acdc      0x99c ../../../newlib/cortex-m/libc.a(lib_a-readr.o)
 .debug_info    0x000000000001b678      0xa67 ../../../newlib/cortex-m/libc.a(lib_a-reent.o)
 .debug_info    0x000000000001c0df      0xa02 ../../../newlib/cortex-m/libc.a(lib_a-nano-msizer.o)
 .debug_info    0x000000000001cae1       0xae ../../../libc++/cortex-m/libgcc.a(_udivsi3.o)
 .debug_info    0x000000000001cb8f       0xae ../../../libc++/cortex-m/libgcc.a(_divsi3.o)
 .debug_info    0x000000000001cc3d       0xae ../../../libc++/cortex-m/libgcc.a(_dvmd_tls.o)
 .debug_info    0x000000000001cceb     0x106f ../../../libtock/build/cortex-m4/libtock.a(sys.o)
 .debug_info    0x000000000001dd5a     0x1254 ../../../libtock/build/cortex-m4/libtock.a(console.o)
 .debug_info    0x000000000001efae      0x8d2 ../../../newlib/cortex-m/libc.a(lib_a-errno.o)
 .debug_info    0x000000000001f880      0x928 ../../../newlib/cortex-m/libc.a(lib_a-malloc.o)
 .debug_info    0x00000000000201a8      0x900 ../../../newlib/cortex-m/libc.a(lib_a-strncpy.o)

.debug_abbrev   0x0000000000000000     0x5de9
 .debug_abbrev  0x0000000000000000      0x320 build/cortex-m4/main.o
 .debug_abbrev  0x0000000000000320      0x455 ../../../libtock/build/cortex-m4/libtock.a(alarm_timer.o)
 .debug_abbrev  0x0000000000000775      0x2c1 ../../../libtock/build/cortex-m4/libtock.a(crt0.o)
 .debug_abbrev  0x0000000000000a36      0x225 ../../../libtock/build/cortex-m4/libtock.a(gpio.o)
 .debug_abbrev  0x0000000000000c5b      0x35e ../../../libtock/build/cortex-m4/libtock.a(tock.o)
 .debug_abbrev  0x0000000000000fb9      0x209 ../../../libtock/build/cortex-m4/libtock.a(alarm_internal.o)
 .debug_abbrev  0x00000000000011c2      0x1cd ../../../newlib/cortex-m/libc.a(lib_a-exit.o)
 .debug_abbrev  0x000000000000138f      0x15c ../../../newlib/cortex-m/libc.a(lib_a-impure.o)
 .debug_abbrev  0x00000000000014eb      0x1ac ../../../newlib/cortex-m/libc.a(lib_a-memcpy-stub.o)
 .debug_abbrev  0x0000000000001697      0x197 ../../../newlib/cortex-m/libc.a(lib_a-memset.o)
 .debug_abbrev  0x000000000000182e      0x24d ../../../newlib/cortex-m/libc.a(lib_a-printf.o)
 .debug_abbrev  0x0000000000001a7b      0x282 ../../../newlib/cortex-m/libc.a(lib_a-puts.o)
 .debug_abbrev  0x0000000000001cfd      0x233 ../../../newlib/cortex-m/libc.a(lib_a-wbuf.o)
 .debug_abbrev  0x0000000000001f30      0x208 ../../../newlib/cortex-m/libc.a(lib_a-wsetup.o)
 .debug_abbrev  0x0000000000002138      0x29d ../../../newlib/cortex-m/libc.a(lib_a-fflush.o)
 .debug_abbrev  0x00000000000023d5      0x32c ../../../newlib/cortex-m/libc.a(lib_a-findfp.o)
 .debug_abbrev  0x0000000000002701      0x1ef ../../../newlib/cortex-m/libc.a(lib_a-fwalk.o)
 .debug_abbrev  0x00000000000028f0      0x2a3 ../../../newlib/cortex-m/libc.a(lib_a-makebuf.o)
 .debug_abbrev  0x0000000000002b93      0x275 ../../../newlib/cortex-m/libc.a(lib_a-nano-freer.o)
 .debug_abbrev  0x0000000000002e08      0x2c7 ../../../newlib/cortex-m/libc.a(lib_a-nano-mallocr.o)
 .debug_abbrev  0x00000000000030cf      0x2c2 ../../../newlib/cortex-m/libc.a(lib_a-nano-vfprintf.o)
 .debug_abbrev  0x0000000000003391      0x1df ../../../newlib/cortex-m/libc.a(lib_a-sbrkr.o)
 .debug_abbrev  0x0000000000003570      0x225 ../../../newlib/cortex-m/libc.a(lib_a-stdio.o)
 .debug_abbrev  0x0000000000003795      0x1e1 ../../../newlib/cortex-m/libc.a(lib_a-writer.o)
 .debug_abbrev  0x0000000000003976      0x1da ../../../newlib/cortex-m/libc.a(lib_a-closer.o)
 .debug_abbrev  0x0000000000003b50      0x1e9 ../../../newlib/cortex-m/libc.a(lib_a-fstatr.o)
 .debug_abbrev  0x0000000000003d39      0x237 ../../../newlib/cortex-m/libc.a(lib_a-fvwrite.o)
 .debug_abbrev  0x0000000000003f70      0x1da ../../../newlib/cortex-m/libc.a(lib_a-isattyr.o)
 .debug_abbrev  0x000000000000414a      0x1eb ../../../newlib/cortex-m/libc.a(lib_a-lseekr.o)
 .debug_abbrev  0x0000000000004335      0x1a5 ../../../newlib/cortex-m/libc.a(lib_a-memchr-stub.o)
 .debug_abbrev  0x00000000000044da      0x19c ../../../newlib/cortex-m/libc.a(lib_a-memmove.o)
 .debug_abbrev  0x0000000000004676      0x19d ../../../newlib/cortex-m/libc.a(lib_a-mlock.o)
 .debug_abbrev  0x0000000000004813      0x1f4 ../../../newlib/cortex-m/libc.a(lib_a-nano-reallocr.o)
 .debug_abbrev  0x0000000000004a07      0x2aa ../../../newlib/cortex-m/libc.a(lib_a-nano-vfprintf_i.o)
 .debug_abbrev  0x0000000000004cb1      0x1dc ../../../newlib/cortex-m/libc.a(lib_a-readr.o)
 .debug_abbrev  0x0000000000004e8d      0x221 ../../../newlib/cortex-m/libc.a(lib_a-reent.o)
 .debug_abbrev  0x00000000000050ae      0x1b4 ../../../newlib/cortex-m/libc.a(lib_a-nano-msizer.o)
 .debug_abbrev  0x0000000000005262       0x14 ../../../libc++/cortex-m/libgcc.a(_udivsi3.o)
 .debug_abbrev  0x0000000000005276       0x14 ../../../libc++/cortex-m/libgcc.a(_divsi3.o)
 .debug_abbrev  0x000000000000528a       0x14 ../../../libc++/cortex-m/libgcc.a(_dvmd_tls.o)
 .debug_abbrev  0x000000000000529e      0x2cf ../../../libtock/build/cortex-m4/libtock.a(sys.o)
 .debug_abbrev  0x000000000000556d      0x3a8 ../../../libtock/build/cortex-m4/libtock.a(console.o)
 .debug_abbrev  0x0000000000005915      0x178 ../../../newlib/cortex-m/libc.a(lib_a-errno.o)
 .debug_abbrev  0x0000000000005a8d      0x1c6 ../../../newlib/cortex-m/libc.a(lib_a-malloc.o)
 .debug_abbrev  0x0000000000005c53      0x196 ../../../newlib/cortex-m/libc.a(lib_a-strncpy.o)

.debug_loc      0x0000000000000000     0x4bf4
 .debug_loc     0x0000000000000000       0x98 build/cortex-m4/main.o
 .debug_loc     0x0000000000000098      0xa90 ../../../libtock/build/cortex-m4/libtock.a(alarm_timer.o)
 .debug_loc     0x0000000000000b28      0x1ed ../../../libtock/build/cortex-m4/libtock.a(crt0.o)
 .debug_loc     0x0000000000000d15      0x270 ../../../libtock/build/cortex-m4/libtock.a(gpio.o)
 .debug_loc     0x0000000000000f85      0x47d ../../../libtock/build/cortex-m4/libtock.a(tock.o)
 .debug_loc     0x0000000000001402       0x96 ../../../libtock/build/cortex-m4/libtock.a(alarm_internal.o)
 .debug_loc     0x0000000000001498       0x1e ../../../newlib/cortex-m/libc.a(lib_a-exit.o)
 .debug_loc     0x00000000000014b6       0xbe ../../../newlib/cortex-m/libc.a(lib_a-memcpy-stub.o)
 .debug_loc     0x0000000000001574       0x72 ../../../newlib/cortex-m/libc.a(lib_a-memset.o)
 .debug_loc     0x00000000000015e6       0x3f ../../../newlib/cortex-m/libc.a(lib_a-printf.o)
 .debug_loc     0x0000000000001625      0x209 ../../../newlib/cortex-m/libc.a(lib_a-puts.o)
 .debug_loc     0x000000000000182e      0x128 ../../../newlib/cortex-m/libc.a(lib_a-wbuf.o)
 .debug_loc     0x0000000000001956       0x7e ../../../newlib/cortex-m/libc.a(lib_a-wsetup.o)
 .debug_loc     0x00000000000019d4      0x2ab ../../../newlib/cortex-m/libc.a(lib_a-fflush.o)
 .debug_loc     0x0000000000001c7f      0x211 ../../../newlib/cortex-m/libc.a(lib_a-findfp.o)
 .debug_loc     0x0000000000001e90      0x199 ../../../newlib/cortex-m/libc.a(lib_a-fwalk.o)
 .debug_loc     0x0000000000002029      0x213 ../../../newlib/cortex-m/libc.a(lib_a-makebuf.o)
 .debug_loc     0x000000000000223c       0xe8 ../../../newlib/cortex-m/libc.a(lib_a-nano-freer.o)
 .debug_loc     0x0000000000002324      0x222 ../../../newlib/cortex-m/libc.a(lib_a-nano-mallocr.o)
 .debug_loc     0x0000000000002546      0x556 ../../../newlib/cortex-m/libc.a(lib_a-nano-vfprintf.o)
 .debug_loc     0x0000000000002a9c       0x4d ../../../newlib/cortex-m/libc.a(lib_a-sbrkr.o)
 .debug_loc     0x0000000000002ae9      0x302 ../../../newlib/cortex-m/libc.a(lib_a-stdio.o)
 .debug_loc     0x0000000000002deb       0xa5 ../../../newlib/cortex-m/libc.a(lib_a-writer.o)
 .debug_loc     0x0000000000002e90       0x4d ../../../newlib/cortex-m/libc.a(lib_a-closer.o)
 .debug_loc     0x0000000000002edd       0x79 ../../../newlib/cortex-m/libc.a(lib_a-fstatr.o)
 .debug_loc     0x0000000000002f56      0x5f2 ../../../newlib/cortex-m/libc.a(lib_a-fvwrite.o)
 .debug_loc     0x0000000000003548       0x4d ../../../newlib/cortex-m/libc.a(lib_a-isattyr.o)
 .debug_loc     0x0000000000003595       0xa5 ../../../newlib/cortex-m/libc.a(lib_a-lseekr.o)
 .debug_loc     0x000000000000363a       0xb4 ../../../newlib/cortex-m/libc.a(lib_a-memchr-stub.o)
 .debug_loc     0x00000000000036ee       0xe7 ../../../newlib/cortex-m/libc.a(lib_a-memmove.o)
 .debug_loc     0x00000000000037d5      0x13c ../../../newlib/cortex-m/libc.a(lib_a-nano-reallocr.o)
 .debug_loc     0x0000000000003911      0x5bb ../../../newlib/cortex-m/libc.a(lib_a-nano-vfprintf_i.o)
 .debug_loc     0x0000000000003ecc       0xa5 ../../../newlib/cortex-m/libc.a(lib_a-readr.o)
 .debug_loc     0x0000000000003f71       0xcb ../../../newlib/cortex-m/libc.a(lib_a-reent.o)
 .debug_loc     0x000000000000403c       0x7d ../../../newlib/cortex-m/libc.a(lib_a-nano-msizer.o)
 .debug_loc     0x00000000000040b9      0x269 ../../../libtock/build/cortex-m4/libtock.a(sys.o)
 .debug_loc     0x0000000000004322      0x76b ../../../libtock/build/cortex-m4/libtock.a(console.o)
 .debug_loc     0x0000000000004a8d       0x58 ../../../newlib/cortex-m/libc.a(lib_a-malloc.o)
 .debug_loc     0x0000000000004ae5      0x10f ../../../newlib/cortex-m/libc.a(lib_a-strncpy.o)

.debug_aranges  0x0000000000000000      0x848
 .debug_aranges
                0x0000000000000000       0x28 build/cortex-m4/main.o
 .debug_aranges
                0x0000000000000028       0x70 ../../../libtock/build/cortex-m4/libtock.a(alarm_timer.o)
 .debug_aranges
                0x0000000000000098       0x28 ../../../libtock/build/cortex-m4/libtock.a(crt0.o)
 .debug_aranges
                0x00000000000000c0       0x68 ../../../libtock/build/cortex-m4/libtock.a(gpio.o)
 .debug_aranges
                0x0000000000000128       0xa8 ../../../libtock/build/cortex-m4/libtock.a(tock.o)
 .debug_aranges
                0x00000000000001d0       0x38 ../../../libtock/build/cortex-m4/libtock.a(alarm_internal.o)
 .debug_aranges
                0x0000000000000208       0x20 ../../../newlib/cortex-m/libc.a(lib_a-exit.o)
 .debug_aranges
                0x0000000000000228       0x18 ../../../newlib/cortex-m/libc.a(lib_a-impure.o)
 .debug_aranges
                0x0000000000000240       0x20 ../../../newlib/cortex-m/libc.a(lib_a-memcpy-stub.o)
 .debug_aranges
                0x0000000000000260       0x20 ../../../newlib/cortex-m/libc.a(lib_a-memset.o)
 .debug_aranges
                0x0000000000000280       0x28 ../../../newlib/cortex-m/libc.a(lib_a-printf.o)
 .debug_aranges
                0x00000000000002a8       0x28 ../../../newlib/cortex-m/libc.a(lib_a-puts.o)
 .debug_aranges
                0x00000000000002d0       0x28 ../../../newlib/cortex-m/libc.a(lib_a-wbuf.o)
 .debug_aranges
                0x00000000000002f8       0x20 ../../../newlib/cortex-m/libc.a(lib_a-wsetup.o)
 .debug_aranges
                0x0000000000000318       0x30 ../../../newlib/cortex-m/libc.a(lib_a-fflush.o)
 .debug_aranges
                0x0000000000000348       0x68 ../../../newlib/cortex-m/libc.a(lib_a-findfp.o)
 .debug_aranges
                0x00000000000003b0       0x28 ../../../newlib/cortex-m/libc.a(lib_a-fwalk.o)
 .debug_aranges
                0x00000000000003d8       0x28 ../../../newlib/cortex-m/libc.a(lib_a-makebuf.o)
 .debug_aranges
                0x0000000000000400       0x20 ../../../newlib/cortex-m/libc.a(lib_a-nano-freer.o)
 .debug_aranges
                0x0000000000000420       0x20 ../../../newlib/cortex-m/libc.a(lib_a-nano-mallocr.o)
 .debug_aranges
                0x0000000000000440       0x40 ../../../newlib/cortex-m/libc.a(lib_a-nano-vfprintf.o)
 .debug_aranges
                0x0000000000000480       0x20 ../../../newlib/cortex-m/libc.a(lib_a-sbrkr.o)
 .debug_aranges
                0x00000000000004a0       0x40 ../../../newlib/cortex-m/libc.a(lib_a-stdio.o)
 .debug_aranges
                0x00000000000004e0       0x20 ../../../newlib/cortex-m/libc.a(lib_a-writer.o)
 .debug_aranges
                0x0000000000000500       0x20 ../../../newlib/cortex-m/libc.a(lib_a-closer.o)
 .debug_aranges
                0x0000000000000520       0x20 ../../../newlib/cortex-m/libc.a(lib_a-fstatr.o)
 .debug_aranges
                0x0000000000000540       0x20 ../../../newlib/cortex-m/libc.a(lib_a-fvwrite.o)
 .debug_aranges
                0x0000000000000560       0x20 ../../../newlib/cortex-m/libc.a(lib_a-isattyr.o)
 .debug_aranges
                0x0000000000000580       0x20 ../../../newlib/cortex-m/libc.a(lib_a-lseekr.o)
 .debug_aranges
                0x00000000000005a0       0x20 ../../../newlib/cortex-m/libc.a(lib_a-memchr-stub.o)
 .debug_aranges
                0x00000000000005c0       0x20 ../../../newlib/cortex-m/libc.a(lib_a-memmove.o)
 .debug_aranges
                0x00000000000005e0       0x20 ../../../newlib/cortex-m/libc.a(lib_a-mlock.o)
 .debug_aranges
                0x0000000000000600       0x20 ../../../newlib/cortex-m/libc.a(lib_a-nano-reallocr.o)
 .debug_aranges
                0x0000000000000620       0x28 ../../../newlib/cortex-m/libc.a(lib_a-nano-vfprintf_i.o)
 .debug_aranges
                0x0000000000000648       0x20 ../../../newlib/cortex-m/libc.a(lib_a-readr.o)
 .debug_aranges
                0x0000000000000668       0x28 ../../../newlib/cortex-m/libc.a(lib_a-reent.o)
 .debug_aranges
                0x0000000000000690       0x20 ../../../newlib/cortex-m/libc.a(lib_a-nano-msizer.o)
 .debug_aranges
                0x00000000000006b0       0x20 ../../../libc++/cortex-m/libgcc.a(_udivsi3.o)
 .debug_aranges
                0x00000000000006d0       0x20 ../../../libc++/cortex-m/libgcc.a(_divsi3.o)
 .debug_aranges
                0x00000000000006f0       0x20 ../../../libc++/cortex-m/libgcc.a(_dvmd_tls.o)
 .debug_aranges
                0x0000000000000710       0x78 ../../../libtock/build/cortex-m4/libtock.a(sys.o)
 .debug_aranges
                0x0000000000000788       0x58 ../../../libtock/build/cortex-m4/libtock.a(console.o)
 .debug_aranges
                0x00000000000007e0       0x20 ../../../newlib/cortex-m/libc.a(lib_a-errno.o)
 .debug_aranges
                0x0000000000000800       0x28 ../../../newlib/cortex-m/libc.a(lib_a-malloc.o)
 .debug_aranges
                0x0000000000000828       0x20 ../../../newlib/cortex-m/libc.a(lib_a-strncpy.o)

.debug_ranges   0x0000000000000000      0x918
 .debug_ranges  0x0000000000000000       0x30 build/cortex-m4/main.o
 .debug_ranges  0x0000000000000030      0x108 ../../../libtock/build/cortex-m4/libtock.a(alarm_timer.o)
 .debug_ranges  0x0000000000000138       0x60 ../../../libtock/build/cortex-m4/libtock.a(crt0.o)
 .debug_ranges  0x0000000000000198       0x58 ../../../libtock/build/cortex-m4/libtock.a(gpio.o)
 .debug_ranges  0x00000000000001f0       0xb0 ../../../libtock/build/cortex-m4/libtock.a(tock.o)
 .debug_ranges  0x00000000000002a0       0x28 ../../../libtock/build/cortex-m4/libtock.a(alarm_internal.o)
 .debug_ranges  0x00000000000002c8       0x10 ../../../newlib/cortex-m/libc.a(lib_a-exit.o)
 .debug_ranges  0x00000000000002d8       0x10 ../../../newlib/cortex-m/libc.a(lib_a-memcpy-stub.o)
 .debug_ranges  0x00000000000002e8       0x10 ../../../newlib/cortex-m/libc.a(lib_a-memset.o)
 .debug_ranges  0x00000000000002f8       0x18 ../../../newlib/cortex-m/libc.a(lib_a-printf.o)
 .debug_ranges  0x0000000000000310       0x70 ../../../newlib/cortex-m/libc.a(lib_a-puts.o)
 .debug_ranges  0x0000000000000380       0x30 ../../../newlib/cortex-m/libc.a(lib_a-wbuf.o)
 .debug_ranges  0x00000000000003b0       0x40 ../../../newlib/cortex-m/libc.a(lib_a-wsetup.o)
 .debug_ranges  0x00000000000003f0       0x68 ../../../newlib/cortex-m/libc.a(lib_a-fflush.o)
 .debug_ranges  0x0000000000000458       0x58 ../../../newlib/cortex-m/libc.a(lib_a-findfp.o)
 .debug_ranges  0x00000000000004b0       0x18 ../../../newlib/cortex-m/libc.a(lib_a-fwalk.o)
 .debug_ranges  0x00000000000004c8       0x30 ../../../newlib/cortex-m/libc.a(lib_a-makebuf.o)
 .debug_ranges  0x00000000000004f8       0x28 ../../../newlib/cortex-m/libc.a(lib_a-nano-freer.o)
 .debug_ranges  0x0000000000000520       0x60 ../../../newlib/cortex-m/libc.a(lib_a-nano-mallocr.o)
 .debug_ranges  0x0000000000000580       0x48 ../../../newlib/cortex-m/libc.a(lib_a-nano-vfprintf.o)
 .debug_ranges  0x00000000000005c8       0x10 ../../../newlib/cortex-m/libc.a(lib_a-sbrkr.o)
 .debug_ranges  0x00000000000005d8       0x30 ../../../newlib/cortex-m/libc.a(lib_a-stdio.o)
 .debug_ranges  0x0000000000000608       0x10 ../../../newlib/cortex-m/libc.a(lib_a-writer.o)
 .debug_ranges  0x0000000000000618       0x28 ../../../newlib/cortex-m/libc.a(lib_a-closer.o)
 .debug_ranges  0x0000000000000640       0x28 ../../../newlib/cortex-m/libc.a(lib_a-fstatr.o)
 .debug_ranges  0x0000000000000668       0x30 ../../../newlib/cortex-m/libc.a(lib_a-fvwrite.o)
 .debug_ranges  0x0000000000000698       0x28 ../../../newlib/cortex-m/libc.a(lib_a-isattyr.o)
 .debug_ranges  0x00000000000006c0       0x10 ../../../newlib/cortex-m/libc.a(lib_a-lseekr.o)
 .debug_ranges  0x00000000000006d0       0x10 ../../../newlib/cortex-m/libc.a(lib_a-memchr-stub.o)
 .debug_ranges  0x00000000000006e0       0x10 ../../../newlib/cortex-m/libc.a(lib_a-memmove.o)
 .debug_ranges  0x00000000000006f0       0x10 ../../../newlib/cortex-m/libc.a(lib_a-mlock.o)
 .debug_ranges  0x0000000000000700       0x10 ../../../newlib/cortex-m/libc.a(lib_a-nano-reallocr.o)
 .debug_ranges  0x0000000000000710       0x88 ../../../newlib/cortex-m/libc.a(lib_a-nano-vfprintf_i.o)
 .debug_ranges  0x0000000000000798       0x10 ../../../newlib/cortex-m/libc.a(lib_a-readr.o)
 .debug_ranges  0x00000000000007a8       0x48 ../../../newlib/cortex-m/libc.a(lib_a-reent.o)
 .debug_ranges  0x00000000000007f0       0x10 ../../../newlib/cortex-m/libc.a(lib_a-nano-msizer.o)
 .debug_ranges  0x0000000000000800       0x68 ../../../libtock/build/cortex-m4/libtock.a(sys.o)
 .debug_ranges  0x0000000000000868       0x78 ../../../libtock/build/cortex-m4/libtock.a(console.o)
 .debug_ranges  0x00000000000008e0       0x10 ../../../newlib/cortex-m/libc.a(lib_a-errno.o)
 .debug_ranges  0x00000000000008f0       0x18 ../../../newlib/cortex-m/libc.a(lib_a-malloc.o)
 .debug_ranges  0x0000000000000908       0x10 ../../../newlib/cortex-m/libc.a(lib_a-strncpy.o)

.debug_line     0x0000000000000000     0x63fa
 .debug_line    0x0000000000000000      0x2ad build/cortex-m4/main.o
 .debug_line    0x00000000000002ad      0x633 ../../../libtock/build/cortex-m4/libtock.a(alarm_timer.o)
 .debug_line    0x00000000000008e0      0x2ae ../../../libtock/build/cortex-m4/libtock.a(crt0.o)
 .debug_line    0x0000000000000b8e      0x2aa ../../../libtock/build/cortex-m4/libtock.a(gpio.o)
 .debug_line    0x0000000000000e38      0x4f8 ../../../libtock/build/cortex-m4/libtock.a(tock.o)
 .debug_line    0x0000000000001330      0x21f ../../../libtock/build/cortex-m4/libtock.a(alarm_internal.o)
 .debug_line    0x000000000000154f      0x1a4 ../../../newlib/cortex-m/libc.a(lib_a-exit.o)
 .debug_line    0x00000000000016f3      0x119 ../../../newlib/cortex-m/libc.a(lib_a-impure.o)
 .debug_line    0x000000000000180c      0x1b1 ../../../newlib/cortex-m/libc.a(lib_a-memcpy-stub.o)
 .debug_line    0x00000000000019bd      0x216 ../../../newlib/cortex-m/libc.a(lib_a-memset.o)
 .debug_line    0x0000000000001bd3      0x205 ../../../newlib/cortex-m/libc.a(lib_a-printf.o)
 .debug_line    0x0000000000001dd8      0x264 ../../../newlib/cortex-m/libc.a(lib_a-puts.o)
 .debug_line    0x000000000000203c      0x241 ../../../newlib/cortex-m/libc.a(lib_a-wbuf.o)
 .debug_line    0x000000000000227d      0x234 ../../../newlib/cortex-m/libc.a(lib_a-wsetup.o)
 .debug_line    0x00000000000024b1      0x2b2 ../../../newlib/cortex-m/libc.a(lib_a-fflush.o)
 .debug_line    0x0000000000002763      0x303 ../../../newlib/cortex-m/libc.a(lib_a-findfp.o)
 .debug_line    0x0000000000002a66      0x22b ../../../newlib/cortex-m/libc.a(lib_a-fwalk.o)
 .debug_line    0x0000000000002c91      0x2be ../../../newlib/cortex-m/libc.a(lib_a-makebuf.o)
 .debug_line    0x0000000000002f4f      0x17a ../../../newlib/cortex-m/libc.a(lib_a-nano-freer.o)
 .debug_line    0x00000000000030c9      0x1f3 ../../../newlib/cortex-m/libc.a(lib_a-nano-mallocr.o)
 .debug_line    0x00000000000032bc      0x443 ../../../newlib/cortex-m/libc.a(lib_a-nano-vfprintf.o)
 .debug_line    0x00000000000036ff      0x1ab ../../../newlib/cortex-m/libc.a(lib_a-sbrkr.o)
 .debug_line    0x00000000000038aa      0x235 ../../../newlib/cortex-m/libc.a(lib_a-stdio.o)
 .debug_line    0x0000000000003adf      0x1a8 ../../../newlib/cortex-m/libc.a(lib_a-writer.o)
 .debug_line    0x0000000000003c87      0x1ac ../../../newlib/cortex-m/libc.a(lib_a-closer.o)
 .debug_line    0x0000000000003e33      0x24f ../../../newlib/cortex-m/libc.a(lib_a-fstatr.o)
 .debug_line    0x0000000000004082      0x2c3 ../../../newlib/cortex-m/libc.a(lib_a-fvwrite.o)
 .debug_line    0x0000000000004345      0x1ad ../../../newlib/cortex-m/libc.a(lib_a-isattyr.o)
 .debug_line    0x00000000000044f2      0x1a8 ../../../newlib/cortex-m/libc.a(lib_a-lseekr.o)
 .debug_line    0x000000000000469a      0x1b1 ../../../newlib/cortex-m/libc.a(lib_a-memchr-stub.o)
 .debug_line    0x000000000000484b      0x226 ../../../newlib/cortex-m/libc.a(lib_a-memmove.o)
 .debug_line    0x0000000000004a71      0x129 ../../../newlib/cortex-m/libc.a(lib_a-mlock.o)
 .debug_line    0x0000000000004b9a      0x1b9 ../../../newlib/cortex-m/libc.a(lib_a-nano-reallocr.o)
 .debug_line    0x0000000000004d53      0x439 ../../../newlib/cortex-m/libc.a(lib_a-nano-vfprintf_i.o)
 .debug_line    0x000000000000518c      0x1a7 ../../../newlib/cortex-m/libc.a(lib_a-readr.o)
 .debug_line    0x0000000000005333      0x1d5 ../../../newlib/cortex-m/libc.a(lib_a-reent.o)
 .debug_line    0x0000000000005508      0x13f ../../../newlib/cortex-m/libc.a(lib_a-nano-msizer.o)
 .debug_line    0x0000000000005647       0x78 ../../../libc++/cortex-m/libgcc.a(_udivsi3.o)
 .debug_line    0x00000000000056bf       0x86 ../../../libc++/cortex-m/libgcc.a(_divsi3.o)
 .debug_line    0x0000000000005745       0x61 ../../../libc++/cortex-m/libgcc.a(_dvmd_tls.o)
 .debug_line    0x00000000000057a6      0x39b ../../../libtock/build/cortex-m4/libtock.a(sys.o)
 .debug_line    0x0000000000005b41      0x424 ../../../libtock/build/cortex-m4/libtock.a(console.o)
 .debug_line    0x0000000000005f65      0x136 ../../../newlib/cortex-m/libc.a(lib_a-errno.o)
 .debug_line    0x000000000000609b      0x1be ../../../newlib/cortex-m/libc.a(lib_a-malloc.o)
 .debug_line    0x0000000000006259      0x1a1 ../../../newlib/cortex-m/libc.a(lib_a-strncpy.o)

.debug_str      0x0000000000000000     0x24e1
 .debug_str     0x0000000000000000      0x696 build/cortex-m4/main.o
                                        0x7a7 (size before relaxing)
 .debug_str     0x0000000000000696      0x19f ../../../libtock/build/cortex-m4/libtock.a(alarm_timer.o)
                                        0x80c (size before relaxing)
 .debug_str     0x0000000000000835       0xf2 ../../../libtock/build/cortex-m4/libtock.a(crt0.o)
                                        0x733 (size before relaxing)
 .debug_str     0x0000000000000927       0xef ../../../libtock/build/cortex-m4/libtock.a(gpio.o)
                                        0x77b (size before relaxing)
 .debug_str     0x0000000000000a16      0x1ae ../../../libtock/build/cortex-m4/libtock.a(tock.o)
                                        0x854 (size before relaxing)
 .debug_str     0x0000000000000bc4       0x41 ../../../libtock/build/cortex-m4/libtock.a(alarm_internal.o)
                                        0x6bf (size before relaxing)
 .debug_str     0x0000000000000c05      0x21d ../../../newlib/cortex-m/libc.a(lib_a-exit.o)
                                        0x67f (size before relaxing)
 .debug_str     0x0000000000000e22       0xc3 ../../../newlib/cortex-m/libc.a(lib_a-impure.o)
                                        0x633 (size before relaxing)
 .debug_str     0x0000000000000ee5       0xdf ../../../newlib/cortex-m/libc.a(lib_a-memcpy-stub.o)
                                        0x65d (size before relaxing)
 .debug_str     0x0000000000000fc4      0x324 ../../../newlib/cortex-m/libc.a(lib_a-memset.o)
                                        0x94c (size before relaxing)
 .debug_str     0x00000000000012e8      0x1ed ../../../newlib/cortex-m/libc.a(lib_a-printf.o)
                                        0x7ad (size before relaxing)
 .debug_str     0x00000000000014d5       0x79 ../../../newlib/cortex-m/libc.a(lib_a-puts.o)
                                        0x7b6 (size before relaxing)
 .debug_str     0x000000000000154e       0x6a ../../../newlib/cortex-m/libc.a(lib_a-wbuf.o)
                                        0x7bc (size before relaxing)
 .debug_str     0x00000000000015b8       0x58 ../../../newlib/cortex-m/libc.a(lib_a-wsetup.o)
                                        0x7b7 (size before relaxing)
 .debug_str     0x0000000000001610       0x73 ../../../newlib/cortex-m/libc.a(lib_a-fflush.o)
                                        0x7e5 (size before relaxing)
 .debug_str     0x0000000000001683      0x162 ../../../newlib/cortex-m/libc.a(lib_a-findfp.o)
                                        0x8d7 (size before relaxing)
 .debug_str     0x00000000000017e5       0x51 ../../../newlib/cortex-m/libc.a(lib_a-fwalk.o)
                                        0x7a9 (size before relaxing)
 .debug_str     0x0000000000001836      0x16a ../../../newlib/cortex-m/libc.a(lib_a-makebuf.o)
                                        0x923 (size before relaxing)
 .debug_str     0x00000000000019a0      0x130 ../../../newlib/cortex-m/libc.a(lib_a-nano-freer.o)
                                        0x763 (size before relaxing)
 .debug_str     0x0000000000001ad0       0x32 ../../../newlib/cortex-m/libc.a(lib_a-nano-mallocr.o)
                                        0x77a (size before relaxing)
 .debug_str     0x0000000000001b02      0x1ad ../../../newlib/cortex-m/libc.a(lib_a-nano-vfprintf.o)
                                        0xc94 (size before relaxing)
 .debug_str     0x0000000000001caf       0x57 ../../../newlib/cortex-m/libc.a(lib_a-sbrkr.o)
                                        0x676 (size before relaxing)
 .debug_str     0x0000000000001d06       0xa2 ../../../newlib/cortex-m/libc.a(lib_a-stdio.o)
                                        0x7fd (size before relaxing)
 .debug_str     0x0000000000001da8       0x43 ../../../newlib/cortex-m/libc.a(lib_a-writer.o)
                                        0x673 (size before relaxing)
 .debug_str     0x0000000000001deb       0x43 ../../../newlib/cortex-m/libc.a(lib_a-closer.o)
                                        0x663 (size before relaxing)
 .debug_str     0x0000000000001e2e       0x50 ../../../newlib/cortex-m/libc.a(lib_a-fstatr.o)
                                        0x7ca (size before relaxing)
 .debug_str     0x0000000000001e7e       0x75 ../../../newlib/cortex-m/libc.a(lib_a-fvwrite.o)
                                        0x836 (size before relaxing)
 .debug_str     0x0000000000001ef3       0x4c ../../../newlib/cortex-m/libc.a(lib_a-isattyr.o)
                                        0x66d (size before relaxing)
 .debug_str     0x0000000000001f3f       0x4a ../../../newlib/cortex-m/libc.a(lib_a-lseekr.o)
                                        0x671 (size before relaxing)
 .debug_str     0x0000000000001f89       0x61 ../../../newlib/cortex-m/libc.a(lib_a-memchr-stub.o)
                                        0x659 (size before relaxing)
 .debug_str     0x0000000000001fea       0x4e ../../../newlib/cortex-m/libc.a(lib_a-memmove.o)
                                        0x967 (size before relaxing)
 .debug_str     0x0000000000002038       0x5c ../../../newlib/cortex-m/libc.a(lib_a-mlock.o)
                                        0x65f (size before relaxing)
 .debug_str     0x0000000000002094       0x23 ../../../newlib/cortex-m/libc.a(lib_a-nano-reallocr.o)
                                        0x760 (size before relaxing)
 .debug_str     0x00000000000020b7       0xa4 ../../../newlib/cortex-m/libc.a(lib_a-nano-vfprintf_i.o)
                                        0xc1a (size before relaxing)
 .debug_str     0x000000000000215b       0x42 ../../../newlib/cortex-m/libc.a(lib_a-readr.o)
                                        0x671 (size before relaxing)
 .debug_str     0x000000000000219d       0x6e ../../../newlib/cortex-m/libc.a(lib_a-reent.o)
                                        0x66f (size before relaxing)
 .debug_str     0x000000000000220b        0xf ../../../newlib/cortex-m/libc.a(lib_a-nano-msizer.o)
                                        0x73e (size before relaxing)
 .debug_str     0x000000000000221a       0x84 ../../../libtock/build/cortex-m4/libtock.a(sys.o)
                                        0x848 (size before relaxing)
 .debug_str     0x000000000000229e       0xec ../../../libtock/build/cortex-m4/libtock.a(console.o)
                                        0x75d (size before relaxing)
 .debug_str     0x000000000000238a       0xb6 ../../../newlib/cortex-m/libc.a(lib_a-errno.o)
                                        0x645 (size before relaxing)
 .debug_str     0x0000000000002440       0x50 ../../../newlib/cortex-m/libc.a(lib_a-malloc.o)
                                        0x664 (size before relaxing)
 .debug_str     0x0000000000002490       0x51 ../../../newlib/cortex-m/libc.a(lib_a-strncpy.o)
                                        0x655 (size before relaxing)

.debug_frame    0x0000000000000000      0xfd8
 .debug_frame   0x0000000000000000       0x3c build/cortex-m4/main.o
 .debug_frame   0x000000000000003c      0x18c ../../../libtock/build/cortex-m4/libtock.a(alarm_timer.o)
 .debug_frame   0x00000000000001c8       0x38 ../../../libtock/build/cortex-m4/libtock.a(crt0.o)
 .debug_frame   0x0000000000000200       0xb0 ../../../libtock/build/cortex-m4/libtock.a(gpio.o)
 .debug_frame   0x00000000000002b0      0x16c ../../../libtock/build/cortex-m4/libtock.a(tock.o)
 .debug_frame   0x000000000000041c       0x50 ../../../libtock/build/cortex-m4/libtock.a(alarm_internal.o)
 .debug_frame   0x000000000000046c       0x34 ../../../newlib/cortex-m/libc.a(lib_a-exit.o)
 .debug_frame   0x00000000000004a0       0x28 ../../../newlib/cortex-m/libc.a(lib_a-memcpy-stub.o)
 .debug_frame   0x00000000000004c8       0x20 ../../../newlib/cortex-m/libc.a(lib_a-memset.o)
 .debug_frame   0x00000000000004e8       0x54 ../../../newlib/cortex-m/libc.a(lib_a-printf.o)
 .debug_frame   0x000000000000053c       0x50 ../../../newlib/cortex-m/libc.a(lib_a-puts.o)
 .debug_frame   0x000000000000058c       0x50 ../../../newlib/cortex-m/libc.a(lib_a-wbuf.o)
 .debug_frame   0x00000000000005dc       0x38 ../../../newlib/cortex-m/libc.a(lib_a-wsetup.o)
 .debug_frame   0x0000000000000614       0x70 ../../../newlib/cortex-m/libc.a(lib_a-fflush.o)
 .debug_frame   0x0000000000000684      0x168 ../../../newlib/cortex-m/libc.a(lib_a-findfp.o)
 .debug_frame   0x00000000000007ec       0x50 ../../../newlib/cortex-m/libc.a(lib_a-fwalk.o)
 .debug_frame   0x000000000000083c       0x58 ../../../newlib/cortex-m/libc.a(lib_a-makebuf.o)
 .debug_frame   0x0000000000000894       0x30 ../../../newlib/cortex-m/libc.a(lib_a-nano-freer.o)
 .debug_frame   0x00000000000008c4       0x34 ../../../newlib/cortex-m/libc.a(lib_a-nano-mallocr.o)
 .debug_frame   0x00000000000008f8       0xa8 ../../../newlib/cortex-m/libc.a(lib_a-nano-vfprintf.o)
 .debug_frame   0x00000000000009a0       0x30 ../../../newlib/cortex-m/libc.a(lib_a-sbrkr.o)
 .debug_frame   0x00000000000009d0       0x90 ../../../newlib/cortex-m/libc.a(lib_a-stdio.o)
 .debug_frame   0x0000000000000a60       0x30 ../../../newlib/cortex-m/libc.a(lib_a-writer.o)
 .debug_frame   0x0000000000000a90       0x30 ../../../newlib/cortex-m/libc.a(lib_a-closer.o)
 .debug_frame   0x0000000000000ac0       0x30 ../../../newlib/cortex-m/libc.a(lib_a-fstatr.o)
 .debug_frame   0x0000000000000af0       0x30 ../../../newlib/cortex-m/libc.a(lib_a-fvwrite.o)
 .debug_frame   0x0000000000000b20       0x30 ../../../newlib/cortex-m/libc.a(lib_a-isattyr.o)
 .debug_frame   0x0000000000000b50       0x30 ../../../newlib/cortex-m/libc.a(lib_a-lseekr.o)
 .debug_frame   0x0000000000000b80       0x20 ../../../newlib/cortex-m/libc.a(lib_a-memchr-stub.o)
 .debug_frame   0x0000000000000ba0       0x28 ../../../newlib/cortex-m/libc.a(lib_a-memmove.o)
 .debug_frame   0x0000000000000bc8       0x30 ../../../newlib/cortex-m/libc.a(lib_a-mlock.o)
 .debug_frame   0x0000000000000bf8       0x30 ../../../newlib/cortex-m/libc.a(lib_a-nano-reallocr.o)
 .debug_frame   0x0000000000000c28       0x58 ../../../newlib/cortex-m/libc.a(lib_a-nano-vfprintf_i.o)
 .debug_frame   0x0000000000000c80       0x30 ../../../newlib/cortex-m/libc.a(lib_a-readr.o)
 .debug_frame   0x0000000000000cb0       0x50 ../../../newlib/cortex-m/libc.a(lib_a-reent.o)
 .debug_frame   0x0000000000000d00       0x20 ../../../newlib/cortex-m/libc.a(lib_a-nano-msizer.o)
 .debug_frame   0x0000000000000d20       0x20 ../../../libc++/cortex-m/libgcc.a(_udivsi3.o)
 .debug_frame   0x0000000000000d40       0x20 ../../../libc++/cortex-m/libgcc.a(_divsi3.o)
 .debug_frame   0x0000000000000d60       0xf0 ../../../libtock/build/cortex-m4/libtock.a(sys.o)
 .debug_frame   0x0000000000000e50       0xf0 ../../../libtock/build/cortex-m4/libtock.a(console.o)
 .debug_frame   0x0000000000000f40       0x2c ../../../newlib/cortex-m/libc.a(lib_a-errno.o)
 .debug_frame   0x0000000000000f6c       0x40 ../../../newlib/cortex-m/libc.a(lib_a-malloc.o)
 .debug_frame   0x0000000000000fac       0x2c ../../../newlib/cortex-m/libc.a(lib_a-strncpy.o)
