Archive member included to satisfy reference by file (symbol)

../../../libtock/build/cortex-m0/libtock.a(alarm_timer.o)
                              build/cortex-m0/main.o (timer_every)
../../../libtock/build/cortex-m0/libtock.a(crt0.o)
                              (_start)
../../../libtock/build/cortex-m0/libtock.a(gpio.o)
                              build/cortex-m0/main.o (gpio_enable_input)
../../../libtock/build/cortex-m0/libtock.a(tock.o)
                              ../../../libtock/build/cortex-m0/libtock.a(alarm_timer.o) (tock_enqueue)
../../../libtock/build/cortex-m0/libtock.a(alarm_internal.o)
                              ../../../libtock/build/cortex-m0/libtock.a(alarm_timer.o) (alarm_internal_subscribe)
../../../newlib/cortex-m/libc.a(lib_a-exit.o)
                              ../../../libtock/build/cortex-m0/libtock.a(tock.o) (exit)
../../../newlib/cortex-m/libc.a(lib_a-impure.o)
                              ../../../newlib/cortex-m/libc.a(lib_a-exit.o) (_global_impure_ptr)
../../../newlib/cortex-m/libc.a(lib_a-memcpy-stub.o)
                              ../../../libtock/build/cortex-m0/libtock.a(crt0.o) (memcpy)
../../../newlib/cortex-m/libc.a(lib_a-memset.o)
                              ../../../libtock/build/cortex-m0/libtock.a(crt0.o) (memset)
../../../newlib/cortex-m/libc.a(lib_a-printf.o)
                              build/cortex-m0/main.o (printf)
../../../newlib/cortex-m/libc.a(lib_a-puts.o)
                              build/cortex-m0/main.o (puts)
../../../newlib/cortex-m/libc.a(lib_a-wbuf.o)
                              ../../../newlib/cortex-m/libc.a(lib_a-puts.o) (__swbuf_r)
../../../newlib/cortex-m/libc.a(lib_a-wsetup.o)
                              ../../../newlib/cortex-m/libc.a(lib_a-puts.o) (__swsetup_r)
../../../newlib/cortex-m/libc.a(lib_a-fflush.o)
                              ../../../newlib/cortex-m/libc.a(lib_a-wbuf.o) (_fflush_r)
../../../newlib/cortex-m/libc.a(lib_a-findfp.o)
                              ../../../newlib/cortex-m/libc.a(lib_a-printf.o) (__sinit)
../../../newlib/cortex-m/libc.a(lib_a-fwalk.o)
                              ../../../newlib/cortex-m/libc.a(lib_a-findfp.o) (_fwalk)
../../../newlib/cortex-m/libc.a(lib_a-makebuf.o)
                              ../../../newlib/cortex-m/libc.a(lib_a-wsetup.o) (__smakebuf_r)
../../../newlib/cortex-m/libc.a(lib_a-nano-freer.o)
                              ../../../newlib/cortex-m/libc.a(lib_a-wsetup.o) (_free_r)
../../../newlib/cortex-m/libc.a(lib_a-nano-mallocr.o)
                              ../../../newlib/cortex-m/libc.a(lib_a-findfp.o) (_malloc_r)
../../../newlib/cortex-m/libc.a(lib_a-nano-vfprintf.o)
                              ../../../newlib/cortex-m/libc.a(lib_a-printf.o) (_vfprintf_r)
../../../newlib/cortex-m/libc.a(lib_a-sbrkr.o)
                              ../../../newlib/cortex-m/libc.a(lib_a-nano-mallocr.o) (_sbrk_r)
../../../newlib/cortex-m/libc.a(lib_a-stdio.o)
                              ../../../newlib/cortex-m/libc.a(lib_a-findfp.o) (__sread)
../../../newlib/cortex-m/libc.a(lib_a-writer.o)
                              ../../../newlib/cortex-m/libc.a(lib_a-stdio.o) (_write_r)
../../../newlib/cortex-m/libc.a(lib_a-closer.o)
                              ../../../newlib/cortex-m/libc.a(lib_a-stdio.o) (_close_r)
../../../newlib/cortex-m/libc.a(lib_a-fstatr.o)
                              ../../../newlib/cortex-m/libc.a(lib_a-makebuf.o) (_fstat_r)
../../../newlib/cortex-m/libc.a(lib_a-fvwrite.o)
                              ../../../newlib/cortex-m/libc.a(lib_a-nano-vfprintf.o) (__sfvwrite_r)
../../../newlib/cortex-m/libc.a(lib_a-isattyr.o)
                              ../../../newlib/cortex-m/libc.a(lib_a-makebuf.o) (_isatty_r)
../../../newlib/cortex-m/libc.a(lib_a-lseekr.o)
                              ../../../newlib/cortex-m/libc.a(lib_a-stdio.o) (_lseek_r)
../../../newlib/cortex-m/libc.a(lib_a-memchr-stub.o)
                              ../../../newlib/cortex-m/libc.a(lib_a-nano-vfprintf.o) (memchr)
../../../newlib/cortex-m/libc.a(lib_a-memmove.o)
                              ../../../newlib/cortex-m/libc.a(lib_a-fvwrite.o) (memmove)
../../../newlib/cortex-m/libc.a(lib_a-mlock.o)
                              ../../../newlib/cortex-m/libc.a(lib_a-nano-freer.o) (__malloc_lock)
../../../newlib/cortex-m/libc.a(lib_a-nano-reallocr.o)
                              ../../../newlib/cortex-m/libc.a(lib_a-fvwrite.o) (_realloc_r)
../../../newlib/cortex-m/libc.a(lib_a-nano-vfprintf_i.o)
                              ../../../newlib/cortex-m/libc.a(lib_a-nano-vfprintf.o) (_printf_i)
../../../newlib/cortex-m/libc.a(lib_a-readr.o)
                              ../../../newlib/cortex-m/libc.a(lib_a-stdio.o) (_read_r)
../../../newlib/cortex-m/libc.a(lib_a-reent.o)
                              ../../../newlib/cortex-m/libc.a(lib_a-sbrkr.o) (errno)
../../../newlib/cortex-m/libc.a(lib_a-nano-msizer.o)
                              ../../../newlib/cortex-m/libc.a(lib_a-nano-reallocr.o) (_malloc_usable_size_r)
../../../libc++/cortex-m/libgcc.a(_thumb1_case_uqi.o)
                              ../../../libtock/build/cortex-m0/libtock.a(tock.o) (__gnu_thumb1_case_uqi)
../../../libc++/cortex-m/libgcc.a(_udivsi3.o)
                              ../../../libtock/build/cortex-m0/libtock.a(alarm_timer.o) (__aeabi_uidiv)
../../../libc++/cortex-m/libgcc.a(_divsi3.o)
                              ../../../newlib/cortex-m/libc.a(lib_a-fvwrite.o) (__aeabi_idiv)
../../../libc++/cortex-m/libgcc.a(_dvmd_tls.o)
                              ../../../libc++/cortex-m/libgcc.a(_udivsi3.o) (__aeabi_idiv0)
../../../libtock/build/cortex-m0/libtock.a(sys.o)
                              ../../../newlib/cortex-m/libc.a(lib_a-isattyr.o) (_isatty)
../../../libtock/build/cortex-m0/libtock.a(console.o)
                              ../../../libtock/build/cortex-m0/libtock.a(sys.o) (putnstr)
../../../newlib/cortex-m/libc.a(lib_a-errno.o)
                              ../../../libtock/build/cortex-m0/libtock.a(sys.o) (__errno)
../../../newlib/cortex-m/libc.a(lib_a-malloc.o)
                              ../../../libtock/build/cortex-m0/libtock.a(console.o) (malloc)
../../../newlib/cortex-m/libc.a(lib_a-strncpy.o)
                              ../../../libtock/build/cortex-m0/libtock.a(console.o) (strncpy)

Allocating common symbols
Common symbol       size              file

errno               0x4               ../../../newlib/cortex-m/libc.a(lib_a-reent.o)

Discarded input sections

 .text          0x0000000000000000        0x0 build/cortex-m0/main.o
 .text          0x0000000000000000        0x0 ../../../libtock/build/cortex-m0/libtock.a(alarm_timer.o)
 .text.delay_cb.6398
                0x0000000000000000        0x6 ../../../libtock/build/cortex-m0/libtock.a(alarm_timer.o)
 .text.yield_for_timeout_cb.6410
                0x0000000000000000        0x6 ../../../libtock/build/cortex-m0/libtock.a(alarm_timer.o)
 .text.alarm_cancel
                0x0000000000000000       0x44 ../../../libtock/build/cortex-m0/libtock.a(alarm_timer.o)
 .text.timer_in
                0x0000000000000000       0x50 ../../../libtock/build/cortex-m0/libtock.a(alarm_timer.o)
 .text.timer_cancel
                0x0000000000000000        0xa ../../../libtock/build/cortex-m0/libtock.a(alarm_timer.o)
 .text.delay_ms
                0x0000000000000000       0x30 ../../../libtock/build/cortex-m0/libtock.a(alarm_timer.o)
 .text.yield_for_with_timeout
                0x0000000000000000       0x50 ../../../libtock/build/cortex-m0/libtock.a(alarm_timer.o)
 .text          0x0000000000000000        0x0 ../../../libtock/build/cortex-m0/libtock.a(crt0.o)
 .text          0x0000000000000000        0x0 ../../../libtock/build/cortex-m0/libtock.a(gpio.o)
 .text.gpio_enable_output
                0x0000000000000000       0x10 ../../../libtock/build/cortex-m0/libtock.a(gpio.o)
 .text.gpio_set
                0x0000000000000000       0x10 ../../../libtock/build/cortex-m0/libtock.a(gpio.o)
 .text.gpio_clear
                0x0000000000000000       0x10 ../../../libtock/build/cortex-m0/libtock.a(gpio.o)
 .text.gpio_toggle
                0x0000000000000000       0x10 ../../../libtock/build/cortex-m0/libtock.a(gpio.o)
 .text.gpio_enable_interrupt
                0x0000000000000000       0x10 ../../../libtock/build/cortex-m0/libtock.a(gpio.o)
 .text.gpio_disable_interrupt
                0x0000000000000000       0x10 ../../../libtock/build/cortex-m0/libtock.a(gpio.o)
 .text.gpio_disable
                0x0000000000000000       0x10 ../../../libtock/build/cortex-m0/libtock.a(gpio.o)
 .text.gpio_interrupt_callback
                0x0000000000000000       0x10 ../../../libtock/build/cortex-m0/libtock.a(gpio.o)
 .text          0x0000000000000000        0x0 ../../../libtock/build/cortex-m0/libtock.a(tock.o)
 .text.tock_app_memory_begins_at
                0x0000000000000000        0xc ../../../libtock/build/cortex-m0/libtock.a(tock.o)
 .text.tock_app_memory_ends_at
                0x0000000000000000        0xc ../../../libtock/build/cortex-m0/libtock.a(tock.o)
 .text.tock_app_flash_begins_at
                0x0000000000000000        0xc ../../../libtock/build/cortex-m0/libtock.a(tock.o)
 .text.tock_app_flash_ends_at
                0x0000000000000000        0xc ../../../libtock/build/cortex-m0/libtock.a(tock.o)
 .text.tock_app_grant_begins_at
                0x0000000000000000        0xc ../../../libtock/build/cortex-m0/libtock.a(tock.o)
 .text.tock_app_number_writeable_flash_regions
                0x0000000000000000        0xc ../../../libtock/build/cortex-m0/libtock.a(tock.o)
 .text.tock_app_writeable_flash_region_begins_at
                0x0000000000000000        0xc ../../../libtock/build/cortex-m0/libtock.a(tock.o)
 .text.tock_app_writeable_flash_region_ends_at
                0x0000000000000000        0xc ../../../libtock/build/cortex-m0/libtock.a(tock.o)
 .text.driver_exists
                0x0000000000000000       0x12 ../../../libtock/build/cortex-m0/libtock.a(tock.o)
 .text.tock_strerror
                0x0000000000000000       0xa0 ../../../libtock/build/cortex-m0/libtock.a(tock.o)
 .text.tock_expect
                0x0000000000000000       0x54 ../../../libtock/build/cortex-m0/libtock.a(tock.o)
 .rodata.tock_expect.str1.1
                0x0000000000000000       0x65 ../../../libtock/build/cortex-m0/libtock.a(tock.o)
 .rodata.tock_strerror.str1.1
                0x0000000000000000      0x1aa ../../../libtock/build/cortex-m0/libtock.a(tock.o)
 .text          0x0000000000000000        0x0 ../../../libtock/build/cortex-m0/libtock.a(alarm_internal.o)
 .text.alarm_internal_stop
                0x0000000000000000       0x10 ../../../libtock/build/cortex-m0/libtock.a(alarm_internal.o)
 .text          0x0000000000000000        0x0 ../../../newlib/cortex-m/libc.a(lib_a-exit.o)
 .text.exit     0x0000000000000000       0x38 ../../../newlib/cortex-m/libc.a(lib_a-exit.o)
 .text          0x0000000000000000        0x0 ../../../newlib/cortex-m/libc.a(lib_a-impure.o)
 .text          0x0000000000000000        0x0 ../../../newlib/cortex-m/libc.a(lib_a-memcpy-stub.o)
 .text          0x0000000000000000        0x0 ../../../newlib/cortex-m/libc.a(lib_a-memset.o)
 .text          0x0000000000000000        0x0 ../../../newlib/cortex-m/libc.a(lib_a-printf.o)
 .text._printf_r
                0x0000000000000000       0x2c ../../../newlib/cortex-m/libc.a(lib_a-printf.o)
 .text          0x0000000000000000        0x0 ../../../newlib/cortex-m/libc.a(lib_a-puts.o)
 .text          0x0000000000000000        0x0 ../../../newlib/cortex-m/libc.a(lib_a-wbuf.o)
 .text.__swbuf  0x0000000000000000       0x20 ../../../newlib/cortex-m/libc.a(lib_a-wbuf.o)
 .text          0x0000000000000000        0x0 ../../../newlib/cortex-m/libc.a(lib_a-wsetup.o)
 .text          0x0000000000000000        0x0 ../../../newlib/cortex-m/libc.a(lib_a-fflush.o)
 .text.fflush   0x0000000000000000       0x40 ../../../newlib/cortex-m/libc.a(lib_a-fflush.o)
 .text          0x0000000000000000        0x0 ../../../newlib/cortex-m/libc.a(lib_a-findfp.o)
 .text.__fp_unlock
                0x0000000000000000        0x4 ../../../newlib/cortex-m/libc.a(lib_a-findfp.o)
 .text.__fp_lock
                0x0000000000000000        0x4 ../../../newlib/cortex-m/libc.a(lib_a-findfp.o)
 .text._cleanup
                0x0000000000000000       0x18 ../../../newlib/cortex-m/libc.a(lib_a-findfp.o)
 .text.__fp_lock_all
                0x0000000000000000       0x30 ../../../newlib/cortex-m/libc.a(lib_a-findfp.o)
 .text.__fp_unlock_all
                0x0000000000000000       0x30 ../../../newlib/cortex-m/libc.a(lib_a-findfp.o)
 .text          0x0000000000000000        0x0 ../../../newlib/cortex-m/libc.a(lib_a-fwalk.o)
 .text._fwalk   0x0000000000000000       0x3a ../../../newlib/cortex-m/libc.a(lib_a-fwalk.o)
 .text          0x0000000000000000        0x0 ../../../newlib/cortex-m/libc.a(lib_a-makebuf.o)
 .text          0x0000000000000000        0x0 ../../../newlib/cortex-m/libc.a(lib_a-nano-freer.o)
 .text          0x0000000000000000        0x0 ../../../newlib/cortex-m/libc.a(lib_a-nano-mallocr.o)
 .text          0x0000000000000000        0x0 ../../../newlib/cortex-m/libc.a(lib_a-nano-vfprintf.o)
 .text.__sprint_r
                0x0000000000000000       0x1c ../../../newlib/cortex-m/libc.a(lib_a-nano-vfprintf.o)
 .text.vfprintf
                0x0000000000000000       0x24 ../../../newlib/cortex-m/libc.a(lib_a-nano-vfprintf.o)
 .text          0x0000000000000000        0x0 ../../../newlib/cortex-m/libc.a(lib_a-sbrkr.o)
 .text          0x0000000000000000        0x0 ../../../newlib/cortex-m/libc.a(lib_a-stdio.o)
 .text.__seofread
                0x0000000000000000        0x4 ../../../newlib/cortex-m/libc.a(lib_a-stdio.o)
 .text          0x0000000000000000        0x0 ../../../newlib/cortex-m/libc.a(lib_a-writer.o)
 .text          0x0000000000000000        0x0 ../../../newlib/cortex-m/libc.a(lib_a-closer.o)
 .text          0x0000000000000000        0x0 ../../../newlib/cortex-m/libc.a(lib_a-fstatr.o)
 .text          0x0000000000000000        0x0 ../../../newlib/cortex-m/libc.a(lib_a-fvwrite.o)
 .text.__sfvwrite_r
                0x0000000000000000      0x2c4 ../../../newlib/cortex-m/libc.a(lib_a-fvwrite.o)
 .text          0x0000000000000000        0x0 ../../../newlib/cortex-m/libc.a(lib_a-isattyr.o)
 .text          0x0000000000000000        0x0 ../../../newlib/cortex-m/libc.a(lib_a-lseekr.o)
 .text          0x0000000000000000        0x0 ../../../newlib/cortex-m/libc.a(lib_a-memchr-stub.o)
 .text          0x0000000000000000        0x0 ../../../newlib/cortex-m/libc.a(lib_a-memmove.o)
 .text.memmove  0x0000000000000000       0x24 ../../../newlib/cortex-m/libc.a(lib_a-memmove.o)
 .text          0x0000000000000000        0x0 ../../../newlib/cortex-m/libc.a(lib_a-mlock.o)
 .text          0x0000000000000000        0x0 ../../../newlib/cortex-m/libc.a(lib_a-nano-reallocr.o)
 .text._realloc_r
                0x0000000000000000       0x4c ../../../newlib/cortex-m/libc.a(lib_a-nano-reallocr.o)
 .text          0x0000000000000000        0x0 ../../../newlib/cortex-m/libc.a(lib_a-nano-vfprintf_i.o)
 .text          0x0000000000000000        0x0 ../../../newlib/cortex-m/libc.a(lib_a-readr.o)
 .text          0x0000000000000000        0x0 ../../../newlib/cortex-m/libc.a(lib_a-reent.o)
 .text.cleanup_glue
                0x0000000000000000       0x1a ../../../newlib/cortex-m/libc.a(lib_a-reent.o)
 .text._reclaim_reent
                0x0000000000000000       0xd8 ../../../newlib/cortex-m/libc.a(lib_a-reent.o)
 .text          0x0000000000000000        0x0 ../../../newlib/cortex-m/libc.a(lib_a-nano-msizer.o)
 .text._malloc_usable_size_r
                0x0000000000000000       0x10 ../../../newlib/cortex-m/libc.a(lib_a-nano-msizer.o)
 .text          0x0000000000000000       0x14 ../../../libc++/cortex-m/libgcc.a(_thumb1_case_uqi.o)
 .text          0x0000000000000000       0xc0 ../../../libc++/cortex-m/libgcc.a(_divsi3.o)
 .text          0x0000000000000000        0x0 ../../../libtock/build/cortex-m0/libtock.a(sys.o)
 .text._unlink  0x0000000000000000        0x6 ../../../libtock/build/cortex-m0/libtock.a(sys.o)
 .text._open    0x0000000000000000        0xa ../../../libtock/build/cortex-m0/libtock.a(sys.o)
 .text._exit    0x0000000000000000        0x2 ../../../libtock/build/cortex-m0/libtock.a(sys.o)
 .text._getpid  0x0000000000000000        0x4 ../../../libtock/build/cortex-m0/libtock.a(sys.o)
 .text._kill    0x0000000000000000        0x6 ../../../libtock/build/cortex-m0/libtock.a(sys.o)
 .text          0x0000000000000000        0x0 ../../../libtock/build/cortex-m0/libtock.a(console.o)
 .text.getnstr_cb
                0x0000000000000000       0x18 ../../../libtock/build/cortex-m0/libtock.a(console.o)
 .text.getnstr_async
                0x0000000000000000       0x36 ../../../libtock/build/cortex-m0/libtock.a(console.o)
 .text.getnstr  0x0000000000000000       0x40 ../../../libtock/build/cortex-m0/libtock.a(console.o)
 .text.getch    0x0000000000000000       0x1c ../../../libtock/build/cortex-m0/libtock.a(console.o)
 .text.getnstr_abort
                0x0000000000000000       0x10 ../../../libtock/build/cortex-m0/libtock.a(console.o)
 .text          0x0000000000000000        0x0 ../../../newlib/cortex-m/libc.a(lib_a-errno.o)
 .text          0x0000000000000000        0x0 ../../../newlib/cortex-m/libc.a(lib_a-malloc.o)
 .text          0x0000000000000000        0x0 ../../../newlib/cortex-m/libc.a(lib_a-strncpy.o)

Memory Configuration

Name             Origin             Length             Attributes
FLASH            0x0000000080000000 0x0000000000040000 xr
SRAM             0x0000000000000000 0x0000000000010000 xrw
*default*        0x0000000000000000 0xffffffffffffffff

Linker script and memory map

                0x0000000000000800                STACK_SIZE = 0x800
                0x0000000000000400                APP_HEAP_SIZE = 0x400
                0x0000000000000400                KERNEL_HEAP_SIZE = 0x400
START GROUP
LOAD build/cortex-m0/main.o
LOAD ../../../libtock/build/cortex-m0/libtock.a
LOAD ../../../newlib/cortex-m/libc.a
LOAD ../../../newlib/cortex-m/libm.a
LOAD ../../../libc++/cortex-m/libstdc++.a
LOAD ../../../libc++/cortex-m/libsupc++.a
LOAD ../../../libc++/cortex-m/libgcc.a
END GROUP
                0x0000000000040000                PROG_LENGTH = 0x40000
                0x0000000000010000                RAM_LENGTH = 0x10000

.crt0_header    0x0000000080000000       0x28
                0x0000000080000000                _beginning = .
                0x0000000080000000        0x4 LONG 0x1934 (LOADADDR (.got) - _beginning)
                0x0000000080000004        0x4 LONG 0x0 _got
                0x0000000080000008        0x4 LONG 0xa4 SIZEOF (.got)
                0x000000008000000c        0x4 LONG 0x19d8 (LOADADDR (.data) - _beginning)
                0x0000000080000010        0x4 LONG 0xa4 _data
                0x0000000080000014        0x4 LONG 0x70 SIZEOF (.data)
                0x0000000080000018        0x4 LONG 0x114 _bss
                0x000000008000001c        0x4 LONG 0x16c SIZEOF (.bss)
                0x0000000080000020        0x4 LONG 0x1a48 (LOADADDR (.endflash) - _beginning)
                0x0000000080000024        0x4 LONG 0x800 STACK_SIZE

.wfr.app_state  0x0000000080000028        0x0
 *(.app_state)
                0x0000000080000028                . = ALIGN (0x4)

.text           0x0000000080000028     0x190c
                0x0000000080000028                . = ALIGN (0x4)
                0x0000000080000028                _text = .
 *(.start)
 .start         0x0000000080000028       0x3e ../../../libtock/build/cortex-m0/libtock.a(crt0.o)
                0x0000000080000028                _start
 *(.text*)
 *fill*         0x0000000080000066        0x2 ff
 .text.timer_cb
                0x0000000080000068       0x20 build/cortex-m0/main.o
 .text.startup.main
                0x0000000080000088       0x80 build/cortex-m0/main.o
                0x0000000080000088                main
 .text.alarm_read
                0x0000000080000108       0x10 ../../../libtock/build/cortex-m0/libtock.a(alarm_timer.o)
                0x0000000080000108                alarm_read
 .text.alarm_at
                0x0000000080000118       0x80 ../../../libtock/build/cortex-m0/libtock.a(alarm_timer.o)
                0x0000000080000118                alarm_at
 .text.repeating_cb
                0x0000000080000198       0x34 ../../../libtock/build/cortex-m0/libtock.a(alarm_timer.o)
 .text.callback
                0x00000000800001cc       0x60 ../../../libtock/build/cortex-m0/libtock.a(alarm_timer.o)
 .text.timer_every
                0x000000008000022c       0x68 ../../../libtock/build/cortex-m0/libtock.a(alarm_timer.o)
                0x000000008000022c                timer_every
 .text._c_start
                0x0000000080000294       0x8a ../../../libtock/build/cortex-m0/libtock.a(crt0.o)
                0x0000000080000294                _c_start
 .text.gpio_enable_input
                0x000000008000031e       0x10 ../../../libtock/build/cortex-m0/libtock.a(gpio.o)
                0x000000008000031e                gpio_enable_input
 .text.gpio_read
                0x000000008000032e       0x10 ../../../libtock/build/cortex-m0/libtock.a(gpio.o)
                0x000000008000032e                gpio_read
 *fill*         0x000000008000033e        0x2 ff
 .text.tock_enqueue
                0x0000000080000340       0x6c ../../../libtock/build/cortex-m0/libtock.a(tock.o)
                0x0000000080000340                tock_enqueue
 .text.yield    0x00000000800003ac       0x5c ../../../libtock/build/cortex-m0/libtock.a(tock.o)
                0x00000000800003ac                yield
 .text.yield_for
                0x0000000080000408       0x12 ../../../libtock/build/cortex-m0/libtock.a(tock.o)
                0x0000000080000408                yield_for
 .text.subscribe
                0x000000008000041a        0x4 ../../../libtock/build/cortex-m0/libtock.a(tock.o)
                0x000000008000041a                subscribe
 .text.command  0x000000008000041e        0x4 ../../../libtock/build/cortex-m0/libtock.a(tock.o)
                0x000000008000041e                command
 .text.allow    0x0000000080000422        0x4 ../../../libtock/build/cortex-m0/libtock.a(tock.o)
                0x0000000080000422                allow
 .text.memop    0x0000000080000426        0x4 ../../../libtock/build/cortex-m0/libtock.a(tock.o)
                0x0000000080000426                memop
 .text.alarm_internal_subscribe
                0x000000008000042a       0x10 ../../../libtock/build/cortex-m0/libtock.a(alarm_internal.o)
                0x000000008000042a                alarm_internal_subscribe
 .text.alarm_internal_set
                0x000000008000043a       0x10 ../../../libtock/build/cortex-m0/libtock.a(alarm_internal.o)
                0x000000008000043a                alarm_internal_set
 .text.alarm_internal_frequency
                0x000000008000044a       0x10 ../../../libtock/build/cortex-m0/libtock.a(alarm_internal.o)
                0x000000008000044a                alarm_internal_frequency
 .text.memcpy   0x000000008000045a       0x12 ../../../newlib/cortex-m/libc.a(lib_a-memcpy-stub.o)
                0x000000008000045a                memcpy
 .text.memset   0x000000008000046c       0x10 ../../../newlib/cortex-m/libc.a(lib_a-memset.o)
                0x000000008000046c                memset
 .text.printf   0x000000008000047c       0x44 ../../../newlib/cortex-m/libc.a(lib_a-printf.o)
                0x000000008000047c                printf
                0x000000008000047c                iprintf
 .text._puts_r  0x00000000800004c0       0xdc ../../../newlib/cortex-m/libc.a(lib_a-puts.o)
                0x00000000800004c0                _puts_r
 .text.puts     0x000000008000059c       0x1c ../../../newlib/cortex-m/libc.a(lib_a-puts.o)
                0x000000008000059c                puts
 .text.__swbuf_r
                0x00000000800005b8       0xc8 ../../../newlib/cortex-m/libc.a(lib_a-wbuf.o)
                0x00000000800005b8                __swbuf_r
 .text.__swsetup_r
                0x0000000080000680      0x108 ../../../newlib/cortex-m/libc.a(lib_a-wsetup.o)
                0x0000000080000680                __swsetup_r
 .text.__sflush_r
                0x0000000080000788      0x11c ../../../newlib/cortex-m/libc.a(lib_a-fflush.o)
                0x0000000080000788                __sflush_r
 .text._fflush_r
                0x00000000800008a4       0x74 ../../../newlib/cortex-m/libc.a(lib_a-fflush.o)
                0x00000000800008a4                _fflush_r
 .text._cleanup_r
                0x0000000080000918       0x20 ../../../newlib/cortex-m/libc.a(lib_a-findfp.o)
                0x0000000080000918                _cleanup_r
 .text.std.isra.0
                0x0000000080000938       0x64 ../../../newlib/cortex-m/libc.a(lib_a-findfp.o)
 .text.__sfmoreglue
                0x000000008000099c       0x2c ../../../newlib/cortex-m/libc.a(lib_a-findfp.o)
                0x000000008000099c                __sfmoreglue
 .text.__sfp_lock_acquire
                0x00000000800009c8        0x2 ../../../newlib/cortex-m/libc.a(lib_a-findfp.o)
                0x00000000800009c8                __sfp_lock_acquire
 .text.__sfp_lock_release
                0x00000000800009ca        0x2 ../../../newlib/cortex-m/libc.a(lib_a-findfp.o)
                0x00000000800009ca                __sfp_lock_release
 .text.__sinit_lock_acquire
                0x00000000800009cc        0x2 ../../../newlib/cortex-m/libc.a(lib_a-findfp.o)
                0x00000000800009cc                __sinit_lock_acquire
 .text.__sinit_lock_release
                0x00000000800009ce        0x2 ../../../newlib/cortex-m/libc.a(lib_a-findfp.o)
                0x00000000800009ce                __sinit_lock_release
 .text.__sinit  0x00000000800009d0       0x84 ../../../newlib/cortex-m/libc.a(lib_a-findfp.o)
                0x00000000800009d0                __sinit
 .text.__sfp    0x0000000080000a54       0x94 ../../../newlib/cortex-m/libc.a(lib_a-findfp.o)
                0x0000000080000a54                __sfp
 .text._fwalk_reent
                0x0000000080000ae8       0x44 ../../../newlib/cortex-m/libc.a(lib_a-fwalk.o)
                0x0000000080000ae8                _fwalk_reent
 .text.__swhatbuf_r
                0x0000000080000b2c       0x50 ../../../newlib/cortex-m/libc.a(lib_a-makebuf.o)
                0x0000000080000b2c                __swhatbuf_r
 .text.__smakebuf_r
                0x0000000080000b7c       0x98 ../../../newlib/cortex-m/libc.a(lib_a-makebuf.o)
                0x0000000080000b7c                __smakebuf_r
 .text._free_r  0x0000000080000c14       0xa0 ../../../newlib/cortex-m/libc.a(lib_a-nano-freer.o)
                0x0000000080000c14                _free_r
 .text._malloc_r
                0x0000000080000cb4       0xcc ../../../newlib/cortex-m/libc.a(lib_a-nano-mallocr.o)
                0x0000000080000cb4                _malloc_r
 .text.__sfputc_r
                0x0000000080000d80       0x2a ../../../newlib/cortex-m/libc.a(lib_a-nano-vfprintf.o)
 .text.__sfputs_r
                0x0000000080000daa       0x24 ../../../newlib/cortex-m/libc.a(lib_a-nano-vfprintf.o)
                0x0000000080000daa                __sfputs_r
 *fill*         0x0000000080000dce        0x2 ff
 .text._vfprintf_r
                0x0000000080000dd0      0x288 ../../../newlib/cortex-m/libc.a(lib_a-nano-vfprintf.o)
                0x0000000080000dd0                _vfiprintf_r
                0x0000000080000dd0                _vfprintf_r
 .text._sbrk_r  0x0000000080001058       0x30 ../../../newlib/cortex-m/libc.a(lib_a-sbrkr.o)
                0x0000000080001058                _sbrk_r
 .text.__sread  0x0000000080001088       0x28 ../../../newlib/cortex-m/libc.a(lib_a-stdio.o)
                0x0000000080001088                __sread
 .text.__swrite
                0x00000000800010b0       0x38 ../../../newlib/cortex-m/libc.a(lib_a-stdio.o)
                0x00000000800010b0                __swrite
 .text.__sseek  0x00000000800010e8       0x2c ../../../newlib/cortex-m/libc.a(lib_a-stdio.o)
                0x00000000800010e8                __sseek
 .text.__sclose
                0x0000000080001114        0xc ../../../newlib/cortex-m/libc.a(lib_a-stdio.o)
                0x0000000080001114                __sclose
 .text._write_r
                0x0000000080001120       0x34 ../../../newlib/cortex-m/libc.a(lib_a-writer.o)
                0x0000000080001120                _write_r
 .text._close_r
                0x0000000080001154       0x30 ../../../newlib/cortex-m/libc.a(lib_a-closer.o)
                0x0000000080001154                _close_r
 .text._fstat_r
                0x0000000080001184       0x30 ../../../newlib/cortex-m/libc.a(lib_a-fstatr.o)
                0x0000000080001184                _fstat_r
 .text._isatty_r
                0x00000000800011b4       0x30 ../../../newlib/cortex-m/libc.a(lib_a-isattyr.o)
                0x00000000800011b4                _isatty_r
 .text._lseek_r
                0x00000000800011e4       0x34 ../../../newlib/cortex-m/libc.a(lib_a-lseekr.o)
                0x00000000800011e4                _lseek_r
 .text.memchr   0x0000000080001218       0x16 ../../../newlib/cortex-m/libc.a(lib_a-memchr-stub.o)
                0x0000000080001218                memchr
 .text.__malloc_lock
                0x000000008000122e        0x2 ../../../newlib/cortex-m/libc.a(lib_a-mlock.o)
                0x000000008000122e                __malloc_lock
 .text.__malloc_unlock
                0x0000000080001230        0x2 ../../../newlib/cortex-m/libc.a(lib_a-mlock.o)
                0x0000000080001230                __malloc_unlock
 .text._printf_common
                0x0000000080001232       0xdc ../../../newlib/cortex-m/libc.a(lib_a-nano-vfprintf_i.o)
                0x0000000080001232                _printf_common
 *fill*         0x000000008000130e        0x2 ff
 .text._printf_i
                0x0000000080001310      0x248 ../../../newlib/cortex-m/libc.a(lib_a-nano-vfprintf_i.o)
                0x0000000080001310                _printf_i
 .text._read_r  0x0000000080001558       0x34 ../../../newlib/cortex-m/libc.a(lib_a-readr.o)
                0x0000000080001558                _read_r
 .text          0x000000008000158c       0x9c ../../../libc++/cortex-m/libgcc.a(_udivsi3.o)
                0x000000008000158c                __udivsi3
                0x000000008000158c                __aeabi_uidiv
                0x0000000080001614                __aeabi_uidivmod
 .text          0x0000000080001628        0x4 ../../../libc++/cortex-m/libgcc.a(_dvmd_tls.o)
                0x0000000080001628                __aeabi_ldiv0
                0x0000000080001628                __aeabi_idiv0
 .text._isatty  0x000000008000162c        0x6 ../../../libtock/build/cortex-m0/libtock.a(sys.o)
                0x000000008000162c                _isatty
 .text._write   0x0000000080001632       0x10 ../../../libtock/build/cortex-m0/libtock.a(sys.o)
                0x0000000080001632                _write
 .text._close   0x0000000080001642        0x6 ../../../libtock/build/cortex-m0/libtock.a(sys.o)
                0x0000000080001642                _close
 .text._fstat   0x0000000080001648        0xa ../../../libtock/build/cortex-m0/libtock.a(sys.o)
                0x0000000080001648                _fstat
 .text._lseek   0x0000000080001652        0x4 ../../../libtock/build/cortex-m0/libtock.a(sys.o)
                0x0000000080001652                _lseek
 .text._read    0x0000000080001656        0x4 ../../../libtock/build/cortex-m0/libtock.a(sys.o)
                0x0000000080001656                _read
 .text._sbrk    0x000000008000165a       0x1e ../../../libtock/build/cortex-m0/libtock.a(sys.o)
                0x000000008000165a                _sbrk
 .text.putnstr_async
                0x0000000080001678       0x36 ../../../libtock/build/cortex-m0/libtock.a(console.o)
                0x0000000080001678                putnstr_async
 *fill*         0x00000000800016ae        0x2 ff
 .text.putnstr  0x00000000800016b0       0xa0 ../../../libtock/build/cortex-m0/libtock.a(console.o)
                0x00000000800016b0                putnstr
 .text.putstr_cb
                0x0000000080001750       0x48 ../../../libtock/build/cortex-m0/libtock.a(console.o)
 .text.__errno  0x0000000080001798       0x18 ../../../newlib/cortex-m/libc.a(lib_a-errno.o)
                0x0000000080001798                __errno
 .text.malloc   0x00000000800017b0       0x1c ../../../newlib/cortex-m/libc.a(lib_a-malloc.o)
                0x00000000800017b0                malloc
 .text.free     0x00000000800017cc       0x1c ../../../newlib/cortex-m/libc.a(lib_a-malloc.o)
                0x00000000800017cc                free
 .text.strncpy  0x00000000800017e8       0x2a ../../../newlib/cortex-m/libc.a(lib_a-strncpy.o)
                0x00000000800017e8                strncpy
 *(.rodata*)
 .rodata.main.str1.1
                0x0000000080001812       0x8d build/cortex-m0/main.o
 *fill*         0x000000008000189f        0x1 ff
 .rodata.__sf_fake_stderr
                0x00000000800018a0       0x20 ../../../newlib/cortex-m/libc.a(lib_a-findfp.o)
                0x00000000800018a0                __sf_fake_stderr
 .rodata.__sf_fake_stdin
                0x00000000800018c0       0x20 ../../../newlib/cortex-m/libc.a(lib_a-findfp.o)
                0x00000000800018c0                __sf_fake_stdin
 .rodata.__sf_fake_stdout
                0x00000000800018e0       0x20 ../../../newlib/cortex-m/libc.a(lib_a-findfp.o)
                0x00000000800018e0                __sf_fake_stdout
 .rodata._vfprintf_r.str1.1
                0x0000000080001900       0x11 ../../../newlib/cortex-m/libc.a(lib_a-nano-vfprintf.o)
 .rodata._printf_i.str1.1
                0x0000000080001911       0x22 ../../../newlib/cortex-m/libc.a(lib_a-nano-vfprintf_i.o)
 *(.syscalls)
                0x0000000080001933                _etext = .
 *(.ARM.extab*)
                0x0000000080001934                . = ALIGN (0x4)
 *fill*         0x0000000080001933        0x1 ff

.glue_7         0x0000000080001934        0x0
 .glue_7        0x0000000080001934        0x0 linker stubs

.glue_7t        0x0000000080001934        0x0
 .glue_7t       0x0000000080001934        0x0 linker stubs

.vfp11_veneer   0x0000000080001934        0x0
 .vfp11_veneer  0x0000000080001934        0x0 linker stubs

.v4_bx          0x0000000080001934        0x0
 .v4_bx         0x0000000080001934        0x0 linker stubs

.iplt           0x0000000080001934        0x0
 .iplt          0x0000000080001934        0x0 build/cortex-m0/main.o

.rel.dyn        0x0000000080001934        0x0
 .rel.iplt      0x0000000080001934        0x0 build/cortex-m0/main.o
 .rel.got       0x0000000080001934        0x0 build/cortex-m0/main.o

.got            0x0000000000000000       0xa4 load address 0x0000000080001934
                0x0000000000000000                . = ALIGN (0x4)
                0x0000000000000000                _got = .
 *(.got*)
 .got           0x0000000000000000       0x98 build/cortex-m0/main.o
 .got.plt       0x0000000000000098        0xc build/cortex-m0/main.o
                0x0000000000000098                _GLOBAL_OFFSET_TABLE_
 *(.got.plt*)
                0x00000000000000a4                . = ALIGN (0x4)

.data           0x00000000000000a4       0x70 load address 0x00000000800019d8
                0x00000000000000a4                . = ALIGN (0x4)
                0x00000000000000a4                _data = .
 *(.data*)
 .data          0x00000000000000a4        0x0 build/cortex-m0/main.o
 .data          0x00000000000000a4        0x0 ../../../libtock/build/cortex-m0/libtock.a(alarm_timer.o)
 .data          0x00000000000000a4        0x0 ../../../libtock/build/cortex-m0/libtock.a(crt0.o)
 .data          0x00000000000000a4        0x0 ../../../libtock/build/cortex-m0/libtock.a(gpio.o)
 .data          0x00000000000000a4        0x0 ../../../libtock/build/cortex-m0/libtock.a(tock.o)
 .data          0x00000000000000a4        0x0 ../../../libtock/build/cortex-m0/libtock.a(alarm_internal.o)
 .data          0x00000000000000a4        0x0 ../../../newlib/cortex-m/libc.a(lib_a-exit.o)
 .data          0x00000000000000a4        0x0 ../../../newlib/cortex-m/libc.a(lib_a-impure.o)
 .data.rel.impure_data
                0x00000000000000a4       0x60 ../../../newlib/cortex-m/libc.a(lib_a-impure.o)
 .data.rel.local._impure_ptr
                0x0000000000000104        0x4 ../../../newlib/cortex-m/libc.a(lib_a-impure.o)
                0x0000000000000104                _impure_ptr
 .data.rel.ro.local._global_impure_ptr
                0x0000000000000108        0x4 ../../../newlib/cortex-m/libc.a(lib_a-impure.o)
                0x0000000000000108                _global_impure_ptr
 .data          0x000000000000010c        0x0 ../../../newlib/cortex-m/libc.a(lib_a-memcpy-stub.o)
 .data          0x000000000000010c        0x0 ../../../newlib/cortex-m/libc.a(lib_a-memset.o)
 .data          0x000000000000010c        0x0 ../../../newlib/cortex-m/libc.a(lib_a-printf.o)
 .data          0x000000000000010c        0x0 ../../../newlib/cortex-m/libc.a(lib_a-puts.o)
 .data          0x000000000000010c        0x0 ../../../newlib/cortex-m/libc.a(lib_a-wbuf.o)
 .data          0x000000000000010c        0x0 ../../../newlib/cortex-m/libc.a(lib_a-wsetup.o)
 .data          0x000000000000010c        0x0 ../../../newlib/cortex-m/libc.a(lib_a-fflush.o)
 .data          0x000000000000010c        0x0 ../../../newlib/cortex-m/libc.a(lib_a-findfp.o)
 .data          0x000000000000010c        0x0 ../../../newlib/cortex-m/libc.a(lib_a-fwalk.o)
 .data          0x000000000000010c        0x0 ../../../newlib/cortex-m/libc.a(lib_a-makebuf.o)
 .data          0x000000000000010c        0x0 ../../../newlib/cortex-m/libc.a(lib_a-nano-freer.o)
 .data          0x000000000000010c        0x0 ../../../newlib/cortex-m/libc.a(lib_a-nano-mallocr.o)
 .data          0x000000000000010c        0x0 ../../../newlib/cortex-m/libc.a(lib_a-nano-vfprintf.o)
 .data          0x000000000000010c        0x0 ../../../newlib/cortex-m/libc.a(lib_a-sbrkr.o)
 .data          0x000000000000010c        0x0 ../../../newlib/cortex-m/libc.a(lib_a-stdio.o)
 .data          0x000000000000010c        0x0 ../../../newlib/cortex-m/libc.a(lib_a-writer.o)
 .data          0x000000000000010c        0x0 ../../../newlib/cortex-m/libc.a(lib_a-closer.o)
 .data          0x000000000000010c        0x0 ../../../newlib/cortex-m/libc.a(lib_a-fstatr.o)
 .data          0x000000000000010c        0x0 ../../../newlib/cortex-m/libc.a(lib_a-fvwrite.o)
 .data          0x000000000000010c        0x0 ../../../newlib/cortex-m/libc.a(lib_a-isattyr.o)
 .data          0x000000000000010c        0x0 ../../../newlib/cortex-m/libc.a(lib_a-lseekr.o)
 .data          0x000000000000010c        0x0 ../../../newlib/cortex-m/libc.a(lib_a-memchr-stub.o)
 .data          0x000000000000010c        0x0 ../../../newlib/cortex-m/libc.a(lib_a-memmove.o)
 .data          0x000000000000010c        0x0 ../../../newlib/cortex-m/libc.a(lib_a-mlock.o)
 .data          0x000000000000010c        0x0 ../../../newlib/cortex-m/libc.a(lib_a-nano-reallocr.o)
 .data          0x000000000000010c        0x0 ../../../newlib/cortex-m/libc.a(lib_a-nano-vfprintf_i.o)
 .data          0x000000000000010c        0x0 ../../../newlib/cortex-m/libc.a(lib_a-readr.o)
 .data          0x000000000000010c        0x0 ../../../newlib/cortex-m/libc.a(lib_a-reent.o)
 .data          0x000000000000010c        0x0 ../../../newlib/cortex-m/libc.a(lib_a-nano-msizer.o)
 .data          0x000000000000010c        0x0 ../../../libc++/cortex-m/libgcc.a(_thumb1_case_uqi.o)
 .data          0x000000000000010c        0x0 ../../../libc++/cortex-m/libgcc.a(_udivsi3.o)
 .data          0x000000000000010c        0x0 ../../../libc++/cortex-m/libgcc.a(_divsi3.o)
 .data          0x000000000000010c        0x0 ../../../libc++/cortex-m/libgcc.a(_dvmd_tls.o)
 .data          0x000000000000010c        0x0 ../../../libtock/build/cortex-m0/libtock.a(sys.o)
 .data          0x000000000000010c        0x0 ../../../libtock/build/cortex-m0/libtock.a(console.o)
 .data.getnstr_data
                0x000000000000010c        0x8 ../../../libtock/build/cortex-m0/libtock.a(console.o)
 .data          0x0000000000000114        0x0 ../../../newlib/cortex-m/libc.a(lib_a-errno.o)
 .data          0x0000000000000114        0x0 ../../../newlib/cortex-m/libc.a(lib_a-malloc.o)
 .data          0x0000000000000114        0x0 ../../../newlib/cortex-m/libc.a(lib_a-strncpy.o)
                0x0000000000000114                . = ALIGN (0x4)

.igot.plt       0x0000000000000114        0x0 load address 0x0000000080001a48
 .igot.plt      0x0000000000000114        0x0 build/cortex-m0/main.o

.bss            0x0000000000000114      0x16c load address 0x0000000080001a48
                0x0000000000000114                . = ALIGN (0x4)
                0x0000000000000114                _bss = .
 *(.bss*)
 .bss           0x0000000000000114        0x0 build/cortex-m0/main.o
 .bss.callback_count
                0x0000000000000114        0x4 build/cortex-m0/main.o
                0x0000000000000114                callback_count
 .bss.resume.6380
                0x0000000000000118        0x1 build/cortex-m0/main.o
 .bss           0x0000000000000119        0x0 ../../../libtock/build/cortex-m0/libtock.a(alarm_timer.o)
 *fill*         0x0000000000000119        0x3 
 .bss.root      0x000000000000011c        0x4 ../../../libtock/build/cortex-m0/libtock.a(alarm_timer.o)
 .bss           0x0000000000000120        0x0 ../../../libtock/build/cortex-m0/libtock.a(crt0.o)
 .bss           0x0000000000000120        0x0 ../../../libtock/build/cortex-m0/libtock.a(gpio.o)
 .bss           0x0000000000000120        0x0 ../../../libtock/build/cortex-m0/libtock.a(tock.o)
 .bss.task_cur  0x0000000000000120        0x4 ../../../libtock/build/cortex-m0/libtock.a(tock.o)
 .bss.task_last
                0x0000000000000124        0x4 ../../../libtock/build/cortex-m0/libtock.a(tock.o)
 .bss.task_queue
                0x0000000000000128      0x140 ../../../libtock/build/cortex-m0/libtock.a(tock.o)
 .bss           0x0000000000000268        0x0 ../../../libtock/build/cortex-m0/libtock.a(alarm_internal.o)
 .bss           0x0000000000000268        0x0 ../../../newlib/cortex-m/libc.a(lib_a-exit.o)
 .bss           0x0000000000000268        0x0 ../../../newlib/cortex-m/libc.a(lib_a-impure.o)
 .bss           0x0000000000000268        0x0 ../../../newlib/cortex-m/libc.a(lib_a-memcpy-stub.o)
 .bss           0x0000000000000268        0x0 ../../../newlib/cortex-m/libc.a(lib_a-memset.o)
 .bss           0x0000000000000268        0x0 ../../../newlib/cortex-m/libc.a(lib_a-printf.o)
 .bss           0x0000000000000268        0x0 ../../../newlib/cortex-m/libc.a(lib_a-puts.o)
 .bss           0x0000000000000268        0x0 ../../../newlib/cortex-m/libc.a(lib_a-wbuf.o)
 .bss           0x0000000000000268        0x0 ../../../newlib/cortex-m/libc.a(lib_a-wsetup.o)
 .bss           0x0000000000000268        0x0 ../../../newlib/cortex-m/libc.a(lib_a-fflush.o)
 .bss           0x0000000000000268        0x0 ../../../newlib/cortex-m/libc.a(lib_a-findfp.o)
 .bss           0x0000000000000268        0x0 ../../../newlib/cortex-m/libc.a(lib_a-fwalk.o)
 .bss           0x0000000000000268        0x0 ../../../newlib/cortex-m/libc.a(lib_a-makebuf.o)
 .bss           0x0000000000000268        0x0 ../../../newlib/cortex-m/libc.a(lib_a-nano-freer.o)
 .bss           0x0000000000000268        0x0 ../../../newlib/cortex-m/libc.a(lib_a-nano-mallocr.o)
 .bss.__malloc_free_list
                0x0000000000000268        0x4 ../../../newlib/cortex-m/libc.a(lib_a-nano-mallocr.o)
                0x0000000000000268                __malloc_free_list
 .bss.__malloc_sbrk_start
                0x000000000000026c        0x4 ../../../newlib/cortex-m/libc.a(lib_a-nano-mallocr.o)
                0x000000000000026c                __malloc_sbrk_start
 .bss           0x0000000000000270        0x0 ../../../newlib/cortex-m/libc.a(lib_a-nano-vfprintf.o)
 .bss           0x0000000000000270        0x0 ../../../newlib/cortex-m/libc.a(lib_a-sbrkr.o)
 .bss           0x0000000000000270        0x0 ../../../newlib/cortex-m/libc.a(lib_a-stdio.o)
 .bss           0x0000000000000270        0x0 ../../../newlib/cortex-m/libc.a(lib_a-writer.o)
 .bss           0x0000000000000270        0x0 ../../../newlib/cortex-m/libc.a(lib_a-closer.o)
 .bss           0x0000000000000270        0x0 ../../../newlib/cortex-m/libc.a(lib_a-fstatr.o)
 .bss           0x0000000000000270        0x0 ../../../newlib/cortex-m/libc.a(lib_a-fvwrite.o)
 .bss           0x0000000000000270        0x0 ../../../newlib/cortex-m/libc.a(lib_a-isattyr.o)
 .bss           0x0000000000000270        0x0 ../../../newlib/cortex-m/libc.a(lib_a-lseekr.o)
 .bss           0x0000000000000270        0x0 ../../../newlib/cortex-m/libc.a(lib_a-memchr-stub.o)
 .bss           0x0000000000000270        0x0 ../../../newlib/cortex-m/libc.a(lib_a-memmove.o)
 .bss           0x0000000000000270        0x0 ../../../newlib/cortex-m/libc.a(lib_a-mlock.o)
 .bss           0x0000000000000270        0x0 ../../../newlib/cortex-m/libc.a(lib_a-nano-reallocr.o)
 .bss           0x0000000000000270        0x0 ../../../newlib/cortex-m/libc.a(lib_a-nano-vfprintf_i.o)
 .bss           0x0000000000000270        0x0 ../../../newlib/cortex-m/libc.a(lib_a-readr.o)
 .bss           0x0000000000000270        0x0 ../../../newlib/cortex-m/libc.a(lib_a-reent.o)
 .bss           0x0000000000000270        0x0 ../../../newlib/cortex-m/libc.a(lib_a-nano-msizer.o)
 .bss           0x0000000000000270        0x0 ../../../libc++/cortex-m/libgcc.a(_thumb1_case_uqi.o)
 .bss           0x0000000000000270        0x0 ../../../libc++/cortex-m/libgcc.a(_udivsi3.o)
 .bss           0x0000000000000270        0x0 ../../../libc++/cortex-m/libgcc.a(_divsi3.o)
 .bss           0x0000000000000270        0x0 ../../../libc++/cortex-m/libgcc.a(_dvmd_tls.o)
 .bss           0x0000000000000270        0x0 ../../../libtock/build/cortex-m0/libtock.a(sys.o)
 .bss.__dso_handle
                0x0000000000000270        0x4 ../../../libtock/build/cortex-m0/libtock.a(sys.o)
                0x0000000000000270                __dso_handle
 .bss           0x0000000000000274        0x0 ../../../libtock/build/cortex-m0/libtock.a(console.o)
 .bss.putstr_head
                0x0000000000000274        0x4 ../../../libtock/build/cortex-m0/libtock.a(console.o)
 .bss.putstr_tail
                0x0000000000000278        0x4 ../../../libtock/build/cortex-m0/libtock.a(console.o)
 .bss           0x000000000000027c        0x0 ../../../newlib/cortex-m/libc.a(lib_a-errno.o)
 .bss           0x000000000000027c        0x0 ../../../newlib/cortex-m/libc.a(lib_a-malloc.o)
 .bss           0x000000000000027c        0x0 ../../../newlib/cortex-m/libc.a(lib_a-strncpy.o)
 *(COMMON)
 COMMON         0x000000000000027c        0x4 ../../../newlib/cortex-m/libc.a(lib_a-reent.o)
                0x000000000000027c                errno
                0x0000000000000280                . = ALIGN (0x4)

.endflash       0x0000000080001a48        0x0
                [!provide]                        PROVIDE (__exidx_start = .)

.ARM.exidx
 *(.ARM.exidx* .gnu.linkonce.armexidx.*)
                [!provide]                        PROVIDE (__exidx_end = .)
                0x0000000000000001                ASSERT ((_got <= _bss), 
The GOT section must be before the BSS section for crt0 setup to be correct.)
                0x0000000000000001                ASSERT ((_data <= _bss), 
The data section must be before the BSS section for crt0 setup to be correct.)
OUTPUT(build/cortex-m0/cortex-m0.elf elf32-littlearm)

.GCC.command.line
                0x0000000000000000      0x7b7
 .GCC.command.line
                0x0000000000000000      0x4b4 build/cortex-m0/main.o
 .GCC.command.line
                0x00000000000004b4      0x12c ../../../libtock/build/cortex-m0/libtock.a(alarm_timer.o)
                                        0x4c9 (size before relaxing)
 .GCC.command.line
                0x00000000000005e0       0x49 ../../../libtock/build/cortex-m0/libtock.a(crt0.o)
                                        0x4bb (size before relaxing)
 .GCC.command.line
                0x0000000000000629       0x49 ../../../libtock/build/cortex-m0/libtock.a(gpio.o)
                                        0x4bb (size before relaxing)
 .GCC.command.line
                0x0000000000000672       0x49 ../../../libtock/build/cortex-m0/libtock.a(tock.o)
                                        0x4bb (size before relaxing)
 .GCC.command.line
                0x00000000000006bb       0x66 ../../../libtock/build/cortex-m0/libtock.a(alarm_internal.o)
                                        0x4d8 (size before relaxing)
 .GCC.command.line
                0x0000000000000721       0x47 ../../../libtock/build/cortex-m0/libtock.a(sys.o)
                                        0x4b9 (size before relaxing)
 .GCC.command.line
                0x0000000000000768       0x4f ../../../libtock/build/cortex-m0/libtock.a(console.o)
                                        0x4c1 (size before relaxing)

.comment        0x0000000000000000       0x9b
 .comment       0x0000000000000000       0x75 build/cortex-m0/main.o
                                         0x76 (size before relaxing)
 .comment       0x0000000000000075       0x76 ../../../libtock/build/cortex-m0/libtock.a(alarm_timer.o)
 .comment       0x0000000000000075       0x76 ../../../libtock/build/cortex-m0/libtock.a(crt0.o)
 .comment       0x0000000000000075       0x76 ../../../libtock/build/cortex-m0/libtock.a(gpio.o)
 .comment       0x0000000000000075       0x76 ../../../libtock/build/cortex-m0/libtock.a(tock.o)
 .comment       0x0000000000000075       0x76 ../../../libtock/build/cortex-m0/libtock.a(alarm_internal.o)
 .comment       0x0000000000000075       0x26 ../../../newlib/cortex-m/libc.a(lib_a-exit.o)
                                         0x27 (size before relaxing)
 .comment       0x000000000000009b       0x27 ../../../newlib/cortex-m/libc.a(lib_a-impure.o)
 .comment       0x000000000000009b       0x27 ../../../newlib/cortex-m/libc.a(lib_a-memcpy-stub.o)
 .comment       0x000000000000009b       0x27 ../../../newlib/cortex-m/libc.a(lib_a-memset.o)
 .comment       0x000000000000009b       0x27 ../../../newlib/cortex-m/libc.a(lib_a-printf.o)
 .comment       0x000000000000009b       0x27 ../../../newlib/cortex-m/libc.a(lib_a-puts.o)
 .comment       0x000000000000009b       0x27 ../../../newlib/cortex-m/libc.a(lib_a-wbuf.o)
 .comment       0x000000000000009b       0x27 ../../../newlib/cortex-m/libc.a(lib_a-wsetup.o)
 .comment       0x000000000000009b       0x27 ../../../newlib/cortex-m/libc.a(lib_a-fflush.o)
 .comment       0x000000000000009b       0x27 ../../../newlib/cortex-m/libc.a(lib_a-findfp.o)
 .comment       0x000000000000009b       0x27 ../../../newlib/cortex-m/libc.a(lib_a-fwalk.o)
 .comment       0x000000000000009b       0x27 ../../../newlib/cortex-m/libc.a(lib_a-makebuf.o)
 .comment       0x000000000000009b       0x27 ../../../newlib/cortex-m/libc.a(lib_a-nano-freer.o)
 .comment       0x000000000000009b       0x27 ../../../newlib/cortex-m/libc.a(lib_a-nano-mallocr.o)
 .comment       0x000000000000009b       0x27 ../../../newlib/cortex-m/libc.a(lib_a-nano-vfprintf.o)
 .comment       0x000000000000009b       0x27 ../../../newlib/cortex-m/libc.a(lib_a-sbrkr.o)
 .comment       0x000000000000009b       0x27 ../../../newlib/cortex-m/libc.a(lib_a-stdio.o)
 .comment       0x000000000000009b       0x27 ../../../newlib/cortex-m/libc.a(lib_a-writer.o)
 .comment       0x000000000000009b       0x27 ../../../newlib/cortex-m/libc.a(lib_a-closer.o)
 .comment       0x000000000000009b       0x27 ../../../newlib/cortex-m/libc.a(lib_a-fstatr.o)
 .comment       0x000000000000009b       0x27 ../../../newlib/cortex-m/libc.a(lib_a-fvwrite.o)
 .comment       0x000000000000009b       0x27 ../../../newlib/cortex-m/libc.a(lib_a-isattyr.o)
 .comment       0x000000000000009b       0x27 ../../../newlib/cortex-m/libc.a(lib_a-lseekr.o)
 .comment       0x000000000000009b       0x27 ../../../newlib/cortex-m/libc.a(lib_a-memchr-stub.o)
 .comment       0x000000000000009b       0x27 ../../../newlib/cortex-m/libc.a(lib_a-memmove.o)
 .comment       0x000000000000009b       0x27 ../../../newlib/cortex-m/libc.a(lib_a-mlock.o)
 .comment       0x000000000000009b       0x27 ../../../newlib/cortex-m/libc.a(lib_a-nano-reallocr.o)
 .comment       0x000000000000009b       0x27 ../../../newlib/cortex-m/libc.a(lib_a-nano-vfprintf_i.o)
 .comment       0x000000000000009b       0x27 ../../../newlib/cortex-m/libc.a(lib_a-readr.o)
 .comment       0x000000000000009b       0x27 ../../../newlib/cortex-m/libc.a(lib_a-reent.o)
 .comment       0x000000000000009b       0x27 ../../../newlib/cortex-m/libc.a(lib_a-nano-msizer.o)
 .comment       0x000000000000009b       0x76 ../../../libtock/build/cortex-m0/libtock.a(sys.o)
 .comment       0x000000000000009b       0x76 ../../../libtock/build/cortex-m0/libtock.a(console.o)
 .comment       0x000000000000009b       0x27 ../../../newlib/cortex-m/libc.a(lib_a-errno.o)
 .comment       0x000000000000009b       0x27 ../../../newlib/cortex-m/libc.a(lib_a-malloc.o)
 .comment       0x000000000000009b       0x27 ../../../newlib/cortex-m/libc.a(lib_a-strncpy.o)

.ARM.attributes
                0x0000000000000000       0x2c
 .ARM.attributes
                0x0000000000000000       0x2c build/cortex-m0/main.o
 .ARM.attributes
                0x000000000000002c       0x2c ../../../libtock/build/cortex-m0/libtock.a(alarm_timer.o)
 .ARM.attributes
                0x0000000000000058       0x2c ../../../libtock/build/cortex-m0/libtock.a(crt0.o)
 .ARM.attributes
                0x0000000000000084       0x2c ../../../libtock/build/cortex-m0/libtock.a(gpio.o)
 .ARM.attributes
                0x00000000000000b0       0x2c ../../../libtock/build/cortex-m0/libtock.a(tock.o)
 .ARM.attributes
                0x00000000000000dc       0x2c ../../../libtock/build/cortex-m0/libtock.a(alarm_internal.o)
 .ARM.attributes
                0x0000000000000108       0x2c ../../../newlib/cortex-m/libc.a(lib_a-exit.o)
 .ARM.attributes
                0x0000000000000134       0x2c ../../../newlib/cortex-m/libc.a(lib_a-impure.o)
 .ARM.attributes
                0x0000000000000160       0x2c ../../../newlib/cortex-m/libc.a(lib_a-memcpy-stub.o)
 .ARM.attributes
                0x000000000000018c       0x2c ../../../newlib/cortex-m/libc.a(lib_a-memset.o)
 .ARM.attributes
                0x00000000000001b8       0x2c ../../../newlib/cortex-m/libc.a(lib_a-printf.o)
 .ARM.attributes
                0x00000000000001e4       0x2c ../../../newlib/cortex-m/libc.a(lib_a-puts.o)
 .ARM.attributes
                0x0000000000000210       0x2c ../../../newlib/cortex-m/libc.a(lib_a-wbuf.o)
 .ARM.attributes
                0x000000000000023c       0x2c ../../../newlib/cortex-m/libc.a(lib_a-wsetup.o)
 .ARM.attributes
                0x0000000000000268       0x2c ../../../newlib/cortex-m/libc.a(lib_a-fflush.o)
 .ARM.attributes
                0x0000000000000294       0x2c ../../../newlib/cortex-m/libc.a(lib_a-findfp.o)
 .ARM.attributes
                0x00000000000002c0       0x2c ../../../newlib/cortex-m/libc.a(lib_a-fwalk.o)
 .ARM.attributes
                0x00000000000002ec       0x2c ../../../newlib/cortex-m/libc.a(lib_a-makebuf.o)
 .ARM.attributes
                0x0000000000000318       0x2c ../../../newlib/cortex-m/libc.a(lib_a-nano-freer.o)
 .ARM.attributes
                0x0000000000000344       0x2c ../../../newlib/cortex-m/libc.a(lib_a-nano-mallocr.o)
 .ARM.attributes
                0x0000000000000370       0x2c ../../../newlib/cortex-m/libc.a(lib_a-nano-vfprintf.o)
 .ARM.attributes
                0x000000000000039c       0x2c ../../../newlib/cortex-m/libc.a(lib_a-sbrkr.o)
 .ARM.attributes
                0x00000000000003c8       0x2c ../../../newlib/cortex-m/libc.a(lib_a-stdio.o)
 .ARM.attributes
                0x00000000000003f4       0x2c ../../../newlib/cortex-m/libc.a(lib_a-writer.o)
 .ARM.attributes
                0x0000000000000420       0x2c ../../../newlib/cortex-m/libc.a(lib_a-closer.o)
 .ARM.attributes
                0x000000000000044c       0x2c ../../../newlib/cortex-m/libc.a(lib_a-fstatr.o)
 .ARM.attributes
                0x0000000000000478       0x2c ../../../newlib/cortex-m/libc.a(lib_a-fvwrite.o)
 .ARM.attributes
                0x00000000000004a4       0x2c ../../../newlib/cortex-m/libc.a(lib_a-isattyr.o)
 .ARM.attributes
                0x00000000000004d0       0x2c ../../../newlib/cortex-m/libc.a(lib_a-lseekr.o)
 .ARM.attributes
                0x00000000000004fc       0x2c ../../../newlib/cortex-m/libc.a(lib_a-memchr-stub.o)
 .ARM.attributes
                0x0000000000000528       0x2c ../../../newlib/cortex-m/libc.a(lib_a-memmove.o)
 .ARM.attributes
                0x0000000000000554       0x2c ../../../newlib/cortex-m/libc.a(lib_a-mlock.o)
 .ARM.attributes
                0x0000000000000580       0x2c ../../../newlib/cortex-m/libc.a(lib_a-nano-reallocr.o)
 .ARM.attributes
                0x00000000000005ac       0x2c ../../../newlib/cortex-m/libc.a(lib_a-nano-vfprintf_i.o)
 .ARM.attributes
                0x00000000000005d8       0x2c ../../../newlib/cortex-m/libc.a(lib_a-readr.o)
 .ARM.attributes
                0x0000000000000604       0x2c ../../../newlib/cortex-m/libc.a(lib_a-reent.o)
 .ARM.attributes
                0x0000000000000630       0x2c ../../../newlib/cortex-m/libc.a(lib_a-nano-msizer.o)
 .ARM.attributes
                0x000000000000065c       0x23 ../../../libc++/cortex-m/libgcc.a(_thumb1_case_uqi.o)
 .ARM.attributes
                0x000000000000067f       0x23 ../../../libc++/cortex-m/libgcc.a(_udivsi3.o)
 .ARM.attributes
                0x00000000000006a2       0x23 ../../../libc++/cortex-m/libgcc.a(_divsi3.o)
 .ARM.attributes
                0x00000000000006c5       0x23 ../../../libc++/cortex-m/libgcc.a(_dvmd_tls.o)
 .ARM.attributes
                0x00000000000006e8       0x2c ../../../libtock/build/cortex-m0/libtock.a(sys.o)
 .ARM.attributes
                0x0000000000000714       0x2c ../../../libtock/build/cortex-m0/libtock.a(console.o)
 .ARM.attributes
                0x0000000000000740       0x2c ../../../newlib/cortex-m/libc.a(lib_a-errno.o)
 .ARM.attributes
                0x000000000000076c       0x2c ../../../newlib/cortex-m/libc.a(lib_a-malloc.o)
 .ARM.attributes
                0x0000000000000798       0x2c ../../../newlib/cortex-m/libc.a(lib_a-strncpy.o)

.debug_info     0x0000000000000000    0x20b82
 .debug_info    0x0000000000000000      0xe44 build/cortex-m0/main.o
 .debug_info    0x0000000000000e44     0x1506 ../../../libtock/build/cortex-m0/libtock.a(alarm_timer.o)
 .debug_info    0x000000000000234a      0xd43 ../../../libtock/build/cortex-m0/libtock.a(crt0.o)
 .debug_info    0x000000000000308d      0xe96 ../../../libtock/build/cortex-m0/libtock.a(gpio.o)
 .debug_info    0x0000000000003f23     0x1207 ../../../libtock/build/cortex-m0/libtock.a(tock.o)
 .debug_info    0x000000000000512a      0xbed ../../../libtock/build/cortex-m0/libtock.a(alarm_internal.o)
 .debug_info    0x0000000000005d17      0x959 ../../../newlib/cortex-m/libc.a(lib_a-exit.o)
 .debug_info    0x0000000000006670      0x8ab ../../../newlib/cortex-m/libc.a(lib_a-impure.o)
 .debug_info    0x0000000000006f1b      0x916 ../../../newlib/cortex-m/libc.a(lib_a-memcpy-stub.o)
 .debug_info    0x0000000000007831      0xde0 ../../../newlib/cortex-m/libc.a(lib_a-memset.o)
 .debug_info    0x0000000000008611      0xbbb ../../../newlib/cortex-m/libc.a(lib_a-printf.o)
 .debug_info    0x00000000000091cc      0xc53 ../../../newlib/cortex-m/libc.a(lib_a-puts.o)
 .debug_info    0x0000000000009e1f      0xbdb ../../../newlib/cortex-m/libc.a(lib_a-wbuf.o)
 .debug_info    0x000000000000a9fa      0xb53 ../../../newlib/cortex-m/libc.a(lib_a-wsetup.o)
 .debug_info    0x000000000000b54d      0xc9b ../../../newlib/cortex-m/libc.a(lib_a-fflush.o)
 .debug_info    0x000000000000c1e8      0xf6d ../../../newlib/cortex-m/libc.a(lib_a-findfp.o)
 .debug_info    0x000000000000d155      0xbd6 ../../../newlib/cortex-m/libc.a(lib_a-fwalk.o)
 .debug_info    0x000000000000dd2b      0xe3f ../../../newlib/cortex-m/libc.a(lib_a-makebuf.o)
 .debug_info    0x000000000000eb6a      0xb0c ../../../newlib/cortex-m/libc.a(lib_a-nano-freer.o)
 .debug_info    0x000000000000f676      0xbb2 ../../../newlib/cortex-m/libc.a(lib_a-nano-mallocr.o)
 .debug_info    0x0000000000010228     0x15cc ../../../newlib/cortex-m/libc.a(lib_a-nano-vfprintf.o)
 .debug_info    0x00000000000117f4      0x960 ../../../newlib/cortex-m/libc.a(lib_a-sbrkr.o)
 .debug_info    0x0000000000012154      0xd5b ../../../newlib/cortex-m/libc.a(lib_a-stdio.o)
 .debug_info    0x0000000000012eaf      0x9a3 ../../../newlib/cortex-m/libc.a(lib_a-writer.o)
 .debug_info    0x0000000000013852      0x956 ../../../newlib/cortex-m/libc.a(lib_a-closer.o)
 .debug_info    0x00000000000141a8      0xb68 ../../../newlib/cortex-m/libc.a(lib_a-fstatr.o)
 .debug_info    0x0000000000014d10      0xe14 ../../../newlib/cortex-m/libc.a(lib_a-fvwrite.o)
 .debug_info    0x0000000000015b24      0x956 ../../../newlib/cortex-m/libc.a(lib_a-isattyr.o)
 .debug_info    0x000000000001647a      0x986 ../../../newlib/cortex-m/libc.a(lib_a-lseekr.o)
 .debug_info    0x0000000000016e00      0x908 ../../../newlib/cortex-m/libc.a(lib_a-memchr-stub.o)
 .debug_info    0x0000000000017708      0xdfe ../../../newlib/cortex-m/libc.a(lib_a-memmove.o)
 .debug_info    0x0000000000018506      0x8de ../../../newlib/cortex-m/libc.a(lib_a-mlock.o)
 .debug_info    0x0000000000018de4      0xabe ../../../newlib/cortex-m/libc.a(lib_a-nano-reallocr.o)
 .debug_info    0x00000000000198a2     0x1447 ../../../newlib/cortex-m/libc.a(lib_a-nano-vfprintf_i.o)
 .debug_info    0x000000000001ace9      0x99c ../../../newlib/cortex-m/libc.a(lib_a-readr.o)
 .debug_info    0x000000000001b685      0xa67 ../../../newlib/cortex-m/libc.a(lib_a-reent.o)
 .debug_info    0x000000000001c0ec      0xa02 ../../../newlib/cortex-m/libc.a(lib_a-nano-msizer.o)
 .debug_info    0x000000000001caee       0xae ../../../libc++/cortex-m/libgcc.a(_thumb1_case_uqi.o)
 .debug_info    0x000000000001cb9c       0xae ../../../libc++/cortex-m/libgcc.a(_udivsi3.o)
 .debug_info    0x000000000001cc4a       0xae ../../../libc++/cortex-m/libgcc.a(_divsi3.o)
 .debug_info    0x000000000001ccf8       0xae ../../../libc++/cortex-m/libgcc.a(_dvmd_tls.o)
 .debug_info    0x000000000001cda6     0x106f ../../../libtock/build/cortex-m0/libtock.a(sys.o)
 .debug_info    0x000000000001de15     0x1273 ../../../libtock/build/cortex-m0/libtock.a(console.o)
 .debug_info    0x000000000001f088      0x8d2 ../../../newlib/cortex-m/libc.a(lib_a-errno.o)
 .debug_info    0x000000000001f95a      0x928 ../../../newlib/cortex-m/libc.a(lib_a-malloc.o)
 .debug_info    0x0000000000020282      0x900 ../../../newlib/cortex-m/libc.a(lib_a-strncpy.o)

.debug_abbrev   0x0000000000000000     0x5d17
 .debug_abbrev  0x0000000000000000      0x31c build/cortex-m0/main.o
 .debug_abbrev  0x000000000000031c      0x41d ../../../libtock/build/cortex-m0/libtock.a(alarm_timer.o)
 .debug_abbrev  0x0000000000000739      0x2c1 ../../../libtock/build/cortex-m0/libtock.a(crt0.o)
 .debug_abbrev  0x00000000000009fa      0x222 ../../../libtock/build/cortex-m0/libtock.a(gpio.o)
 .debug_abbrev  0x0000000000000c1c      0x337 ../../../libtock/build/cortex-m0/libtock.a(tock.o)
 .debug_abbrev  0x0000000000000f53      0x206 ../../../libtock/build/cortex-m0/libtock.a(alarm_internal.o)
 .debug_abbrev  0x0000000000001159      0x1cd ../../../newlib/cortex-m/libc.a(lib_a-exit.o)
 .debug_abbrev  0x0000000000001326      0x15c ../../../newlib/cortex-m/libc.a(lib_a-impure.o)
 .debug_abbrev  0x0000000000001482      0x1ac ../../../newlib/cortex-m/libc.a(lib_a-memcpy-stub.o)
 .debug_abbrev  0x000000000000162e      0x197 ../../../newlib/cortex-m/libc.a(lib_a-memset.o)
 .debug_abbrev  0x00000000000017c5      0x24d ../../../newlib/cortex-m/libc.a(lib_a-printf.o)
 .debug_abbrev  0x0000000000001a12      0x282 ../../../newlib/cortex-m/libc.a(lib_a-puts.o)
 .debug_abbrev  0x0000000000001c94      0x233 ../../../newlib/cortex-m/libc.a(lib_a-wbuf.o)
 .debug_abbrev  0x0000000000001ec7      0x208 ../../../newlib/cortex-m/libc.a(lib_a-wsetup.o)
 .debug_abbrev  0x00000000000020cf      0x29d ../../../newlib/cortex-m/libc.a(lib_a-fflush.o)
 .debug_abbrev  0x000000000000236c      0x32c ../../../newlib/cortex-m/libc.a(lib_a-findfp.o)
 .debug_abbrev  0x0000000000002698      0x1ef ../../../newlib/cortex-m/libc.a(lib_a-fwalk.o)
 .debug_abbrev  0x0000000000002887      0x2a3 ../../../newlib/cortex-m/libc.a(lib_a-makebuf.o)
 .debug_abbrev  0x0000000000002b2a      0x275 ../../../newlib/cortex-m/libc.a(lib_a-nano-freer.o)
 .debug_abbrev  0x0000000000002d9f      0x2c7 ../../../newlib/cortex-m/libc.a(lib_a-nano-mallocr.o)
 .debug_abbrev  0x0000000000003066      0x2c2 ../../../newlib/cortex-m/libc.a(lib_a-nano-vfprintf.o)
 .debug_abbrev  0x0000000000003328      0x1df ../../../newlib/cortex-m/libc.a(lib_a-sbrkr.o)
 .debug_abbrev  0x0000000000003507      0x225 ../../../newlib/cortex-m/libc.a(lib_a-stdio.o)
 .debug_abbrev  0x000000000000372c      0x1e1 ../../../newlib/cortex-m/libc.a(lib_a-writer.o)
 .debug_abbrev  0x000000000000390d      0x1da ../../../newlib/cortex-m/libc.a(lib_a-closer.o)
 .debug_abbrev  0x0000000000003ae7      0x1e9 ../../../newlib/cortex-m/libc.a(lib_a-fstatr.o)
 .debug_abbrev  0x0000000000003cd0      0x237 ../../../newlib/cortex-m/libc.a(lib_a-fvwrite.o)
 .debug_abbrev  0x0000000000003f07      0x1da ../../../newlib/cortex-m/libc.a(lib_a-isattyr.o)
 .debug_abbrev  0x00000000000040e1      0x1eb ../../../newlib/cortex-m/libc.a(lib_a-lseekr.o)
 .debug_abbrev  0x00000000000042cc      0x1a5 ../../../newlib/cortex-m/libc.a(lib_a-memchr-stub.o)
 .debug_abbrev  0x0000000000004471      0x19c ../../../newlib/cortex-m/libc.a(lib_a-memmove.o)
 .debug_abbrev  0x000000000000460d      0x19d ../../../newlib/cortex-m/libc.a(lib_a-mlock.o)
 .debug_abbrev  0x00000000000047aa      0x1f4 ../../../newlib/cortex-m/libc.a(lib_a-nano-reallocr.o)
 .debug_abbrev  0x000000000000499e      0x2aa ../../../newlib/cortex-m/libc.a(lib_a-nano-vfprintf_i.o)
 .debug_abbrev  0x0000000000004c48      0x1dc ../../../newlib/cortex-m/libc.a(lib_a-readr.o)
 .debug_abbrev  0x0000000000004e24      0x221 ../../../newlib/cortex-m/libc.a(lib_a-reent.o)
 .debug_abbrev  0x0000000000005045      0x1b4 ../../../newlib/cortex-m/libc.a(lib_a-nano-msizer.o)
 .debug_abbrev  0x00000000000051f9       0x14 ../../../libc++/cortex-m/libgcc.a(_thumb1_case_uqi.o)
 .debug_abbrev  0x000000000000520d       0x14 ../../../libc++/cortex-m/libgcc.a(_udivsi3.o)
 .debug_abbrev  0x0000000000005221       0x14 ../../../libc++/cortex-m/libgcc.a(_divsi3.o)
 .debug_abbrev  0x0000000000005235       0x14 ../../../libc++/cortex-m/libgcc.a(_dvmd_tls.o)
 .debug_abbrev  0x0000000000005249      0x2cf ../../../libtock/build/cortex-m0/libtock.a(sys.o)
 .debug_abbrev  0x0000000000005518      0x32b ../../../libtock/build/cortex-m0/libtock.a(console.o)
 .debug_abbrev  0x0000000000005843      0x178 ../../../newlib/cortex-m/libc.a(lib_a-errno.o)
 .debug_abbrev  0x00000000000059bb      0x1c6 ../../../newlib/cortex-m/libc.a(lib_a-malloc.o)
 .debug_abbrev  0x0000000000005b81      0x196 ../../../newlib/cortex-m/libc.a(lib_a-strncpy.o)

.debug_loc      0x0000000000000000     0x4ecd
 .debug_loc     0x0000000000000000       0xd1 build/cortex-m0/main.o
 .debug_loc     0x00000000000000d1      0xaad ../../../libtock/build/cortex-m0/libtock.a(alarm_timer.o)
 .debug_loc     0x0000000000000b7e      0x1da ../../../libtock/build/cortex-m0/libtock.a(crt0.o)
 .debug_loc     0x0000000000000d58      0x3b0 ../../../libtock/build/cortex-m0/libtock.a(gpio.o)
 .debug_loc     0x0000000000001108      0x591 ../../../libtock/build/cortex-m0/libtock.a(tock.o)
 .debug_loc     0x0000000000001699      0x116 ../../../libtock/build/cortex-m0/libtock.a(alarm_internal.o)
 .debug_loc     0x00000000000017af       0x1e ../../../newlib/cortex-m/libc.a(lib_a-exit.o)
 .debug_loc     0x00000000000017cd       0xbe ../../../newlib/cortex-m/libc.a(lib_a-memcpy-stub.o)
 .debug_loc     0x000000000000188b       0x72 ../../../newlib/cortex-m/libc.a(lib_a-memset.o)
 .debug_loc     0x00000000000018fd       0x3f ../../../newlib/cortex-m/libc.a(lib_a-printf.o)
 .debug_loc     0x000000000000193c      0x209 ../../../newlib/cortex-m/libc.a(lib_a-puts.o)
 .debug_loc     0x0000000000001b45      0x128 ../../../newlib/cortex-m/libc.a(lib_a-wbuf.o)
 .debug_loc     0x0000000000001c6d       0x7e ../../../newlib/cortex-m/libc.a(lib_a-wsetup.o)
 .debug_loc     0x0000000000001ceb      0x2ab ../../../newlib/cortex-m/libc.a(lib_a-fflush.o)
 .debug_loc     0x0000000000001f96      0x211 ../../../newlib/cortex-m/libc.a(lib_a-findfp.o)
 .debug_loc     0x00000000000021a7      0x199 ../../../newlib/cortex-m/libc.a(lib_a-fwalk.o)
 .debug_loc     0x0000000000002340      0x213 ../../../newlib/cortex-m/libc.a(lib_a-makebuf.o)
 .debug_loc     0x0000000000002553       0xe8 ../../../newlib/cortex-m/libc.a(lib_a-nano-freer.o)
 .debug_loc     0x000000000000263b      0x222 ../../../newlib/cortex-m/libc.a(lib_a-nano-mallocr.o)
 .debug_loc     0x000000000000285d      0x556 ../../../newlib/cortex-m/libc.a(lib_a-nano-vfprintf.o)
 .debug_loc     0x0000000000002db3       0x4d ../../../newlib/cortex-m/libc.a(lib_a-sbrkr.o)
 .debug_loc     0x0000000000002e00      0x302 ../../../newlib/cortex-m/libc.a(lib_a-stdio.o)
 .debug_loc     0x0000000000003102       0xa5 ../../../newlib/cortex-m/libc.a(lib_a-writer.o)
 .debug_loc     0x00000000000031a7       0x4d ../../../newlib/cortex-m/libc.a(lib_a-closer.o)
 .debug_loc     0x00000000000031f4       0x79 ../../../newlib/cortex-m/libc.a(lib_a-fstatr.o)
 .debug_loc     0x000000000000326d      0x5f2 ../../../newlib/cortex-m/libc.a(lib_a-fvwrite.o)
 .debug_loc     0x000000000000385f       0x4d ../../../newlib/cortex-m/libc.a(lib_a-isattyr.o)
 .debug_loc     0x00000000000038ac       0xa5 ../../../newlib/cortex-m/libc.a(lib_a-lseekr.o)
 .debug_loc     0x0000000000003951       0xb4 ../../../newlib/cortex-m/libc.a(lib_a-memchr-stub.o)
 .debug_loc     0x0000000000003a05       0xe7 ../../../newlib/cortex-m/libc.a(lib_a-memmove.o)
 .debug_loc     0x0000000000003aec      0x13c ../../../newlib/cortex-m/libc.a(lib_a-nano-reallocr.o)
 .debug_loc     0x0000000000003c28      0x5bb ../../../newlib/cortex-m/libc.a(lib_a-nano-vfprintf_i.o)
 .debug_loc     0x00000000000041e3       0xa5 ../../../newlib/cortex-m/libc.a(lib_a-readr.o)
 .debug_loc     0x0000000000004288       0xcb ../../../newlib/cortex-m/libc.a(lib_a-reent.o)
 .debug_loc     0x0000000000004353       0x7d ../../../newlib/cortex-m/libc.a(lib_a-nano-msizer.o)
 .debug_loc     0x00000000000043d0      0x26a ../../../libtock/build/cortex-m0/libtock.a(sys.o)
 .debug_loc     0x000000000000463a      0x72c ../../../libtock/build/cortex-m0/libtock.a(console.o)
 .debug_loc     0x0000000000004d66       0x58 ../../../newlib/cortex-m/libc.a(lib_a-malloc.o)
 .debug_loc     0x0000000000004dbe      0x10f ../../../newlib/cortex-m/libc.a(lib_a-strncpy.o)

.debug_aranges  0x0000000000000000      0x868
 .debug_aranges
                0x0000000000000000       0x28 build/cortex-m0/main.o
 .debug_aranges
                0x0000000000000028       0x70 ../../../libtock/build/cortex-m0/libtock.a(alarm_timer.o)
 .debug_aranges
                0x0000000000000098       0x28 ../../../libtock/build/cortex-m0/libtock.a(crt0.o)
 .debug_aranges
                0x00000000000000c0       0x68 ../../../libtock/build/cortex-m0/libtock.a(gpio.o)
 .debug_aranges
                0x0000000000000128       0xa8 ../../../libtock/build/cortex-m0/libtock.a(tock.o)
 .debug_aranges
                0x00000000000001d0       0x38 ../../../libtock/build/cortex-m0/libtock.a(alarm_internal.o)
 .debug_aranges
                0x0000000000000208       0x20 ../../../newlib/cortex-m/libc.a(lib_a-exit.o)
 .debug_aranges
                0x0000000000000228       0x18 ../../../newlib/cortex-m/libc.a(lib_a-impure.o)
 .debug_aranges
                0x0000000000000240       0x20 ../../../newlib/cortex-m/libc.a(lib_a-memcpy-stub.o)
 .debug_aranges
                0x0000000000000260       0x20 ../../../newlib/cortex-m/libc.a(lib_a-memset.o)
 .debug_aranges
                0x0000000000000280       0x28 ../../../newlib/cortex-m/libc.a(lib_a-printf.o)
 .debug_aranges
                0x00000000000002a8       0x28 ../../../newlib/cortex-m/libc.a(lib_a-puts.o)
 .debug_aranges
                0x00000000000002d0       0x28 ../../../newlib/cortex-m/libc.a(lib_a-wbuf.o)
 .debug_aranges
                0x00000000000002f8       0x20 ../../../newlib/cortex-m/libc.a(lib_a-wsetup.o)
 .debug_aranges
                0x0000000000000318       0x30 ../../../newlib/cortex-m/libc.a(lib_a-fflush.o)
 .debug_aranges
                0x0000000000000348       0x68 ../../../newlib/cortex-m/libc.a(lib_a-findfp.o)
 .debug_aranges
                0x00000000000003b0       0x28 ../../../newlib/cortex-m/libc.a(lib_a-fwalk.o)
 .debug_aranges
                0x00000000000003d8       0x28 ../../../newlib/cortex-m/libc.a(lib_a-makebuf.o)
 .debug_aranges
                0x0000000000000400       0x20 ../../../newlib/cortex-m/libc.a(lib_a-nano-freer.o)
 .debug_aranges
                0x0000000000000420       0x20 ../../../newlib/cortex-m/libc.a(lib_a-nano-mallocr.o)
 .debug_aranges
                0x0000000000000440       0x40 ../../../newlib/cortex-m/libc.a(lib_a-nano-vfprintf.o)
 .debug_aranges
                0x0000000000000480       0x20 ../../../newlib/cortex-m/libc.a(lib_a-sbrkr.o)
 .debug_aranges
                0x00000000000004a0       0x40 ../../../newlib/cortex-m/libc.a(lib_a-stdio.o)
 .debug_aranges
                0x00000000000004e0       0x20 ../../../newlib/cortex-m/libc.a(lib_a-writer.o)
 .debug_aranges
                0x0000000000000500       0x20 ../../../newlib/cortex-m/libc.a(lib_a-closer.o)
 .debug_aranges
                0x0000000000000520       0x20 ../../../newlib/cortex-m/libc.a(lib_a-fstatr.o)
 .debug_aranges
                0x0000000000000540       0x20 ../../../newlib/cortex-m/libc.a(lib_a-fvwrite.o)
 .debug_aranges
                0x0000000000000560       0x20 ../../../newlib/cortex-m/libc.a(lib_a-isattyr.o)
 .debug_aranges
                0x0000000000000580       0x20 ../../../newlib/cortex-m/libc.a(lib_a-lseekr.o)
 .debug_aranges
                0x00000000000005a0       0x20 ../../../newlib/cortex-m/libc.a(lib_a-memchr-stub.o)
 .debug_aranges
                0x00000000000005c0       0x20 ../../../newlib/cortex-m/libc.a(lib_a-memmove.o)
 .debug_aranges
                0x00000000000005e0       0x20 ../../../newlib/cortex-m/libc.a(lib_a-mlock.o)
 .debug_aranges
                0x0000000000000600       0x20 ../../../newlib/cortex-m/libc.a(lib_a-nano-reallocr.o)
 .debug_aranges
                0x0000000000000620       0x28 ../../../newlib/cortex-m/libc.a(lib_a-nano-vfprintf_i.o)
 .debug_aranges
                0x0000000000000648       0x20 ../../../newlib/cortex-m/libc.a(lib_a-readr.o)
 .debug_aranges
                0x0000000000000668       0x28 ../../../newlib/cortex-m/libc.a(lib_a-reent.o)
 .debug_aranges
                0x0000000000000690       0x20 ../../../newlib/cortex-m/libc.a(lib_a-nano-msizer.o)
 .debug_aranges
                0x00000000000006b0       0x20 ../../../libc++/cortex-m/libgcc.a(_thumb1_case_uqi.o)
 .debug_aranges
                0x00000000000006d0       0x20 ../../../libc++/cortex-m/libgcc.a(_udivsi3.o)
 .debug_aranges
                0x00000000000006f0       0x20 ../../../libc++/cortex-m/libgcc.a(_divsi3.o)
 .debug_aranges
                0x0000000000000710       0x20 ../../../libc++/cortex-m/libgcc.a(_dvmd_tls.o)
 .debug_aranges
                0x0000000000000730       0x78 ../../../libtock/build/cortex-m0/libtock.a(sys.o)
 .debug_aranges
                0x00000000000007a8       0x58 ../../../libtock/build/cortex-m0/libtock.a(console.o)
 .debug_aranges
                0x0000000000000800       0x20 ../../../newlib/cortex-m/libc.a(lib_a-errno.o)
 .debug_aranges
                0x0000000000000820       0x28 ../../../newlib/cortex-m/libc.a(lib_a-malloc.o)
 .debug_aranges
                0x0000000000000848       0x20 ../../../newlib/cortex-m/libc.a(lib_a-strncpy.o)

.debug_ranges   0x0000000000000000      0x908
 .debug_ranges  0x0000000000000000       0x48 build/cortex-m0/main.o
 .debug_ranges  0x0000000000000048      0x110 ../../../libtock/build/cortex-m0/libtock.a(alarm_timer.o)
 .debug_ranges  0x0000000000000158       0x78 ../../../libtock/build/cortex-m0/libtock.a(crt0.o)
 .debug_ranges  0x00000000000001d0       0x58 ../../../libtock/build/cortex-m0/libtock.a(gpio.o)
 .debug_ranges  0x0000000000000228       0x98 ../../../libtock/build/cortex-m0/libtock.a(tock.o)
 .debug_ranges  0x00000000000002c0       0x28 ../../../libtock/build/cortex-m0/libtock.a(alarm_internal.o)
 .debug_ranges  0x00000000000002e8       0x10 ../../../newlib/cortex-m/libc.a(lib_a-exit.o)
 .debug_ranges  0x00000000000002f8       0x10 ../../../newlib/cortex-m/libc.a(lib_a-memcpy-stub.o)
 .debug_ranges  0x0000000000000308       0x10 ../../../newlib/cortex-m/libc.a(lib_a-memset.o)
 .debug_ranges  0x0000000000000318       0x18 ../../../newlib/cortex-m/libc.a(lib_a-printf.o)
 .debug_ranges  0x0000000000000330       0x70 ../../../newlib/cortex-m/libc.a(lib_a-puts.o)
 .debug_ranges  0x00000000000003a0       0x30 ../../../newlib/cortex-m/libc.a(lib_a-wbuf.o)
 .debug_ranges  0x00000000000003d0       0x40 ../../../newlib/cortex-m/libc.a(lib_a-wsetup.o)
 .debug_ranges  0x0000000000000410       0x68 ../../../newlib/cortex-m/libc.a(lib_a-fflush.o)
 .debug_ranges  0x0000000000000478       0x58 ../../../newlib/cortex-m/libc.a(lib_a-findfp.o)
 .debug_ranges  0x00000000000004d0       0x18 ../../../newlib/cortex-m/libc.a(lib_a-fwalk.o)
 .debug_ranges  0x00000000000004e8       0x30 ../../../newlib/cortex-m/libc.a(lib_a-makebuf.o)
 .debug_ranges  0x0000000000000518       0x28 ../../../newlib/cortex-m/libc.a(lib_a-nano-freer.o)
 .debug_ranges  0x0000000000000540       0x60 ../../../newlib/cortex-m/libc.a(lib_a-nano-mallocr.o)
 .debug_ranges  0x00000000000005a0       0x48 ../../../newlib/cortex-m/libc.a(lib_a-nano-vfprintf.o)
 .debug_ranges  0x00000000000005e8       0x10 ../../../newlib/cortex-m/libc.a(lib_a-sbrkr.o)
 .debug_ranges  0x00000000000005f8       0x30 ../../../newlib/cortex-m/libc.a(lib_a-stdio.o)
 .debug_ranges  0x0000000000000628       0x10 ../../../newlib/cortex-m/libc.a(lib_a-writer.o)
 .debug_ranges  0x0000000000000638       0x28 ../../../newlib/cortex-m/libc.a(lib_a-closer.o)
 .debug_ranges  0x0000000000000660       0x28 ../../../newlib/cortex-m/libc.a(lib_a-fstatr.o)
 .debug_ranges  0x0000000000000688       0x30 ../../../newlib/cortex-m/libc.a(lib_a-fvwrite.o)
 .debug_ranges  0x00000000000006b8       0x28 ../../../newlib/cortex-m/libc.a(lib_a-isattyr.o)
 .debug_ranges  0x00000000000006e0       0x10 ../../../newlib/cortex-m/libc.a(lib_a-lseekr.o)
 .debug_ranges  0x00000000000006f0       0x10 ../../../newlib/cortex-m/libc.a(lib_a-memchr-stub.o)
 .debug_ranges  0x0000000000000700       0x10 ../../../newlib/cortex-m/libc.a(lib_a-memmove.o)
 .debug_ranges  0x0000000000000710       0x10 ../../../newlib/cortex-m/libc.a(lib_a-mlock.o)
 .debug_ranges  0x0000000000000720       0x10 ../../../newlib/cortex-m/libc.a(lib_a-nano-reallocr.o)
 .debug_ranges  0x0000000000000730       0x88 ../../../newlib/cortex-m/libc.a(lib_a-nano-vfprintf_i.o)
 .debug_ranges  0x00000000000007b8       0x10 ../../../newlib/cortex-m/libc.a(lib_a-readr.o)
 .debug_ranges  0x00000000000007c8       0x48 ../../../newlib/cortex-m/libc.a(lib_a-reent.o)
 .debug_ranges  0x0000000000000810       0x10 ../../../newlib/cortex-m/libc.a(lib_a-nano-msizer.o)
 .debug_ranges  0x0000000000000820       0x68 ../../../libtock/build/cortex-m0/libtock.a(sys.o)
 .debug_ranges  0x0000000000000888       0x48 ../../../libtock/build/cortex-m0/libtock.a(console.o)
 .debug_ranges  0x00000000000008d0       0x10 ../../../newlib/cortex-m/libc.a(lib_a-errno.o)
 .debug_ranges  0x00000000000008e0       0x18 ../../../newlib/cortex-m/libc.a(lib_a-malloc.o)
 .debug_ranges  0x00000000000008f8       0x10 ../../../newlib/cortex-m/libc.a(lib_a-strncpy.o)

.debug_line     0x0000000000000000     0x6607
 .debug_line    0x0000000000000000      0x2c2 build/cortex-m0/main.o
 .debug_line    0x00000000000002c2      0x6b7 ../../../libtock/build/cortex-m0/libtock.a(alarm_timer.o)
 .debug_line    0x0000000000000979      0x2c7 ../../../libtock/build/cortex-m0/libtock.a(crt0.o)
 .debug_line    0x0000000000000c40      0x2e9 ../../../libtock/build/cortex-m0/libtock.a(gpio.o)
 .debug_line    0x0000000000000f29      0x562 ../../../libtock/build/cortex-m0/libtock.a(tock.o)
 .debug_line    0x000000000000148b      0x245 ../../../libtock/build/cortex-m0/libtock.a(alarm_internal.o)
 .debug_line    0x00000000000016d0      0x1a4 ../../../newlib/cortex-m/libc.a(lib_a-exit.o)
 .debug_line    0x0000000000001874      0x119 ../../../newlib/cortex-m/libc.a(lib_a-impure.o)
 .debug_line    0x000000000000198d      0x1b1 ../../../newlib/cortex-m/libc.a(lib_a-memcpy-stub.o)
 .debug_line    0x0000000000001b3e      0x216 ../../../newlib/cortex-m/libc.a(lib_a-memset.o)
 .debug_line    0x0000000000001d54      0x205 ../../../newlib/cortex-m/libc.a(lib_a-printf.o)
 .debug_line    0x0000000000001f59      0x264 ../../../newlib/cortex-m/libc.a(lib_a-puts.o)
 .debug_line    0x00000000000021bd      0x241 ../../../newlib/cortex-m/libc.a(lib_a-wbuf.o)
 .debug_line    0x00000000000023fe      0x234 ../../../newlib/cortex-m/libc.a(lib_a-wsetup.o)
 .debug_line    0x0000000000002632      0x2b2 ../../../newlib/cortex-m/libc.a(lib_a-fflush.o)
 .debug_line    0x00000000000028e4      0x303 ../../../newlib/cortex-m/libc.a(lib_a-findfp.o)
 .debug_line    0x0000000000002be7      0x22b ../../../newlib/cortex-m/libc.a(lib_a-fwalk.o)
 .debug_line    0x0000000000002e12      0x2be ../../../newlib/cortex-m/libc.a(lib_a-makebuf.o)
 .debug_line    0x00000000000030d0      0x17a ../../../newlib/cortex-m/libc.a(lib_a-nano-freer.o)
 .debug_line    0x000000000000324a      0x1f3 ../../../newlib/cortex-m/libc.a(lib_a-nano-mallocr.o)
 .debug_line    0x000000000000343d      0x443 ../../../newlib/cortex-m/libc.a(lib_a-nano-vfprintf.o)
 .debug_line    0x0000000000003880      0x1ab ../../../newlib/cortex-m/libc.a(lib_a-sbrkr.o)
 .debug_line    0x0000000000003a2b      0x235 ../../../newlib/cortex-m/libc.a(lib_a-stdio.o)
 .debug_line    0x0000000000003c60      0x1a8 ../../../newlib/cortex-m/libc.a(lib_a-writer.o)
 .debug_line    0x0000000000003e08      0x1ac ../../../newlib/cortex-m/libc.a(lib_a-closer.o)
 .debug_line    0x0000000000003fb4      0x24f ../../../newlib/cortex-m/libc.a(lib_a-fstatr.o)
 .debug_line    0x0000000000004203      0x2c3 ../../../newlib/cortex-m/libc.a(lib_a-fvwrite.o)
 .debug_line    0x00000000000044c6      0x1ad ../../../newlib/cortex-m/libc.a(lib_a-isattyr.o)
 .debug_line    0x0000000000004673      0x1a8 ../../../newlib/cortex-m/libc.a(lib_a-lseekr.o)
 .debug_line    0x000000000000481b      0x1b1 ../../../newlib/cortex-m/libc.a(lib_a-memchr-stub.o)
 .debug_line    0x00000000000049cc      0x226 ../../../newlib/cortex-m/libc.a(lib_a-memmove.o)
 .debug_line    0x0000000000004bf2      0x129 ../../../newlib/cortex-m/libc.a(lib_a-mlock.o)
 .debug_line    0x0000000000004d1b      0x1b9 ../../../newlib/cortex-m/libc.a(lib_a-nano-reallocr.o)
 .debug_line    0x0000000000004ed4      0x439 ../../../newlib/cortex-m/libc.a(lib_a-nano-vfprintf_i.o)
 .debug_line    0x000000000000530d      0x1a7 ../../../newlib/cortex-m/libc.a(lib_a-readr.o)
 .debug_line    0x00000000000054b4      0x1d5 ../../../newlib/cortex-m/libc.a(lib_a-reent.o)
 .debug_line    0x0000000000005689      0x13f ../../../newlib/cortex-m/libc.a(lib_a-nano-msizer.o)
 .debug_line    0x00000000000057c8       0x69 ../../../libc++/cortex-m/libgcc.a(_thumb1_case_uqi.o)
 .debug_line    0x0000000000005831       0x78 ../../../libc++/cortex-m/libgcc.a(_udivsi3.o)
 .debug_line    0x00000000000058a9       0x86 ../../../libc++/cortex-m/libgcc.a(_divsi3.o)
 .debug_line    0x000000000000592f       0x61 ../../../libc++/cortex-m/libgcc.a(_dvmd_tls.o)
 .debug_line    0x0000000000005990      0x3a6 ../../../libtock/build/cortex-m0/libtock.a(sys.o)
 .debug_line    0x0000000000005d36      0x43c ../../../libtock/build/cortex-m0/libtock.a(console.o)
 .debug_line    0x0000000000006172      0x136 ../../../newlib/cortex-m/libc.a(lib_a-errno.o)
 .debug_line    0x00000000000062a8      0x1be ../../../newlib/cortex-m/libc.a(lib_a-malloc.o)
 .debug_line    0x0000000000006466      0x1a1 ../../../newlib/cortex-m/libc.a(lib_a-strncpy.o)

.debug_str      0x0000000000000000     0x24e1
 .debug_str     0x0000000000000000      0x696 build/cortex-m0/main.o
                                        0x7a7 (size before relaxing)
 .debug_str     0x0000000000000696      0x19f ../../../libtock/build/cortex-m0/libtock.a(alarm_timer.o)
                                        0x80c (size before relaxing)
 .debug_str     0x0000000000000835       0xf2 ../../../libtock/build/cortex-m0/libtock.a(crt0.o)
                                        0x733 (size before relaxing)
 .debug_str     0x0000000000000927       0xef ../../../libtock/build/cortex-m0/libtock.a(gpio.o)
                                        0x77b (size before relaxing)
 .debug_str     0x0000000000000a16      0x1ae ../../../libtock/build/cortex-m0/libtock.a(tock.o)
                                        0x854 (size before relaxing)
 .debug_str     0x0000000000000bc4       0x41 ../../../libtock/build/cortex-m0/libtock.a(alarm_internal.o)
                                        0x6bf (size before relaxing)
 .debug_str     0x0000000000000c05      0x21d ../../../newlib/cortex-m/libc.a(lib_a-exit.o)
                                        0x67f (size before relaxing)
 .debug_str     0x0000000000000e22       0xc3 ../../../newlib/cortex-m/libc.a(lib_a-impure.o)
                                        0x633 (size before relaxing)
 .debug_str     0x0000000000000ee5       0xdf ../../../newlib/cortex-m/libc.a(lib_a-memcpy-stub.o)
                                        0x65d (size before relaxing)
 .debug_str     0x0000000000000fc4      0x324 ../../../newlib/cortex-m/libc.a(lib_a-memset.o)
                                        0x94c (size before relaxing)
 .debug_str     0x00000000000012e8      0x1ed ../../../newlib/cortex-m/libc.a(lib_a-printf.o)
                                        0x7ad (size before relaxing)
 .debug_str     0x00000000000014d5       0x79 ../../../newlib/cortex-m/libc.a(lib_a-puts.o)
                                        0x7b6 (size before relaxing)
 .debug_str     0x000000000000154e       0x6a ../../../newlib/cortex-m/libc.a(lib_a-wbuf.o)
                                        0x7bc (size before relaxing)
 .debug_str     0x00000000000015b8       0x58 ../../../newlib/cortex-m/libc.a(lib_a-wsetup.o)
                                        0x7b7 (size before relaxing)
 .debug_str     0x0000000000001610       0x73 ../../../newlib/cortex-m/libc.a(lib_a-fflush.o)
                                        0x7e5 (size before relaxing)
 .debug_str     0x0000000000001683      0x162 ../../../newlib/cortex-m/libc.a(lib_a-findfp.o)
                                        0x8d7 (size before relaxing)
 .debug_str     0x00000000000017e5       0x51 ../../../newlib/cortex-m/libc.a(lib_a-fwalk.o)
                                        0x7a9 (size before relaxing)
 .debug_str     0x0000000000001836      0x16a ../../../newlib/cortex-m/libc.a(lib_a-makebuf.o)
                                        0x923 (size before relaxing)
 .debug_str     0x00000000000019a0      0x130 ../../../newlib/cortex-m/libc.a(lib_a-nano-freer.o)
                                        0x763 (size before relaxing)
 .debug_str     0x0000000000001ad0       0x32 ../../../newlib/cortex-m/libc.a(lib_a-nano-mallocr.o)
                                        0x77a (size before relaxing)
 .debug_str     0x0000000000001b02      0x1ad ../../../newlib/cortex-m/libc.a(lib_a-nano-vfprintf.o)
                                        0xc94 (size before relaxing)
 .debug_str     0x0000000000001caf       0x57 ../../../newlib/cortex-m/libc.a(lib_a-sbrkr.o)
                                        0x676 (size before relaxing)
 .debug_str     0x0000000000001d06       0xa2 ../../../newlib/cortex-m/libc.a(lib_a-stdio.o)
                                        0x7fd (size before relaxing)
 .debug_str     0x0000000000001da8       0x43 ../../../newlib/cortex-m/libc.a(lib_a-writer.o)
                                        0x673 (size before relaxing)
 .debug_str     0x0000000000001deb       0x43 ../../../newlib/cortex-m/libc.a(lib_a-closer.o)
                                        0x663 (size before relaxing)
 .debug_str     0x0000000000001e2e       0x50 ../../../newlib/cortex-m/libc.a(lib_a-fstatr.o)
                                        0x7ca (size before relaxing)
 .debug_str     0x0000000000001e7e       0x75 ../../../newlib/cortex-m/libc.a(lib_a-fvwrite.o)
                                        0x836 (size before relaxing)
 .debug_str     0x0000000000001ef3       0x4c ../../../newlib/cortex-m/libc.a(lib_a-isattyr.o)
                                        0x66d (size before relaxing)
 .debug_str     0x0000000000001f3f       0x4a ../../../newlib/cortex-m/libc.a(lib_a-lseekr.o)
                                        0x671 (size before relaxing)
 .debug_str     0x0000000000001f89       0x61 ../../../newlib/cortex-m/libc.a(lib_a-memchr-stub.o)
                                        0x659 (size before relaxing)
 .debug_str     0x0000000000001fea       0x4e ../../../newlib/cortex-m/libc.a(lib_a-memmove.o)
                                        0x967 (size before relaxing)
 .debug_str     0x0000000000002038       0x5c ../../../newlib/cortex-m/libc.a(lib_a-mlock.o)
                                        0x65f (size before relaxing)
 .debug_str     0x0000000000002094       0x23 ../../../newlib/cortex-m/libc.a(lib_a-nano-reallocr.o)
                                        0x760 (size before relaxing)
 .debug_str     0x00000000000020b7       0xa4 ../../../newlib/cortex-m/libc.a(lib_a-nano-vfprintf_i.o)
                                        0xc1a (size before relaxing)
 .debug_str     0x000000000000215b       0x42 ../../../newlib/cortex-m/libc.a(lib_a-readr.o)
                                        0x671 (size before relaxing)
 .debug_str     0x000000000000219d       0x6e ../../../newlib/cortex-m/libc.a(lib_a-reent.o)
                                        0x66f (size before relaxing)
 .debug_str     0x000000000000220b        0xf ../../../newlib/cortex-m/libc.a(lib_a-nano-msizer.o)
                                        0x73e (size before relaxing)
 .debug_str     0x000000000000221a       0x84 ../../../libtock/build/cortex-m0/libtock.a(sys.o)
                                        0x848 (size before relaxing)
 .debug_str     0x000000000000229e       0xec ../../../libtock/build/cortex-m0/libtock.a(console.o)
                                        0x75d (size before relaxing)
 .debug_str     0x000000000000238a       0xb6 ../../../newlib/cortex-m/libc.a(lib_a-errno.o)
                                        0x645 (size before relaxing)
 .debug_str     0x0000000000002440       0x50 ../../../newlib/cortex-m/libc.a(lib_a-malloc.o)
                                        0x664 (size before relaxing)
 .debug_str     0x0000000000002490       0x51 ../../../newlib/cortex-m/libc.a(lib_a-strncpy.o)
                                        0x655 (size before relaxing)

.debug_frame    0x0000000000000000     0x10b4
 .debug_frame   0x0000000000000000       0x50 build/cortex-m0/main.o
 .debug_frame   0x0000000000000050      0x17c ../../../libtock/build/cortex-m0/libtock.a(alarm_timer.o)
 .debug_frame   0x00000000000001cc       0x40 ../../../libtock/build/cortex-m0/libtock.a(crt0.o)
 .debug_frame   0x000000000000020c      0x100 ../../../libtock/build/cortex-m0/libtock.a(gpio.o)
 .debug_frame   0x000000000000030c      0x1cc ../../../libtock/build/cortex-m0/libtock.a(tock.o)
 .debug_frame   0x00000000000004d8       0x70 ../../../libtock/build/cortex-m0/libtock.a(alarm_internal.o)
 .debug_frame   0x0000000000000548       0x34 ../../../newlib/cortex-m/libc.a(lib_a-exit.o)
 .debug_frame   0x000000000000057c       0x28 ../../../newlib/cortex-m/libc.a(lib_a-memcpy-stub.o)
 .debug_frame   0x00000000000005a4       0x20 ../../../newlib/cortex-m/libc.a(lib_a-memset.o)
 .debug_frame   0x00000000000005c4       0x54 ../../../newlib/cortex-m/libc.a(lib_a-printf.o)
 .debug_frame   0x0000000000000618       0x50 ../../../newlib/cortex-m/libc.a(lib_a-puts.o)
 .debug_frame   0x0000000000000668       0x50 ../../../newlib/cortex-m/libc.a(lib_a-wbuf.o)
 .debug_frame   0x00000000000006b8       0x38 ../../../newlib/cortex-m/libc.a(lib_a-wsetup.o)
 .debug_frame   0x00000000000006f0       0x70 ../../../newlib/cortex-m/libc.a(lib_a-fflush.o)
 .debug_frame   0x0000000000000760      0x168 ../../../newlib/cortex-m/libc.a(lib_a-findfp.o)
 .debug_frame   0x00000000000008c8       0x50 ../../../newlib/cortex-m/libc.a(lib_a-fwalk.o)
 .debug_frame   0x0000000000000918       0x58 ../../../newlib/cortex-m/libc.a(lib_a-makebuf.o)
 .debug_frame   0x0000000000000970       0x30 ../../../newlib/cortex-m/libc.a(lib_a-nano-freer.o)
 .debug_frame   0x00000000000009a0       0x34 ../../../newlib/cortex-m/libc.a(lib_a-nano-mallocr.o)
 .debug_frame   0x00000000000009d4       0xa8 ../../../newlib/cortex-m/libc.a(lib_a-nano-vfprintf.o)
 .debug_frame   0x0000000000000a7c       0x30 ../../../newlib/cortex-m/libc.a(lib_a-sbrkr.o)
 .debug_frame   0x0000000000000aac       0x90 ../../../newlib/cortex-m/libc.a(lib_a-stdio.o)
 .debug_frame   0x0000000000000b3c       0x30 ../../../newlib/cortex-m/libc.a(lib_a-writer.o)
 .debug_frame   0x0000000000000b6c       0x30 ../../../newlib/cortex-m/libc.a(lib_a-closer.o)
 .debug_frame   0x0000000000000b9c       0x30 ../../../newlib/cortex-m/libc.a(lib_a-fstatr.o)
 .debug_frame   0x0000000000000bcc       0x30 ../../../newlib/cortex-m/libc.a(lib_a-fvwrite.o)
 .debug_frame   0x0000000000000bfc       0x30 ../../../newlib/cortex-m/libc.a(lib_a-isattyr.o)
 .debug_frame   0x0000000000000c2c       0x30 ../../../newlib/cortex-m/libc.a(lib_a-lseekr.o)
 .debug_frame   0x0000000000000c5c       0x20 ../../../newlib/cortex-m/libc.a(lib_a-memchr-stub.o)
 .debug_frame   0x0000000000000c7c       0x28 ../../../newlib/cortex-m/libc.a(lib_a-memmove.o)
 .debug_frame   0x0000000000000ca4       0x30 ../../../newlib/cortex-m/libc.a(lib_a-mlock.o)
 .debug_frame   0x0000000000000cd4       0x30 ../../../newlib/cortex-m/libc.a(lib_a-nano-reallocr.o)
 .debug_frame   0x0000000000000d04       0x58 ../../../newlib/cortex-m/libc.a(lib_a-nano-vfprintf_i.o)
 .debug_frame   0x0000000000000d5c       0x30 ../../../newlib/cortex-m/libc.a(lib_a-readr.o)
 .debug_frame   0x0000000000000d8c       0x50 ../../../newlib/cortex-m/libc.a(lib_a-reent.o)
 .debug_frame   0x0000000000000ddc       0x20 ../../../newlib/cortex-m/libc.a(lib_a-nano-msizer.o)
 .debug_frame   0x0000000000000dfc       0x20 ../../../libc++/cortex-m/libgcc.a(_udivsi3.o)
 .debug_frame   0x0000000000000e1c       0x20 ../../../libc++/cortex-m/libgcc.a(_divsi3.o)
 .debug_frame   0x0000000000000e3c       0xe4 ../../../libtock/build/cortex-m0/libtock.a(sys.o)
 .debug_frame   0x0000000000000f20       0xfc ../../../libtock/build/cortex-m0/libtock.a(console.o)
 .debug_frame   0x000000000000101c       0x2c ../../../newlib/cortex-m/libc.a(lib_a-errno.o)
 .debug_frame   0x0000000000001048       0x40 ../../../newlib/cortex-m/libc.a(lib_a-malloc.o)
 .debug_frame   0x0000000000001088       0x2c ../../../newlib/cortex-m/libc.a(lib_a-strncpy.o)
